Archive member included to satisfy reference by file (symbol)

/home/diederik/bin/gcc-arm-none-eabi-5_3-2016q1/bin/../lib/gcc/arm-none-eabi/5.3.1/../../../../arm-none-eabi/lib/armv7e-m/fpu/libc_nano.a(lib_a-exit.o)
                              /home/diederik/bin/gcc-arm-none-eabi-5_3-2016q1/bin/../lib/gcc/arm-none-eabi/5.3.1/../../../../arm-none-eabi/lib/armv7e-m/fpu/crt0.o (exit)
/home/diederik/bin/gcc-arm-none-eabi-5_3-2016q1/bin/../lib/gcc/arm-none-eabi/5.3.1/../../../../arm-none-eabi/lib/armv7e-m/fpu/libc_nano.a(lib_a-impure.o)
                              /home/diederik/bin/gcc-arm-none-eabi-5_3-2016q1/bin/../lib/gcc/arm-none-eabi/5.3.1/../../../../arm-none-eabi/lib/armv7e-m/fpu/libc_nano.a(lib_a-exit.o) (_global_impure_ptr)
/home/diederik/bin/gcc-arm-none-eabi-5_3-2016q1/bin/../lib/gcc/arm-none-eabi/5.3.1/../../../../arm-none-eabi/lib/armv7e-m/fpu/libc_nano.a(lib_a-init.o)
                              /home/diederik/bin/gcc-arm-none-eabi-5_3-2016q1/bin/../lib/gcc/arm-none-eabi/5.3.1/../../../../arm-none-eabi/lib/armv7e-m/fpu/crt0.o (__libc_init_array)
/home/diederik/bin/gcc-arm-none-eabi-5_3-2016q1/bin/../lib/gcc/arm-none-eabi/5.3.1/../../../../arm-none-eabi/lib/armv7e-m/fpu/libc_nano.a(lib_a-memset.o)
                              /home/diederik/bin/gcc-arm-none-eabi-5_3-2016q1/bin/../lib/gcc/arm-none-eabi/5.3.1/../../../../arm-none-eabi/lib/armv7e-m/fpu/crt0.o (memset)
/home/diederik/bin/gcc-arm-none-eabi-5_3-2016q1/bin/../lib/gcc/arm-none-eabi/5.3.1/../../../../arm-none-eabi/lib/armv7e-m/fpu/libnosys.a(_exit.o)
                              /home/diederik/bin/gcc-arm-none-eabi-5_3-2016q1/bin/../lib/gcc/arm-none-eabi/5.3.1/../../../../arm-none-eabi/lib/armv7e-m/fpu/libc_nano.a(lib_a-exit.o) (_exit)
/home/diederik/bin/gcc-arm-none-eabi-5_3-2016q1/bin/../lib/gcc/arm-none-eabi/5.3.1/../../../../arm-none-eabi/lib/armv7e-m/fpu/libc_nano.a(lib_a-memcmp.o)
                              _build/nrf52832_xxaa_id_manager.c.o (memcmp)
/home/diederik/bin/gcc-arm-none-eabi-5_3-2016q1/bin/../lib/gcc/arm-none-eabi/5.3.1/../../../../arm-none-eabi/lib/armv7e-m/fpu/libc_nano.a(lib_a-memcpy-stub.o)
                              _build/nrf52832_xxaa_SEGGER_RTT.c.o (memcpy)
/home/diederik/bin/gcc-arm-none-eabi-5_3-2016q1/bin/../lib/gcc/arm-none-eabi/5.3.1/../../../../arm-none-eabi/lib/armv7e-m/fpu/libc_nano.a(lib_a-strcpy.o)
                              _build/nrf52832_xxaa_SEGGER_RTT.c.o (strcpy)
/home/diederik/bin/gcc-arm-none-eabi-5_3-2016q1/bin/../lib/gcc/arm-none-eabi/5.3.1/../../../../arm-none-eabi/lib/armv7e-m/fpu/libc_nano.a(lib_a-strlen.o)
                              _build/nrf52832_xxaa_main.c.o (strlen)

Allocating common symbols
Common symbol       size              file

nrf_nvic_state      0xc               _build/nrf52832_xxaa_app_util_platform.c.o
_SEGGER_RTT         0x78              _build/nrf52832_xxaa_SEGGER_RTT.c.o

Discarded input sections

 .text          0x00000000        0x0 /home/diederik/bin/gcc-arm-none-eabi-5_3-2016q1/bin/../lib/gcc/arm-none-eabi/5.3.1/armv7e-m/fpu/crti.o
 .data          0x00000000        0x0 /home/diederik/bin/gcc-arm-none-eabi-5_3-2016q1/bin/../lib/gcc/arm-none-eabi/5.3.1/armv7e-m/fpu/crti.o
 .bss           0x00000000        0x0 /home/diederik/bin/gcc-arm-none-eabi-5_3-2016q1/bin/../lib/gcc/arm-none-eabi/5.3.1/armv7e-m/fpu/crti.o
 .data          0x00000000        0x4 /home/diederik/bin/gcc-arm-none-eabi-5_3-2016q1/bin/../lib/gcc/arm-none-eabi/5.3.1/armv7e-m/fpu/crtbegin.o
 .data          0x00000000        0x0 /home/diederik/bin/gcc-arm-none-eabi-5_3-2016q1/bin/../lib/gcc/arm-none-eabi/5.3.1/../../../../arm-none-eabi/lib/armv7e-m/fpu/crt0.o
 .bss           0x00000000        0x0 /home/diederik/bin/gcc-arm-none-eabi-5_3-2016q1/bin/../lib/gcc/arm-none-eabi/5.3.1/../../../../arm-none-eabi/lib/armv7e-m/fpu/crt0.o
 .ARM.extab     0x00000000        0x0 /home/diederik/bin/gcc-arm-none-eabi-5_3-2016q1/bin/../lib/gcc/arm-none-eabi/5.3.1/../../../../arm-none-eabi/lib/armv7e-m/fpu/crt0.o
 .text          0x00000000        0x0 /home/diederik/bin/gcc-arm-none-eabi-5_3-2016q1/bin/../lib/gcc/arm-none-eabi/5.3.1/../../../../arm-none-eabi/lib/armv7e-m/fpu/libc_nano.a(lib_a-exit.o)
 .data          0x00000000        0x0 /home/diederik/bin/gcc-arm-none-eabi-5_3-2016q1/bin/../lib/gcc/arm-none-eabi/5.3.1/../../../../arm-none-eabi/lib/armv7e-m/fpu/libc_nano.a(lib_a-exit.o)
 .bss           0x00000000        0x0 /home/diederik/bin/gcc-arm-none-eabi-5_3-2016q1/bin/../lib/gcc/arm-none-eabi/5.3.1/../../../../arm-none-eabi/lib/armv7e-m/fpu/libc_nano.a(lib_a-exit.o)
 .text          0x00000000        0x0 /home/diederik/bin/gcc-arm-none-eabi-5_3-2016q1/bin/../lib/gcc/arm-none-eabi/5.3.1/../../../../arm-none-eabi/lib/armv7e-m/fpu/libc_nano.a(lib_a-impure.o)
 .data          0x00000000        0x0 /home/diederik/bin/gcc-arm-none-eabi-5_3-2016q1/bin/../lib/gcc/arm-none-eabi/5.3.1/../../../../arm-none-eabi/lib/armv7e-m/fpu/libc_nano.a(lib_a-impure.o)
[...]
Memory Configuration

Name             Origin             Length             Attributes
FLASH            0x0001f000         0x00061000         xr
RAM              0x20002128         0x0000ded8         xrw
*default*        0x00000000         0xffffffff

Linker script and memory map


.text           0x0001f000     0xca7c
 *(.isr_vector)
 .isr_vector    0x0001f000      0x400 _build/nrf52832_xxaa_gcc_startup_nrf52.S.o
                0x0001f000                __isr_vector
 *(.text*)
 .text          0x0001f400       0x5c /home/diederik/bin/gcc-arm-none-eabi-5_3-2016q1/bin/../lib/gcc/arm-none-eabi/5.3.1/armv7e-m/fpu/crtbegin.o
 .text          0x0001f45c       0x74 /home/diederik/bin/gcc-arm-none-eabi-5_3-2016q1/bin/../lib/gcc/arm-none-eabi/5.3.1/../../../../arm-none-eabi/lib/armv7e-m/fpu/crt0.o
                0x0001f45c                _mainCRTStartup
                0x0001f45c                _start
 .text.exit     0x0001f4d0       0x28 /home/diederik/bin/gcc-arm-none-eabi-5_3-2016q1/bin/../lib/gcc/arm-none-eabi/5.3.1/../../../../arm-none-eabi/lib/armv7e-m/fpu/libc_nano.a(lib_a-exit.o)
                0x0001f4d0                exit
 .text.__libc_init_array
                0x0001f4f8       0x4c /home/diederik/bin/gcc-arm-none-eabi-5_3-2016q1/bin/../lib/gcc/arm-none-eabi/5.3.1/../../../../arm-none-eabi/lib/armv7e-m/fpu/libc_nano.a(lib_a-init.o)
                0x0001f4f8                __libc_init_array
 .text.memset   0x0001f544       0x10 /home/diederik/bin/gcc-arm-none-eabi-5_3-2016q1/bin/../lib/gcc/arm-none-eabi/5.3.1/../../../../arm-none-eabi/lib/armv7e-m/fpu/libc_nano.a(lib_a-memset.o)
                0x0001f544                memset
 .text._exit    0x0001f554        0x4 /home/diederik/bin/gcc-arm-none-eabi-5_3-2016q1/bin/../lib/gcc/arm-none-eabi/5.3.1/../../../../arm-none-eabi/lib/armv7e-m/fpu/libnosys.a(_exit.o)
                0x0001f554                _exit
 .text.detection_delay_timeout_handler
                0x0001f558       0xa8 _build/nrf52832_xxaa_app_button.c.o
 .text.gpiote_event_handler
                0x0001f600       0x5c _build/nrf52832_xxaa_app_button.c.o
 .text.app_button_init
                0x0001f65c       0xb0 _build/nrf52832_xxaa_app_button.c.o
                0x0001f65c                app_button_init
 .text.app_button_enable
                0x0001f70c       0x2c _build/nrf52832_xxaa_app_button.c.o
                0x0001f70c                app_button_enable
 .text.app_error_handler_bare
                0x0001f738       0x20 _build/nrf52832_xxaa_app_error.c.o
                0x0001f738                app_error_handler_bare
 .text.app_error_fault_handler
                0x0001f758       0x24 _build/nrf52832_xxaa_app_error_weak.c.o
                0x0001f758                app_error_fault_handler
 .text.RTC1_IRQHandler
                0x0001f77c       0xc4 _build/nrf52832_xxaa_app_timer.c.o
                0x0001f77c                RTC1_IRQHandler
 .text.SWI0_EGU0_IRQHandler
                0x0001f840      0x660 _build/nrf52832_xxaa_app_timer.c.o
                0x0001f840                SWI0_EGU0_IRQHandler
 .text.app_timer_init
                0x0001fea0      0x1c0 _build/nrf52832_xxaa_app_timer.c.o
                0x0001fea0                app_timer_init
 .text.app_timer_create
                0x00020060       0x24 _build/nrf52832_xxaa_app_timer.c.o
                0x00020060                app_timer_create
 .text.app_timer_start
                0x00020084       0xb0 _build/nrf52832_xxaa_app_timer.c.o
                0x00020084                app_timer_start
 .text.app_timer_stop
                0x00020134       0x7c _build/nrf52832_xxaa_app_timer.c.o
                0x00020134                app_timer_stop
 .text.app_util_critical_region_enter
                0x000201b0       0x50 _build/nrf52832_xxaa_app_util_platform.c.o
                0x000201b0                app_util_critical_region_enter
 .text.app_util_critical_region_exit
                0x00020200       0x30 _build/nrf52832_xxaa_app_util_platform.c.o
                0x00020200                app_util_critical_region_exit
 .text.gc_record_find_next
                0x00020230       0xc0 _build/nrf52832_xxaa_fds.c.o
 .text.record_find_by_desc
                0x000202f0       0xd8 _build/nrf52832_xxaa_fds.c.o
 .text.record_find.part.3
                0x000203c8       0xc0 _build/nrf52832_xxaa_fds.c.o
 .text.queue_process
                0x00020488      0x820 _build/nrf52832_xxaa_fds.c.o
 .text.fs_event_handler
                0x00020ca8        0x8 _build/nrf52832_xxaa_fds.c.o
 .text.write_enqueue.part.7
                0x00020cb0      0x1f4 _build/nrf52832_xxaa_fds.c.o
 .text.fds_register
                0x00020ea4       0x28 _build/nrf52832_xxaa_fds.c.o
                0x00020ea4                fds_register
 .text.fds_init
                0x00020ecc      0x314 _build/nrf52832_xxaa_fds.c.o
                0x00020ecc                fds_init
 .text.fds_record_open
                0x000211e0       0x48 _build/nrf52832_xxaa_fds.c.o
                0x000211e0                fds_record_open
 .text.fds_record_close
                0x00021228       0x48 _build/nrf52832_xxaa_fds.c.o
                0x00021228                fds_record_close
 .text.fds_reserve
                0x00021270       0x84 _build/nrf52832_xxaa_fds.c.o
                0x00021270                fds_reserve
 .text.fds_reserve_cancel
                0x000212f4       0x54 _build/nrf52832_xxaa_fds.c.o
                0x000212f4                fds_reserve_cancel
 .text.fds_record_write
                0x00021348       0x3c _build/nrf52832_xxaa_fds.c.o
                0x00021348                fds_record_write
 .text.fds_record_write_reserved
                0x00021384       0x3c _build/nrf52832_xxaa_fds.c.o
                0x00021384                fds_record_write_reserved
 .text.fds_record_update
                0x000213c0       0x40 _build/nrf52832_xxaa_fds.c.o
                0x000213c0                fds_record_update
 .text.fds_file_delete
                0x00021400       0x78 _build/nrf52832_xxaa_fds.c.o
                0x00021400                fds_file_delete
 .text.fds_gc   0x00021478       0x70 _build/nrf52832_xxaa_fds.c.o
                0x00021478                fds_gc
 .text.fds_record_find
                0x000214e8       0x38 _build/nrf52832_xxaa_fds.c.o
                0x000214e8                fds_record_find
 .text.fds_record_find_by_key
                0x00021520       0x3c _build/nrf52832_xxaa_fds.c.o
                0x00021520                fds_record_find_by_key
 .text.fds_record_find_in_file
                0x0002155c       0x3c _build/nrf52832_xxaa_fds.c.o
                0x0002155c                fds_record_find_in_file
 .text.fds_record_id_from_desc
                0x00021598       0x10 _build/nrf52832_xxaa_fds.c.o
                0x00021598                fds_record_id_from_desc
 .text.sd_flash_write
                0x000215a8        0x4 _build/nrf52832_xxaa_fstorage.c.o
 .text.sd_flash_page_erase
                0x000215ac        0x4 _build/nrf52832_xxaa_fstorage.c.o
 .text.unlikely.queue_get_next_free
                0x000215b0       0x38 _build/nrf52832_xxaa_fstorage.c.o
 .text.queue_process
                0x000215e8       0xcc _build/nrf52832_xxaa_fstorage.c.o
 .text.fs_init  0x000216b4       0xb8 _build/nrf52832_xxaa_fstorage.c.o
                0x000216b4                fs_init
 .text.fs_store
                0x0002176c       0xb0 _build/nrf52832_xxaa_fstorage.c.o
                0x0002176c                fs_store
 .text.fs_erase
                0x0002181c       0xa4 _build/nrf52832_xxaa_fstorage.c.o
                0x0002181c                fs_erase
 .text.fs_queued_op_count_get
                0x000218c0       0x14 _build/nrf52832_xxaa_fstorage.c.o
                0x000218c0                fs_queued_op_count_get
 .text.fs_sys_event_handler
                0x000218d4      0x2bc _build/nrf52832_xxaa_fstorage.c.o
                0x000218d4                fs_sys_event_handler
 .text.sdk_mapped_flags_first_key_index_get
                0x00021b90       0x48 _build/nrf52832_xxaa_sdk_mapped_flags.c.o
                0x00021b90                sdk_mapped_flags_first_key_index_get
 .text.sdk_mapped_flags_update_by_key
                0x00021bd8       0x7c _build/nrf52832_xxaa_sdk_mapped_flags.c.o
                0x00021bd8                sdk_mapped_flags_update_by_key
 .text.sdk_mapped_flags_bulk_update_by_key
                0x00021c54      0x210 _build/nrf52832_xxaa_sdk_mapped_flags.c.o
                0x00021c54                sdk_mapped_flags_bulk_update_by_key
 .text.sdk_mapped_flags_get_by_key
                0x00021e64       0x60 _build/nrf52832_xxaa_sdk_mapped_flags.c.o
                0x00021e64                sdk_mapped_flags_get_by_key
 .text.sdk_mapped_flags_key_list_get
                0x00021ec4       0x80 _build/nrf52832_xxaa_sdk_mapped_flags.c.o
                0x00021ec4                sdk_mapped_flags_key_list_get
 .text.POWER_CLOCK_IRQHandler
                0x00021f44       0x78 _build/nrf52832_xxaa_nrf_drv_clock.c.o
                0x00021f44                POWER_CLOCK_IRQHandler
 .text.nrf_drv_clock_on_soc_event
                0x00021fbc       0x20 _build/nrf52832_xxaa_nrf_drv_clock.c.o
                0x00021fbc                nrf_drv_clock_on_soc_event
 .text.nrf_drv_clock_on_sd_enable
                0x00021fdc       0x54 _build/nrf52832_xxaa_nrf_drv_clock.c.o
                0x00021fdc                nrf_drv_clock_on_sd_enable
 .text.nrf_drv_common_irq_enable
                0x00022030       0x50 _build/nrf52832_xxaa_nrf_drv_common.c.o
                0x00022030                nrf_drv_common_irq_enable
 .text.nrf_drv_gpiote_init
                0x00022080       0x84 _build/nrf52832_xxaa_nrf_drv_gpiote.c.o
                0x00022080                nrf_drv_gpiote_init
 .text.nrf_drv_gpiote_is_init
                0x00022104       0x14 _build/nrf52832_xxaa_nrf_drv_gpiote.c.o
                0x00022104                nrf_drv_gpiote_is_init
 .text.nrf_drv_gpiote_in_init
                0x00022118      0x190 _build/nrf52832_xxaa_nrf_drv_gpiote.c.o
                0x00022118                nrf_drv_gpiote_in_init
 .text.nrf_drv_gpiote_in_event_enable
                0x000222a8       0xc4 _build/nrf52832_xxaa_nrf_drv_gpiote.c.o
                0x000222a8                nrf_drv_gpiote_in_event_enable
 .text.nrf_drv_gpiote_in_is_set
                0x0002236c       0x14 _build/nrf52832_xxaa_nrf_drv_gpiote.c.o
                0x0002236c                nrf_drv_gpiote_in_is_set
 .text.GPIOTE_IRQHandler
                0x00022380      0x494 _build/nrf52832_xxaa_nrf_drv_gpiote.c.o
                0x00022380                GPIOTE_IRQHandler
 .text.UARTE0_UART0_IRQHandler
                0x00022814      0x2fc _build/nrf52832_xxaa_nrf_drv_uart.c.o
                0x00022814                UARTE0_UART0_IRQHandler
 .text.alert_timer_handler
                0x00022b10       0x1c _build/nrf52832_xxaa_bsp.c.o
 .text.bsp_button_event_handler
                0x00022b2c       0xc4 _build/nrf52832_xxaa_bsp.c.o
 .text.leds_timer_handler
                0x00022bf0      0x3b4 _build/nrf52832_xxaa_bsp.c.o
 .text.button_timer_handler
                0x00022fa4       0x44 _build/nrf52832_xxaa_bsp.c.o
 .text.bsp_button_is_pressed
                0x00022fe8       0x30 _build/nrf52832_xxaa_bsp.c.o
                0x00022fe8                bsp_button_is_pressed
 .text.bsp_indication_set
                0x00023018      0x408 _build/nrf52832_xxaa_bsp.c.o
                0x00023018                bsp_indication_set
 .text.bsp_init
                0x00023420       0xb8 _build/nrf52832_xxaa_bsp.c.o
                0x00023420                bsp_init
 .text.bsp_event_to_button_action_assign
                0x000234d8       0x50 _build/nrf52832_xxaa_bsp.c.o
                0x000234d8                bsp_event_to_button_action_assign
 .text.bsp_wakeup_buttons_set
                0x00023528       0x88 _build/nrf52832_xxaa_bsp.c.o
                0x00023528                bsp_wakeup_buttons_set
 .text.bsp_btn_ble_sleep_mode_prepare
                0x000235b0       0x14 _build/nrf52832_xxaa_bsp_btn_ble.c.o
                0x000235b0                bsp_btn_ble_sleep_mode_prepare
 .text.bsp_btn_ble_on_ble_evt
                0x000235c4       0xb0 _build/nrf52832_xxaa_bsp_btn_ble.c.o
                0x000235c4                bsp_btn_ble_on_ble_evt
 .text.bsp_btn_ble_init
                0x00023674       0x8c _build/nrf52832_xxaa_bsp_btn_ble.c.o
                0x00023674                bsp_btn_ble_init
 .text.sd_ble_gap_disconnect
                0x00023700        0x4 _build/nrf52832_xxaa_main.c.o
 .text.sd_ble_gap_ppcp_set
                0x00023704        0x4 _build/nrf52832_xxaa_main.c.o
 .text.sd_ble_gap_device_name_set
                0x00023708        0x4 _build/nrf52832_xxaa_main.c.o
 .text.sd_ble_gatts_exchange_mtu_reply
                0x0002370c        0x4 _build/nrf52832_xxaa_main.c.o
 .text.sd_power_system_off
                0x00023710        0x4 _build/nrf52832_xxaa_main.c.o
 .text.sd_app_evt_wait
                0x00023714        0x4 _build/nrf52832_xxaa_main.c.o
 .text.conn_params_error_handler
                0x00023718        0x4 _build/nrf52832_xxaa_main.c.o
 .text.sys_evt_dispatch
                0x0002371c       0x14 _build/nrf52832_xxaa_main.c.o
 .text.db_disc_handler
                0x00023730        0xc _build/nrf52832_xxaa_main.c.o
 .text.sec_req_timeout_handler
                0x0002373c       0x54 _build/nrf52832_xxaa_main.c.o
 .text.bsp_event_handler
                0x00023790      0x114 _build/nrf52832_xxaa_main.c.o
 .text.ble_evt_dispatch
                0x000238a4       0xf0 _build/nrf52832_xxaa_main.c.o
 .text.on_ans_c_evt
                0x00023994      0x150 _build/nrf52832_xxaa_main.c.o
 .text.alert_notification_error_handler
                0x00023ae4        0x4 _build/nrf52832_xxaa_main.c.o
 .text.pm_evt_handler
                0x00023ae8       0x98 _build/nrf52832_xxaa_main.c.o
 .text.on_adv_evt
                0x00023b80       0x5c _build/nrf52832_xxaa_main.c.o
 .text.startup.main
                0x00023bdc      0x2a0 _build/nrf52832_xxaa_main.c.o
                0x00023bdc                main
 .text.sd_ble_gap_addr_get
                0x00023e7c        0x4 _build/nrf52832_xxaa_ble_advdata.c.o
 .text.sd_ble_gap_adv_data_set
                0x00023e80        0x4 _build/nrf52832_xxaa_ble_advdata.c.o
 .text.sd_ble_gap_appearance_get
                0x00023e84        0x4 _build/nrf52832_xxaa_ble_advdata.c.o
 .text.sd_ble_gap_device_name_get
                0x00023e88        0x4 _build/nrf52832_xxaa_ble_advdata.c.o
 .text.sd_ble_uuid_encode
                0x00023e8c        0x4 _build/nrf52832_xxaa_ble_advdata.c.o
 .text.uuid_list_sized_encode
                0x00023e90       0xb8 _build/nrf52832_xxaa_ble_advdata.c.o
 .text.adv_data_encode
                0x00023f48      0x3f8 _build/nrf52832_xxaa_ble_advdata.c.o
                0x00023f48                adv_data_encode
 .text.ble_advdata_set
                0x00024340      0x4dc _build/nrf52832_xxaa_ble_advdata.c.o
                0x00024340                ble_advdata_set
 .text.sd_ble_gap_adv_start
                0x0002481c        0x4 _build/nrf52832_xxaa_ble_advertising.c.o
 .text.ble_advertising_start.part.1
                0x00024820      0x23c _build/nrf52832_xxaa_ble_advertising.c.o
 .text.ble_advertising_init
                0x00024a5c      0x178 _build/nrf52832_xxaa_ble_advertising.c.o
                0x00024a5c                ble_advertising_init
 .text.ble_advertising_start
                0x00024bd4       0x40 _build/nrf52832_xxaa_ble_advertising.c.o
                0x00024bd4                ble_advertising_start
 .text.ble_advertising_on_ble_evt
                0x00024c14       0xc0 _build/nrf52832_xxaa_ble_advertising.c.o
                0x00024c14                ble_advertising_on_ble_evt
 .text.ble_advertising_on_sys_evt
                0x00024cd4       0x60 _build/nrf52832_xxaa_ble_advertising.c.o
                0x00024cd4                ble_advertising_on_sys_evt
 .text.sd_ble_gap_conn_param_update
                0x00024d34        0x4 _build/nrf52832_xxaa_ble_conn_params.c.o
 .text.sd_ble_gap_disconnect
                0x00024d38        0x4 _build/nrf52832_xxaa_ble_conn_params.c.o
 .text.sd_ble_gap_ppcp_set
                0x00024d3c        0x4 _build/nrf52832_xxaa_ble_conn_params.c.o
 .text.sd_ble_gap_ppcp_get
                0x00024d40        0x4 _build/nrf52832_xxaa_ble_conn_params.c.o
 .text.update_timeout_handler
                0x00024d44       0x74 _build/nrf52832_xxaa_ble_conn_params.c.o
 .text.conn_params_negotiation
                0x00024db8       0x94 _build/nrf52832_xxaa_ble_conn_params.c.o
 .text.ble_conn_params_init
                0x00024e4c       0x74 _build/nrf52832_xxaa_ble_conn_params.c.o
                0x00024e4c                ble_conn_params_init
 .text.ble_conn_params_on_ble_evt
                0x00024ec0       0xb8 _build/nrf52832_xxaa_ble_conn_params.c.o
                0x00024ec0                ble_conn_params_on_ble_evt
 .text.ble_conn_state_on_ble_evt
                0x00024f78      0x114 _build/nrf52832_xxaa_ble_conn_state.c.o
                0x00024f78                ble_conn_state_on_ble_evt
 .text.ble_conn_state_role
                0x0002508c       0x2c _build/nrf52832_xxaa_ble_conn_state.c.o
                0x0002508c                ble_conn_state_role
 .text.ble_conn_state_status
                0x000250b8       0x2c _build/nrf52832_xxaa_ble_conn_state.c.o
                0x000250b8                ble_conn_state_status
 .text.ble_conn_state_encrypted
                0x000250e4       0x10 _build/nrf52832_xxaa_ble_conn_state.c.o
                0x000250e4                ble_conn_state_encrypted
 .text.ble_conn_state_mitm_protected
                0x000250f4       0x10 _build/nrf52832_xxaa_ble_conn_state.c.o
                0x000250f4                ble_conn_state_mitm_protected
 .text.ble_conn_state_conn_handles
                0x00025104       0x18 _build/nrf52832_xxaa_ble_conn_state.c.o
                0x00025104                ble_conn_state_conn_handles
 .text.ble_conn_state_user_flag_acquire
                0x0002511c       0x30 _build/nrf52832_xxaa_ble_conn_state.c.o
                0x0002511c                ble_conn_state_user_flag_acquire
 .text.ble_conn_state_user_flag_get
                0x0002514c       0x28 _build/nrf52832_xxaa_ble_conn_state.c.o
                0x0002514c                ble_conn_state_user_flag_get
 .text.ble_conn_state_user_flag_set
                0x00025174       0x28 _build/nrf52832_xxaa_ble_conn_state.c.o
                0x00025174                ble_conn_state_user_flag_set
 .text.ble_conn_state_user_flag_collection
                0x0002519c       0x18 _build/nrf52832_xxaa_ble_conn_state.c.o
                0x0002519c                ble_conn_state_user_flag_collection
 .text.sd_ble_gattc_primary_services_discover
                0x000251b4        0x4 _build/nrf52832_xxaa_ble_db_discovery.c.o
 .text.sd_ble_gattc_characteristics_discover
                0x000251b8        0x4 _build/nrf52832_xxaa_ble_db_discovery.c.o
 .text.sd_ble_gattc_descriptors_discover
                0x000251bc        0x4 _build/nrf52832_xxaa_ble_db_discovery.c.o
 .text.discovery_error_evt_trigger
                0x000251c0       0xdc _build/nrf52832_xxaa_ble_db_discovery.c.o
 .text.descriptors_discover
                0x0002529c       0xcc _build/nrf52832_xxaa_ble_db_discovery.c.o
 .text.ble_db_discovery_init
                0x00025368       0x34 _build/nrf52832_xxaa_ble_db_discovery.c.o
                0x00025368                ble_db_discovery_init
 .text.ble_db_discovery_evt_register
                0x0002539c       0xd0 _build/nrf52832_xxaa_ble_db_discovery.c.o
                0x0002539c                ble_db_discovery_evt_register
 .text.ble_db_discovery_start
                0x0002546c       0x64 _build/nrf52832_xxaa_ble_db_discovery.c.o
                0x0002546c                ble_db_discovery_start
 .text.ble_db_discovery_on_ble_evt
                0x000254d0      0xc70 _build/nrf52832_xxaa_ble_db_discovery.c.o
                0x000254d0                ble_db_discovery_on_ble_evt
 .text.ble_srv_is_notification_enabled
                0x00026140        0x8 _build/nrf52832_xxaa_ble_srv_common.c.o
                0x00026140                ble_srv_is_notification_enabled
 .text.local_db_update_in_evt
                0x00026148       0x9c _build/nrf52832_xxaa_gatt_cache_manager.c.o
 .text.local_db_apply_in_evt.part.1
                0x000261e4       0x94 _build/nrf52832_xxaa_gatt_cache_manager.c.o
 .text.service_changed_pending_flags_check.part.2
                0x00026278      0x10c _build/nrf52832_xxaa_gatt_cache_manager.c.o
 .text.gcm_gscm_evt_handler
                0x00026384       0x80 _build/nrf52832_xxaa_gatt_cache_manager.c.o
                0x00026384                gcm_gscm_evt_handler
 .text.gcm_im_evt_handler
                0x00026404       0xa8 _build/nrf52832_xxaa_gatt_cache_manager.c.o
                0x00026404                gcm_im_evt_handler
 .text.gcm_smd_evt_handler
                0x000264ac       0xb0 _build/nrf52832_xxaa_gatt_cache_manager.c.o
                0x000264ac                gcm_smd_evt_handler
 .text.gcm_init
                0x0002655c       0x54 _build/nrf52832_xxaa_gatt_cache_manager.c.o
                0x0002655c                gcm_init
 .text.gcm_ble_evt_handler
                0x000265b0      0x128 _build/nrf52832_xxaa_gatt_cache_manager.c.o
                0x000265b0                gcm_ble_evt_handler
 .text.gcm_local_database_has_changed
                0x000266d8       0x70 _build/nrf52832_xxaa_gatt_cache_manager.c.o
                0x000266d8                gcm_local_database_has_changed
 .text.sd_ble_gatts_service_changed
                0x00026748        0x4 _build/nrf52832_xxaa_gatts_cache_manager.c.o
 .text.sd_ble_gatts_sys_attr_set
                0x0002674c        0x4 _build/nrf52832_xxaa_gatts_cache_manager.c.o
 .text.sd_ble_gatts_sys_attr_get
                0x00026750        0x4 _build/nrf52832_xxaa_gatts_cache_manager.c.o
 .text.gscm_pdb_evt_handler
                0x00026754       0x88 _build/nrf52832_xxaa_gatts_cache_manager.c.o
                0x00026754                gscm_pdb_evt_handler
 .text.gscm_init
                0x000267dc       0x10 _build/nrf52832_xxaa_gatts_cache_manager.c.o
                0x000267dc                gscm_init
 .text.gscm_local_db_cache_update
                0x000267ec       0x90 _build/nrf52832_xxaa_gatts_cache_manager.c.o
                0x000267ec                gscm_local_db_cache_update
 .text.gscm_local_db_cache_apply
                0x0002687c       0x84 _build/nrf52832_xxaa_gatts_cache_manager.c.o
                0x0002687c                gscm_local_db_cache_apply
 .text.gscm_local_database_has_changed
                0x00026900       0x5c _build/nrf52832_xxaa_gatts_cache_manager.c.o
                0x00026900                gscm_local_database_has_changed
 .text.gscm_service_changed_ind_needed
                0x0002695c       0x24 _build/nrf52832_xxaa_gatts_cache_manager.c.o
                0x0002695c                gscm_service_changed_ind_needed
 .text.gscm_service_changed_ind_send
                0x00026980       0x2c _build/nrf52832_xxaa_gatts_cache_manager.c.o
                0x00026980                gscm_service_changed_ind_send
 .text.gscm_db_change_notification_done
                0x000269ac       0x24 _build/nrf52832_xxaa_gatts_cache_manager.c.o
                0x000269ac                gscm_db_change_notification_done
 .text.sd_ecb_block_encrypt
                0x000269d0        0x4 _build/nrf52832_xxaa_id_manager.c.o
 .text.im_ble_evt_handler
                0x000269d4      0x2e8 _build/nrf52832_xxaa_id_manager.c.o
                0x000269d4                im_ble_evt_handler
 .text.im_pdb_evt_handler
                0x00026cbc      0x150 _build/nrf52832_xxaa_id_manager.c.o
                0x00026cbc                im_pdb_evt_handler
 .text.im_init  0x00026e0c       0x3c _build/nrf52832_xxaa_id_manager.c.o
                0x00026e0c                im_init
 .text.im_peer_id_get_by_conn_handle
                0x00026e48       0x7c _build/nrf52832_xxaa_id_manager.c.o
                0x00026e48                im_peer_id_get_by_conn_handle
 .text.im_ble_addr_get
                0x00026ec4       0x90 _build/nrf52832_xxaa_id_manager.c.o
                0x00026ec4                im_ble_addr_get
 .text.im_master_ids_compare
                0x00026f54       0x48 _build/nrf52832_xxaa_id_manager.c.o
                0x00026f54                im_master_ids_compare
 .text.im_peer_id_get_by_master_id
                0x00026f9c       0xe0 _build/nrf52832_xxaa_id_manager.c.o
                0x00026f9c                im_peer_id_get_by_master_id
 .text.im_conn_handle_get
                0x0002707c       0x6c _build/nrf52832_xxaa_id_manager.c.o
                0x0002707c                im_conn_handle_get
 .text.im_master_id_is_valid
                0x000270e8       0x30 _build/nrf52832_xxaa_id_manager.c.o
                0x000270e8                im_master_id_is_valid
 .text.im_new_peer_id
                0x00027118       0x7c _build/nrf52832_xxaa_id_manager.c.o
                0x00027118                im_new_peer_id
 .text.im_peer_free
                0x00027194       0xfc _build/nrf52832_xxaa_id_manager.c.o
                0x00027194                im_peer_free
 .text.peer_data_delete
                0x00027290       0x90 _build/nrf52832_xxaa_peer_data_storage.c.o
 .text.fds_evt_handler
                0x00027320      0x12c _build/nrf52832_xxaa_peer_data_storage.c.o
 .text.pds_init
                0x0002744c       0x68 _build/nrf52832_xxaa_peer_data_storage.c.o
                0x0002744c                pds_init
 .text.pds_peer_data_read
                0x000274b4       0x84 _build/nrf52832_xxaa_peer_data_storage.c.o
                0x000274b4                pds_peer_data_read
 .text.pds_peer_data_iterate_prepare
                0x00027538       0x10 _build/nrf52832_xxaa_peer_data_storage.c.o
                0x00027538                pds_peer_data_iterate_prepare
 .text.pds_peer_data_iterate
                0x00027548       0x50 _build/nrf52832_xxaa_peer_data_storage.c.o
                0x00027548                pds_peer_data_iterate
 .text.pds_space_reserve
                0x00027598       0x34 _build/nrf52832_xxaa_peer_data_storage.c.o
                0x00027598                pds_space_reserve
 .text.pds_space_reserve_cancel
                0x000275cc       0x20 _build/nrf52832_xxaa_peer_data_storage.c.o
                0x000275cc                pds_space_reserve_cancel
 .text.pds_peer_data_store
                0x000275ec       0xbc _build/nrf52832_xxaa_peer_data_storage.c.o
                0x000275ec                pds_peer_data_store
 .text.pds_peer_id_allocate
                0x000276a8        0x8 _build/nrf52832_xxaa_peer_data_storage.c.o
                0x000276a8                pds_peer_id_allocate
 .text.pds_peer_id_free
                0x000276b0       0x18 _build/nrf52832_xxaa_peer_data_storage.c.o
                0x000276b0                pds_peer_id_free
 .text.pds_peer_id_is_allocated
                0x000276c8        0x4 _build/nrf52832_xxaa_peer_data_storage.c.o
                0x000276c8                pds_peer_id_is_allocated
 .text.pds_next_peer_id_get
                0x000276cc        0x4 _build/nrf52832_xxaa_peer_data_storage.c.o
                0x000276cc                pds_next_peer_id_get
 .text.pds_next_deleted_peer_id_get
                0x000276d0        0x4 _build/nrf52832_xxaa_peer_data_storage.c.o
                0x000276d0                pds_next_deleted_peer_id_get
 .text.pdb_write_buf_store.part.2
                0x000276d4      0x318 _build/nrf52832_xxaa_peer_database.c.o
 .text.pdb_pds_evt_handler
                0x000279ec      0x500 _build/nrf52832_xxaa_peer_database.c.o
                0x000279ec                pdb_pds_evt_handler
 .text.pdb_init
                0x00027eec      0x150 _build/nrf52832_xxaa_peer_database.c.o
                0x00027eec                pdb_init
 .text.pdb_peer_allocate
                0x0002803c        0x4 _build/nrf52832_xxaa_peer_database.c.o
                0x0002803c                pdb_peer_allocate
 .text.pdb_peer_free
                0x00028040      0x3f4 _build/nrf52832_xxaa_peer_database.c.o
                0x00028040                pdb_peer_free
 .text.pdb_peer_data_ptr_get
                0x00028434        0x8 _build/nrf52832_xxaa_peer_database.c.o
                0x00028434                pdb_peer_data_ptr_get
 .text.pdb_write_buf_get
                0x0002843c      0x540 _build/nrf52832_xxaa_peer_database.c.o
                0x0002843c                pdb_write_buf_get
 .text.pdb_write_buf_release
                0x0002897c      0x284 _build/nrf52832_xxaa_peer_database.c.o
                0x0002897c                pdb_write_buf_release
 .text.pdb_write_buf_store_prepare
                0x00028c00      0x288 _build/nrf52832_xxaa_peer_database.c.o
                0x00028c00                pdb_write_buf_store_prepare
 .text.pdb_write_buf_store
                0x00028e88       0x10 _build/nrf52832_xxaa_peer_database.c.o
                0x00028e88                pdb_write_buf_store
 .text.pdb_next_peer_id_get
                0x00028e98        0x4 _build/nrf52832_xxaa_peer_database.c.o
                0x00028e98                pdb_next_peer_id_get
 .text.pdb_next_deleted_peer_id_get
                0x00028e9c        0x4 _build/nrf52832_xxaa_peer_database.c.o
                0x00028e9c                pdb_next_deleted_peer_id_get
 .text.pdb_peer_data_load
                0x00028ea0       0x18 _build/nrf52832_xxaa_peer_database.c.o
                0x00028ea0                pdb_peer_data_load
 .text.pdb_raw_store
                0x00028eb8        0x8 _build/nrf52832_xxaa_peer_database.c.o
                0x00028eb8                pdb_raw_store
 .text.peer_id_init
                0x00028ec0       0x2c _build/nrf52832_xxaa_peer_id.c.o
                0x00028ec0                peer_id_init
 .text.peer_id_allocate
                0x00028eec       0x40 _build/nrf52832_xxaa_peer_id.c.o
                0x00028eec                peer_id_allocate
 .text.peer_id_delete
                0x00028f2c       0x28 _build/nrf52832_xxaa_peer_id.c.o
                0x00028f2c                peer_id_delete
 .text.peer_id_free
                0x00028f54       0x28 _build/nrf52832_xxaa_peer_id.c.o
                0x00028f54                peer_id_free
 .text.peer_id_is_allocated
                0x00028f7c       0x14 _build/nrf52832_xxaa_peer_id.c.o
                0x00028f7c                peer_id_is_allocated
 .text.peer_id_get_next_used
                0x00028f90       0x68 _build/nrf52832_xxaa_peer_id.c.o
                0x00028f90                peer_id_get_next_used
 .text.peer_id_get_next_deleted
                0x00028ff8       0x3c _build/nrf52832_xxaa_peer_id.c.o
                0x00028ff8                peer_id_get_next_deleted
 .text.pm_pdb_evt_handler
                0x00029034      0x228 _build/nrf52832_xxaa_peer_manager.c.o
                0x00029034                pm_pdb_evt_handler
 .text.pm_sm_evt_handler
                0x0002925c      0x1bc _build/nrf52832_xxaa_peer_manager.c.o
                0x0002925c                pm_sm_evt_handler
 .text.pm_gcm_evt_handler
                0x00029418       0xb8 _build/nrf52832_xxaa_peer_manager.c.o
                0x00029418                pm_gcm_evt_handler
 .text.pm_im_evt_handler
                0x000294d0       0x74 _build/nrf52832_xxaa_peer_manager.c.o
                0x000294d0                pm_im_evt_handler
 .text.pm_on_ble_evt
                0x00029544       0x24 _build/nrf52832_xxaa_peer_manager.c.o
                0x00029544                pm_on_ble_evt
 .text.pm_init  0x00029568       0x90 _build/nrf52832_xxaa_peer_manager.c.o
                0x00029568                pm_init
 .text.pm_register
                0x000295f8       0x38 _build/nrf52832_xxaa_peer_manager.c.o
                0x000295f8                pm_register
 .text.pm_sec_params_set
                0x00029630       0x14 _build/nrf52832_xxaa_peer_manager.c.o
                0x00029630                pm_sec_params_set
 .text.pm_conn_secure
                0x00029644       0x14 _build/nrf52832_xxaa_peer_manager.c.o
                0x00029644                pm_conn_secure
 .text.pm_conn_sec_config_reply
                0x00029658        0x4 _build/nrf52832_xxaa_peer_manager.c.o
                0x00029658                pm_conn_sec_config_reply
 .text.pm_local_database_has_changed
                0x0002965c       0x10 _build/nrf52832_xxaa_peer_manager.c.o
                0x0002965c                pm_local_database_has_changed
 .text.pm_conn_sec_status_get
                0x0002966c       0x70 _build/nrf52832_xxaa_peer_manager.c.o
                0x0002966c                pm_conn_sec_status_get
 .text.pm_peers_delete
                0x000296dc       0x50 _build/nrf52832_xxaa_peer_manager.c.o
                0x000296dc                pm_peers_delete
 .text.pm_peer_rank_highest
                0x0002972c      0x178 _build/nrf52832_xxaa_peer_manager.c.o
                0x0002972c                pm_peer_rank_highest
 .text.pm_buffer_init
                0x000298a4       0x54 _build/nrf52832_xxaa_pm_buffer.c.o
                0x000298a4                pm_buffer_init
 .text.pm_buffer_block_acquire
                0x000298f8       0x98 _build/nrf52832_xxaa_pm_buffer.c.o
                0x000298f8                pm_buffer_block_acquire
 .text.pm_buffer_ptr_get
                0x00029990       0x30 _build/nrf52832_xxaa_pm_buffer.c.o
                0x00029990                pm_buffer_ptr_get
 .text.pm_buffer_release
                0x000299c0       0x30 _build/nrf52832_xxaa_pm_buffer.c.o
                0x000299c0                pm_buffer_release
 .text.pm_mutex_init
                0x000299f0       0x10 _build/nrf52832_xxaa_pm_mutex.c.o
                0x000299f0                pm_mutex_init
 .text.pm_mutex_lock
                0x00029a00       0x54 _build/nrf52832_xxaa_pm_mutex.c.o
                0x00029a00                pm_mutex_lock
 .text.pm_mutex_unlock
                0x00029a54       0x40 _build/nrf52832_xxaa_pm_mutex.c.o
                0x00029a54                pm_mutex_unlock
 .text.pm_mutex_lock_first_available
                0x00029a94       0x74 _build/nrf52832_xxaa_pm_mutex.c.o
                0x00029a94                pm_mutex_lock_first_available
 .text.pm_mutex_lock_status_get
                0x00029b08       0x20 _build/nrf52832_xxaa_pm_mutex.c.o
                0x00029b08                pm_mutex_lock_status_get
 .text.sd_ble_gap_authenticate
                0x00029b28        0x4 _build/nrf52832_xxaa_security_dispatcher.c.o
 .text.sd_ble_gap_sec_params_reply
                0x00029b2c        0x4 _build/nrf52832_xxaa_security_dispatcher.c.o
 .text.sd_ble_gap_encrypt
                0x00029b30        0x4 _build/nrf52832_xxaa_security_dispatcher.c.o
 .text.sd_ble_gap_sec_info_reply
                0x00029b34        0x4 _build/nrf52832_xxaa_security_dispatcher.c.o
 .text.pairing_failure
                0x00029b38       0x80 _build/nrf52832_xxaa_security_dispatcher.c.o
 .text.smd_pdb_evt_handler
                0x00029bb8       0x3c _build/nrf52832_xxaa_security_dispatcher.c.o
                0x00029bb8                smd_pdb_evt_handler
 .text.smd_init
                0x00029bf4       0x60 _build/nrf52832_xxaa_security_dispatcher.c.o
                0x00029bf4                smd_init
 .text.smd_params_reply
                0x00029c54      0x1d0 _build/nrf52832_xxaa_security_dispatcher.c.o
                0x00029c54                smd_params_reply
 .text.smd_link_secure
                0x00029e24      0x254 _build/nrf52832_xxaa_security_dispatcher.c.o
                0x00029e24                smd_link_secure
 .text.smd_ble_evt_handler
                0x0002a078      0x3b8 _build/nrf52832_xxaa_security_dispatcher.c.o
                0x0002a078                smd_ble_evt_handler
 .text.link_secure.part.1
                0x0002a430      0x148 _build/nrf52832_xxaa_security_manager.c.o
 .text.smd_params_reply_perform
                0x0002a578      0x178 _build/nrf52832_xxaa_security_manager.c.o
 .text.sm_smd_evt_handler
                0x0002a6f0       0x80 _build/nrf52832_xxaa_security_manager.c.o
                0x0002a6f0                sm_smd_evt_handler
 .text.sm_pdb_evt_handler
                0x0002a770      0x1a4 _build/nrf52832_xxaa_security_manager.c.o
                0x0002a770                sm_pdb_evt_handler
 .text.sm_init  0x0002a914       0xbc _build/nrf52832_xxaa_security_manager.c.o
                0x0002a914                sm_init
 .text.sm_ble_evt_handler
                0x0002a9d0       0x90 _build/nrf52832_xxaa_security_manager.c.o
                0x0002a9d0                sm_ble_evt_handler
 .text.sm_sec_params_set
                0x0002aa60       0x74 _build/nrf52832_xxaa_security_manager.c.o
                0x0002aa60                sm_sec_params_set
 .text.sm_conn_sec_config_reply
                0x0002aad4       0x14 _build/nrf52832_xxaa_security_manager.c.o
                0x0002aad4                sm_conn_sec_config_reply
 .text.sm_link_secure
                0x0002aae8       0xc0 _build/nrf52832_xxaa_security_manager.c.o
                0x0002aae8                sm_link_secure
 .text          0x0002aba8       0x3c _build/nrf52832_xxaa_gcc_startup_nrf52.S.o
                0x0002aba8                Reset_Handler
                0x0002abd0                NMI_Handler
                0x0002abd2                HardFault_Handler
                0x0002abd4                MemoryManagement_Handler
                0x0002abd6                BusFault_Handler
                0x0002abd8                UsageFault_Handler
                0x0002abda                SVC_Handler
                0x0002abdc                DebugMon_Handler
                0x0002abde                PendSV_Handler
                0x0002abe0                SysTick_Handler
                0x0002abe2                TIMER2_IRQHandler
                0x0002abe2                RTC0_IRQHandler
                0x0002abe2                PWM1_IRQHandler
                0x0002abe2                RADIO_IRQHandler
                0x0002abe2                PDM_IRQHandler
                0x0002abe2                TEMP_IRQHandler
                0x0002abe2                QDEC_IRQHandler
                0x0002abe2                TIMER3_IRQHandler
                0x0002abe2                FPU_IRQHandler
                0x0002abe2                SPIM0_SPIS0_TWIM0_TWIS0_SPI0_TWI0_IRQHandler
                0x0002abe2                TIMER4_IRQHandler
                0x0002abe2                I2S_IRQHandler
                0x0002abe2                SWI4_EGU4_IRQHandler
                0x0002abe2                TIMER0_IRQHandler
                0x0002abe2                TIMER1_IRQHandler
                0x0002abe2                PWM2_IRQHandler
                0x0002abe2                ECB_IRQHandler
                0x0002abe2                SPIM1_SPIS1_TWIM1_TWIS1_SPI1_TWI1_IRQHandler
                0x0002abe2                Default_Handler
                0x0002abe2                SAADC_IRQHandler
                0x0002abe2                CCM_AAR_IRQHandler
                0x0002abe2                WDT_IRQHandler
                0x0002abe2                SWI5_EGU5_IRQHandler
                0x0002abe2                RNG_IRQHandler
                0x0002abe2                RTC2_IRQHandler
                0x0002abe2                PWM0_IRQHandler
                0x0002abe2                SWI3_EGU3_IRQHandler
                0x0002abe2                SWI1_EGU1_IRQHandler
                0x0002abe2                SPIM2_SPIS2_SPI2_IRQHandler
                0x0002abe2                NFCT_IRQHandler
                0x0002abe2                MWU_IRQHandler
                0x0002abe2                COMP_LPCOMP_IRQHandler
 .text.SystemInit
                0x0002abe4      0x2b0 _build/nrf52832_xxaa_system_nrf52.c.o
                0x0002abe4                SystemInit
 .text.sd_ble_gattc_read
                0x0002ae94        0x4 _build/nrf52832_xxaa_ble_ans_c.c.o
 .text.sd_ble_gattc_write
                0x0002ae98        0x4 _build/nrf52832_xxaa_ble_ans_c.c.o
 .text.ble_ans_c_on_db_disc_evt
                0x0002ae9c      0x120 _build/nrf52832_xxaa_ble_ans_c.c.o
                0x0002ae9c                ble_ans_c_on_db_disc_evt
 .text.ble_ans_c_on_ble_evt
                0x0002afbc      0x1a8 _build/nrf52832_xxaa_ble_ans_c.c.o
                0x0002afbc                ble_ans_c_on_ble_evt
 .text.ble_ans_c_init
                0x0002b164       0xa4 _build/nrf52832_xxaa_ble_ans_c.c.o
                0x0002b164                ble_ans_c_init
 .text.ble_ans_c_enable_notif_new_alert
                0x0002b208       0x8c _build/nrf52832_xxaa_ble_ans_c.c.o
                0x0002b208                ble_ans_c_enable_notif_new_alert
 .text.ble_ans_c_disable_notif_new_alert
                0x0002b294       0x88 _build/nrf52832_xxaa_ble_ans_c.c.o
                0x0002b294                ble_ans_c_disable_notif_new_alert
 .text.ble_ans_c_enable_notif_unread_alert
                0x0002b31c       0x8c _build/nrf52832_xxaa_ble_ans_c.c.o
                0x0002b31c                ble_ans_c_enable_notif_unread_alert
 .text.ble_ans_c_disable_notif_unread_alert
                0x0002b3a8       0x88 _build/nrf52832_xxaa_ble_ans_c.c.o
                0x0002b3a8                ble_ans_c_disable_notif_unread_alert
 .text.ble_ans_c_control_point_write
                0x0002b430       0xa4 _build/nrf52832_xxaa_ble_ans_c.c.o
                0x0002b430                ble_ans_c_control_point_write
 .text.ble_ans_c_new_alert_read
                0x0002b4d4       0x6c _build/nrf52832_xxaa_ble_ans_c.c.o
                0x0002b4d4                ble_ans_c_new_alert_read
 .text.ble_ans_c_unread_alert_read
                0x0002b540       0x6c _build/nrf52832_xxaa_ble_ans_c.c.o
                0x0002b540                ble_ans_c_unread_alert_read
 .text.ble_ans_c_new_alert_notify
                0x0002b5ac       0x8c _build/nrf52832_xxaa_ble_ans_c.c.o
                0x0002b5ac                ble_ans_c_new_alert_notify
 .text.ble_ans_c_unread_alert_notify
                0x0002b638       0x8c _build/nrf52832_xxaa_ble_ans_c.c.o
                0x0002b638                ble_ans_c_unread_alert_notify
 .text.ble_ans_c_handles_assign
                0x0002b6c4       0x8c _build/nrf52832_xxaa_ble_ans_c.c.o
                0x0002b6c4                ble_ans_c_handles_assign
 .text.sd_evt_get
                0x0002b750        0x4 _build/nrf52832_xxaa_softdevice_handler.c.o
 .text.sd_softdevice_enable
                0x0002b754        0x4 _build/nrf52832_xxaa_softdevice_handler.c.o
 .text.sd_ble_enable
                0x0002b758        0x4 _build/nrf52832_xxaa_softdevice_handler.c.o
 .text.sd_ble_evt_get
                0x0002b75c        0x4 _build/nrf52832_xxaa_softdevice_handler.c.o
 .text.softdevice_fault_handler
                0x0002b760        0x4 _build/nrf52832_xxaa_softdevice_handler.c.o
                0x0002b760                softdevice_fault_handler
 .text.intern_softdevice_events_execute.part.2
                0x0002b764       0xc0 _build/nrf52832_xxaa_softdevice_handler.c.o
 .text.softdevice_handler_is_enabled
                0x0002b824        0xc _build/nrf52832_xxaa_softdevice_handler.c.o
                0x0002b824                softdevice_handler_is_enabled
 .text.softdevice_handler_init
                0x0002b830       0x94 _build/nrf52832_xxaa_softdevice_handler.c.o
                0x0002b830                softdevice_handler_init
 .text.softdevice_ble_evt_handler_set
                0x0002b8c4       0x14 _build/nrf52832_xxaa_softdevice_handler.c.o
                0x0002b8c4                softdevice_ble_evt_handler_set
 .text.softdevice_sys_evt_handler_set
                0x0002b8d8       0x14 _build/nrf52832_xxaa_softdevice_handler.c.o
                0x0002b8d8                softdevice_sys_evt_handler_set
 .text.SWI2_EGU2_IRQHandler
                0x0002b8ec       0x30 _build/nrf52832_xxaa_softdevice_handler.c.o
                0x0002b8ec                SWI2_EGU2_IRQHandler
 .text.softdevice_enable_get_default_config
                0x0002b91c       0x30 _build/nrf52832_xxaa_softdevice_handler.c.o
                0x0002b91c                softdevice_enable_get_default_config
 .text.softdevice_enable
                0x0002b94c       0x20 _build/nrf52832_xxaa_softdevice_handler.c.o
                0x0002b94c                softdevice_enable
 .text.memcmp   0x0002b96c       0x1e /home/diederik/bin/gcc-arm-none-eabi-5_3-2016q1/bin/../lib/gcc/arm-none-eabi/5.3.1/../../../../arm-none-eabi/lib/armv7e-m/fpu/libc_nano.a(lib_a-memcmp.o)
                0x0002b96c                memcmp
 .text.memcpy   0x0002b98a       0x16 /home/diederik/bin/gcc-arm-none-eabi-5_3-2016q1/bin/../lib/gcc/arm-none-eabi/5.3.1/../../../../arm-none-eabi/lib/armv7e-m/fpu/libc_nano.a(lib_a-memcpy-stub.o)
                0x0002b98a                memcpy
 .text          0x0002b9a0       0x10 /home/diederik/bin/gcc-arm-none-eabi-5_3-2016q1/bin/../lib/gcc/arm-none-eabi/5.3.1/../../../../arm-none-eabi/lib/armv7e-m/fpu/libc_nano.a(lib_a-strlen.o)
                0x0002b9a0                strlen
 *(.init)
 .init          0x0002b9b0        0x4 /home/diederik/bin/gcc-arm-none-eabi-5_3-2016q1/bin/../lib/gcc/arm-none-eabi/5.3.1/armv7e-m/fpu/crti.o
                0x0002b9b0                _init
 .init          0x0002b9b4        0x8 /home/diederik/bin/gcc-arm-none-eabi-5_3-2016q1/bin/../lib/gcc/arm-none-eabi/5.3.1/armv7e-m/fpu/crtn.o
 *(.fini)
 .fini          0x0002b9bc        0x4 /home/diederik/bin/gcc-arm-none-eabi-5_3-2016q1/bin/../lib/gcc/arm-none-eabi/5.3.1/armv7e-m/fpu/crti.o
                0x0002b9bc                _fini
 .fini          0x0002b9c0        0x8 /home/diederik/bin/gcc-arm-none-eabi-5_3-2016q1/bin/../lib/gcc/arm-none-eabi/5.3.1/armv7e-m/fpu/crtn.o
 *crtbegin.o(.ctors)
 *crtbegin?.o(.ctors)
 *(EXCLUDE_FILE(*crtend.o *crtend?.o) .ctors)
 *(SORT(.ctors.*))
 *(.ctors)
 *crtbegin.o(.dtors)
 *crtbegin?.o(.dtors)
 *(EXCLUDE_FILE(*crtend.o *crtend?.o) .dtors)
 *(SORT(.dtors.*))
 *(.dtors)
 *(.rodata*)
 .rodata.str1.1
                0x0002b9c8        0x2 /home/diederik/bin/gcc-arm-none-eabi-5_3-2016q1/bin/../lib/gcc/arm-none-eabi/5.3.1/../../../../arm-none-eabi/lib/armv7e-m/fpu/libc_nano.a(lib_a-impure.o)
 *fill*         0x0002b9ca        0x2 
 .rodata._global_impure_ptr
                0x0002b9cc        0x4 /home/diederik/bin/gcc-arm-none-eabi-5_3-2016q1/bin/../lib/gcc/arm-none-eabi/5.3.1/../../../../arm-none-eabi/lib/armv7e-m/fpu/libc_nano.a(lib_a-impure.o)
                0x0002b9cc                _global_impure_ptr
 .rodata.m_detection_delay_timer_id
                0x0002b9d0        0x4 _build/nrf52832_xxaa_app_button.c.o
 .rodata.m_fds_tl_dirty
                0x0002b9d4        0x4 _build/nrf52832_xxaa_fds.c.o
 .rodata.page_tag_swap.6520
                0x0002b9d8        0x8 _build/nrf52832_xxaa_fds.c.o
 .rodata.page_tag_data.6524
                0x0002b9e0        0x8 _build/nrf52832_xxaa_fds.c.o
 .rodata.m_button_timer_id
                0x0002b9e8        0x4 _build/nrf52832_xxaa_bsp.c.o
 .rodata.m_leds_timer_id
                0x0002b9ec        0x4 _build/nrf52832_xxaa_bsp.c.o
 .rodata.app_buttons
                0x0002b9f0       0x20 _build/nrf52832_xxaa_bsp.c.o
 .rodata.m_alert_timer_id
                0x0002ba10        0x4 _build/nrf52832_xxaa_bsp.c.o
 .rodata.m_buttons_list
                0x0002ba14       0x10 _build/nrf52832_xxaa_bsp.c.o
 .rodata        0x0002ba24        0x4 _build/nrf52832_xxaa_main.c.o
 .rodata.m_sec_req_timer_id
                0x0002ba28        0x4 _build/nrf52832_xxaa_main.c.o
 .rodata.str1.4
                0x0002ba2c       0x14 _build/nrf52832_xxaa_main.c.o
 .rodata.m_conn_params_timer_id
                0x0002ba40        0x4 _build/nrf52832_xxaa_ble_conn_params.c.o
 .rodata        0x0002ba44       0x10 _build/nrf52832_xxaa_gatts_cache_manager.c.o
 .rodata.service_changed_pending.8416
                0x0002ba54        0x4 _build/nrf52832_xxaa_gatts_cache_manager.c.o
 .rodata.service_changed_pending.8479
                0x0002ba58        0x4 _build/nrf52832_xxaa_gatts_cache_manager.c.o
 .rodata.m_evt_handlers
                0x0002ba5c       0x14 _build/nrf52832_xxaa_peer_database.c.o
 .rodata        0x0002ba70        0x8 _build/nrf52832_xxaa_peer_manager.c.o
 *(.eh_frame*)
 .eh_frame      0x0002ba78        0x0 /home/diederik/bin/gcc-arm-none-eabi-5_3-2016q1/bin/../lib/gcc/arm-none-eabi/5.3.1/armv7e-m/fpu/crtbegin.o
 .eh_frame      0x0002ba78        0x4 /home/diederik/bin/gcc-arm-none-eabi-5_3-2016q1/bin/../lib/gcc/arm-none-eabi/5.3.1/armv7e-m/fpu/crtend.o

.glue_7         0x0002ba7c        0x0
 .glue_7        0x0002ba7c        0x0 linker stubs

.glue_7t        0x0002ba7c        0x0
 .glue_7t       0x0002ba7c        0x0 linker stubs

.vfp11_veneer   0x0002ba7c        0x0
 .vfp11_veneer  0x0002ba7c        0x0 linker stubs

.v4_bx          0x0002ba7c        0x0
 .v4_bx         0x0002ba7c        0x0 linker stubs

.iplt           0x0002ba7c        0x0
 .iplt          0x0002ba7c        0x0 /home/diederik/bin/gcc-arm-none-eabi-5_3-2016q1/bin/../lib/gcc/arm-none-eabi/5.3.1/armv7e-m/fpu/crtbegin.o

.ARM.extab
 *(.ARM.extab* .gnu.linkonce.armextab.*)
                0x0002ba7c                __exidx_start = .

.ARM.exidx      0x0002ba7c        0x8
 *(.ARM.exidx* .gnu.linkonce.armexidx.*)
 .ARM.exidx     0x0002ba7c        0x8 /home/diederik/bin/gcc-arm-none-eabi-5_3-2016q1/bin/../lib/gcc/arm-none-eabi/5.3.1/../../../../arm-none-eabi/lib/armv7e-m/fpu/crt0.o
                0x0002ba84                __exidx_end = .
                0x0002ba84                __etext = .

.rel.dyn        0x0002ba84        0x0
 .rel.iplt      0x0002ba84        0x0 /home/diederik/bin/gcc-arm-none-eabi-5_3-2016q1/bin/../lib/gcc/arm-none-eabi/5.3.1/armv7e-m/fpu/crtbegin.o

.data           0x20002128       0x7c load address 0x0002ba84
                0x20002128                __data_start__ = .
 *(vtable)
 *(.data*)
 .data.impure_data
                0x20002128       0x60 /home/diederik/bin/gcc-arm-none-eabi-5_3-2016q1/bin/../lib/gcc/arm-none-eabi/5.3.1/../../../../arm-none-eabi/lib/armv7e-m/fpu/libc_nano.a(lib_a-impure.o)
 .data.m_cur_conn_handle
                0x20002188        0x2 _build/nrf52832_xxaa_main.c.o
 .data.m_flag_sec_proc_new_peer
                0x2000218a        0x1 _build/nrf52832_xxaa_security_dispatcher.c.o
 .data.m_flag_sec_proc
                0x2000218b        0x1 _build/nrf52832_xxaa_security_dispatcher.c.o
 .data.m_flag_sec_proc_pairing
                0x2000218c        0x1 _build/nrf52832_xxaa_security_dispatcher.c.o
 .data.m_flag_params_reply_pending_flash_full
                0x2000218d        0x1 _build/nrf52832_xxaa_security_manager.c.o
 .data.m_flag_reject_pairing
                0x2000218e        0x1 _build/nrf52832_xxaa_security_manager.c.o
 .data.m_flag_params_reply_pending_busy
                0x2000218f        0x1 _build/nrf52832_xxaa_security_manager.c.o
 .data.m_flag_link_secure_null_params
                0x20002190        0x1 _build/nrf52832_xxaa_security_manager.c.o
 .data.m_flag_link_secure_pending_flash_full
                0x20002191        0x1 _build/nrf52832_xxaa_security_manager.c.o
 .data.m_flag_link_secure_force_repairing
                0x20002192        0x1 _build/nrf52832_xxaa_security_manager.c.o
 .data.m_flag_link_secure_pending_busy
                0x20002193        0x1 _build/nrf52832_xxaa_security_manager.c.o
 .data.SystemCoreClock
                0x20002194        0x4 _build/nrf52832_xxaa_system_nrf52.c.o
                0x20002194                SystemCoreClock
                0x20002198                . = ALIGN (0x4)
                0x20002198                PROVIDE (__preinit_array_start, .)
 *(.preinit_array)
                0x20002198                PROVIDE (__preinit_array_end, .)
                0x20002198                . = ALIGN (0x4)
                0x20002198                PROVIDE (__init_array_start, .)
 *(SORT(.init_array.*))
 *(.init_array)
 .init_array    0x20002198        0x4 /home/diederik/bin/gcc-arm-none-eabi-5_3-2016q1/bin/../lib/gcc/arm-none-eabi/5.3.1/armv7e-m/fpu/crtbegin.o
                0x2000219c                PROVIDE (__init_array_end, .)
                0x2000219c                . = ALIGN (0x4)
                [!provide]                PROVIDE (__fini_array_start, .)
 *(SORT(.fini_array.*))
 *(.fini_array)
 .fini_array    0x2000219c        0x4 /home/diederik/bin/gcc-arm-none-eabi-5_3-2016q1/bin/../lib/gcc/arm-none-eabi/5.3.1/armv7e-m/fpu/crtbegin.o
                [!provide]                PROVIDE (__fini_array_end, .)
 *(.jcr*)
 .jcr           0x200021a0        0x0 /home/diederik/bin/gcc-arm-none-eabi-5_3-2016q1/bin/../lib/gcc/arm-none-eabi/5.3.1/armv7e-m/fpu/crtbegin.o
 .jcr           0x200021a0        0x4 /home/diederik/bin/gcc-arm-none-eabi-5_3-2016q1/bin/../lib/gcc/arm-none-eabi/5.3.1/armv7e-m/fpu/crtend.o
                0x200021a4                . = ALIGN (0x4)
                0x200021a4                __data_end__ = .
LOAD /home/diederik/bin/gcc-arm-none-eabi-5_3-2016q1/bin/../lib/gcc/arm-none-eabi/5.3.1/armv7e-m/fpu/crti.o
LOAD /home/diederik/bin/gcc-arm-none-eabi-5_3-2016q1/bin/../lib/gcc/arm-none-eabi/5.3.1/armv7e-m/fpu/crtbegin.o
LOAD /home/diederik/bin/gcc-arm-none-eabi-5_3-2016q1/bin/../lib/gcc/arm-none-eabi/5.3.1/../../../../arm-none-eabi/lib/armv7e-m/fpu/crt0.o
LOAD /home/diederik/bin/gcc-arm-none-eabi-5_3-2016q1/bin/../lib/gcc/arm-none-eabi/5.3.1/../../../../arm-none-eabi/lib/armv7e-m/fpu/libc_nano.a
LOAD /home/diederik/bin/gcc-arm-none-eabi-5_3-2016q1/bin/../lib/gcc/arm-none-eabi/5.3.1/../../../../arm-none-eabi/lib/armv7e-m/fpu/libnosys.a
LOAD _build/nrf52832_xxaa_nrf_log_backend_serial.c.o
LOAD _build/nrf52832_xxaa_nrf_log_frontend.c.o
LOAD _build/nrf52832_xxaa_app_button.c.o
LOAD _build/nrf52832_xxaa_app_error.c.o
LOAD _build/nrf52832_xxaa_app_error_weak.c.o
LOAD _build/nrf52832_xxaa_app_fifo.c.o
LOAD _build/nrf52832_xxaa_app_timer.c.o
LOAD _build/nrf52832_xxaa_app_util_platform.c.o
LOAD _build/nrf52832_xxaa_crc16.c.o
LOAD _build/nrf52832_xxaa_fds.c.o
LOAD _build/nrf52832_xxaa_fstorage.c.o
LOAD _build/nrf52832_xxaa_hardfault_implementation.c.o
LOAD _build/nrf52832_xxaa_nrf_assert.c.o
LOAD _build/nrf52832_xxaa_sdk_mapped_flags.c.o
LOAD _build/nrf52832_xxaa_nrf_drv_clock.c.o
LOAD _build/nrf52832_xxaa_nrf_drv_common.c.o
LOAD _build/nrf52832_xxaa_nrf_drv_gpiote.c.o
LOAD _build/nrf52832_xxaa_nrf_drv_uart.c.o
LOAD _build/nrf52832_xxaa_bsp.c.o
LOAD _build/nrf52832_xxaa_bsp_btn_ble.c.o
LOAD _build/nrf52832_xxaa_main.c.o
LOAD _build/nrf52832_xxaa_RTT_Syscalls_GCC.c.o
LOAD _build/nrf52832_xxaa_SEGGER_RTT.c.o
LOAD _build/nrf52832_xxaa_SEGGER_RTT_printf.c.o
LOAD _build/nrf52832_xxaa_ble_advdata.c.o
LOAD _build/nrf52832_xxaa_ble_advertising.c.o
LOAD _build/nrf52832_xxaa_ble_conn_params.c.o
LOAD _build/nrf52832_xxaa_ble_conn_state.c.o
LOAD _build/nrf52832_xxaa_ble_db_discovery.c.o
LOAD _build/nrf52832_xxaa_ble_srv_common.c.o
LOAD _build/nrf52832_xxaa_gatt_cache_manager.c.o
LOAD _build/nrf52832_xxaa_gatts_cache_manager.c.o
LOAD _build/nrf52832_xxaa_id_manager.c.o
LOAD _build/nrf52832_xxaa_peer_data.c.o
LOAD _build/nrf52832_xxaa_peer_data_storage.c.o
LOAD _build/nrf52832_xxaa_peer_database.c.o
LOAD _build/nrf52832_xxaa_peer_id.c.o
LOAD _build/nrf52832_xxaa_peer_manager.c.o
LOAD _build/nrf52832_xxaa_pm_buffer.c.o
LOAD _build/nrf52832_xxaa_pm_mutex.c.o
LOAD _build/nrf52832_xxaa_security_dispatcher.c.o
LOAD _build/nrf52832_xxaa_security_manager.c.o
LOAD _build/nrf52832_xxaa_gcc_startup_nrf52.S.o
LOAD _build/nrf52832_xxaa_system_nrf52.c.o
LOAD _build/nrf52832_xxaa_ble_ans_c.c.o
LOAD _build/nrf52832_xxaa_softdevice_handler.c.o
LOAD /home/diederik/bin/gcc-arm-none-eabi-5_3-2016q1/bin/../lib/gcc/arm-none-eabi/5.3.1/../../../../arm-none-eabi/lib/armv7e-m/fpu/libm.a
START GROUP
LOAD /home/diederik/bin/gcc-arm-none-eabi-5_3-2016q1/bin/../lib/gcc/arm-none-eabi/5.3.1/armv7e-m/fpu/libgcc.a
LOAD /home/diederik/bin/gcc-arm-none-eabi-5_3-2016q1/bin/../lib/gcc/arm-none-eabi/5.3.1/../../../../arm-none-eabi/lib/armv7e-m/fpu/libc_nano.a
END GROUP
START GROUP
LOAD /home/diederik/bin/gcc-arm-none-eabi-5_3-2016q1/bin/../lib/gcc/arm-none-eabi/5.3.1/armv7e-m/fpu/libgcc.a
LOAD /home/diederik/bin/gcc-arm-none-eabi-5_3-2016q1/bin/../lib/gcc/arm-none-eabi/5.3.1/../../../../arm-none-eabi/lib/armv7e-m/fpu/libc_nano.a
END GROUP
LOAD /home/diederik/bin/gcc-arm-none-eabi-5_3-2016q1/bin/../lib/gcc/arm-none-eabi/5.3.1/armv7e-m/fpu/crtend.o
LOAD /home/diederik/bin/gcc-arm-none-eabi-5_3-2016q1/bin/../lib/gcc/arm-none-eabi/5.3.1/armv7e-m/fpu/crtn.o
START GROUP
LOAD /home/diederik/bin/gcc-arm-none-eabi-5_3-2016q1/bin/../lib/gcc/arm-none-eabi/5.3.1/armv7e-m/fpu/libgcc.a
LOAD /home/diederik/bin/gcc-arm-none-eabi-5_3-2016q1/bin/../lib/gcc/arm-none-eabi/5.3.1/../../../../arm-none-eabi/lib/armv7e-m/fpu/libc.a
LOAD /home/diederik/bin/gcc-arm-none-eabi-5_3-2016q1/bin/../lib/gcc/arm-none-eabi/5.3.1/../../../../arm-none-eabi/lib/armv7e-m/fpu/libnosys.a
END GROUP

.igot.plt       0x200021a4        0x0 load address 0x0002bb00
 .igot.plt      0x200021a4        0x0 /home/diederik/bin/gcc-arm-none-eabi-5_3-2016q1/bin/../lib/gcc/arm-none-eabi/5.3.1/armv7e-m/fpu/crtbegin.o

.fs_data        0x200021a4       0x10 load address 0x0002bb00
                0x200021a4                PROVIDE (__start_fs_data, .)
 *(.fs_data)
 .fs_data       0x200021a4       0x10 _build/nrf52832_xxaa_fds.c.o
                0x200021b4                PROVIDE (__stop_fs_data, .)

.bss            0x200021b4      0xed4 load address 0x0002bb10
                0x200021b4                . = ALIGN (0x4)
                0x200021b4                __bss_start__ = .
 *(.bss*)
 .bss           0x200021b4       0x1c /home/diederik/bin/gcc-arm-none-eabi-5_3-2016q1/bin/../lib/gcc/arm-none-eabi/5.3.1/armv7e-m/fpu/crtbegin.o
 .bss.m_detection_delay
                0x200021d0        0x4 _build/nrf52832_xxaa_app_button.c.o
 .bss.mp_buttons
                0x200021d4        0x4 _build/nrf52832_xxaa_app_button.c.o
 .bss.m_button_count
                0x200021d8        0x1 _build/nrf52832_xxaa_app_button.c.o
 *fill*         0x200021d9        0x3 
 .bss.m_detection_delay_timer_id_data
                0x200021dc       0x20 _build/nrf52832_xxaa_app_button.c.o
 .bss.m_pin_state
                0x200021fc        0x4 _build/nrf52832_xxaa_app_button.c.o
 .bss.m_pin_transition
                0x20002200        0x4 _build/nrf52832_xxaa_app_button.c.o
 .bss.m_ticks_latest
                0x20002204        0x4 _build/nrf52832_xxaa_app_timer.c.o
 .bss.mp_timer_id_head
                0x20002208        0x4 _build/nrf52832_xxaa_app_timer.c.o
 .bss.m_evt_schedule_func
                0x2000220c        0x4 _build/nrf52832_xxaa_app_timer.c.o
 .bss.m_ticks_elapsed_q_read_ind
                0x20002210        0x1 _build/nrf52832_xxaa_app_timer.c.o
 .bss.m_ticks_elapsed_q_write_ind
                0x20002211        0x1 _build/nrf52832_xxaa_app_timer.c.o
 .bss.m_rtc1_reset
                0x20002212        0x1 _build/nrf52832_xxaa_app_timer.c.o
 *fill*         0x20002213        0x1 
 .bss.m_op_queue
                0x20002214        0x8 _build/nrf52832_xxaa_app_timer.c.o
 .bss.m_ticks_elapsed
                0x2000221c        0x8 _build/nrf52832_xxaa_app_timer.c.o
 .bss.m_rtc1_running
                0x20002224        0x1 _build/nrf52832_xxaa_app_timer.c.o
 *fill*         0x20002225        0x3 
 .bss.m_chunk_queue
                0x20002228       0x48 _build/nrf52832_xxaa_fds.c.o
 .bss.desc.6752
                0x20002270        0xc _build/nrf52832_xxaa_fds.c.o
 .bss.m_users   0x2000227c        0x1 _build/nrf52832_xxaa_fds.c.o
 *fill*         0x2000227d        0x3 
 .bss.tok.6658  0x20002280        0x8 _build/nrf52832_xxaa_fds.c.o
 .bss.m_pages   0x20002288       0x20 _build/nrf52832_xxaa_fds.c.o
 .bss.m_gc      0x200022a8       0x10 _build/nrf52832_xxaa_fds.c.o
 .bss.m_op_queue
                0x200022b8       0x78 _build/nrf52832_xxaa_fds.c.o
 .bss.m_swap_page
                0x20002330        0x8 _build/nrf52832_xxaa_fds.c.o
 .bss.m_flags   0x20002338        0x1 _build/nrf52832_xxaa_fds.c.o
 *fill*         0x20002339        0x3 
 .bss.m_latest_rec_id
                0x2000233c        0x4 _build/nrf52832_xxaa_fds.c.o
 .bss.m_cb_table
                0x20002340       0x20 _build/nrf52832_xxaa_fds.c.o
 .bss.m_flags   0x20002360        0x1 _build/nrf52832_xxaa_fstorage.c.o
 *fill*         0x20002361        0x3 
 .bss.m_queue   0x20002364       0x68 _build/nrf52832_xxaa_fstorage.c.o
 .bss.m_retry_count
                0x200023cc        0x1 _build/nrf52832_xxaa_fstorage.c.o
 *fill*         0x200023cd        0x3 
 .bss.m_clock_cb
                0x200023d0       0x14 _build/nrf52832_xxaa_nrf_drv_clock.c.o
 .bss.m_cb      0x200023e4       0x58 _build/nrf52832_xxaa_nrf_drv_gpiote.c.o
 .bss.m_cb      0x2000243c       0x20 _build/nrf52832_xxaa_nrf_drv_uart.c.o
 .bss.current_long_push_pin_no.6979
                0x2000245c        0x1 _build/nrf52832_xxaa_bsp.c.o
 *fill*         0x2000245d        0x3 
 .bss.m_alert_mask
                0x20002460        0x4 _build/nrf52832_xxaa_bsp.c.o
 .bss.release_event_at_push.6980
                0x20002464        0x4 _build/nrf52832_xxaa_bsp.c.o
 .bss.m_indication_type
                0x20002468        0x4 _build/nrf52832_xxaa_bsp.c.o
 .bss.m_leds_timer_id_data
                0x2000246c       0x20 _build/nrf52832_xxaa_bsp.c.o
 .bss.m_app_ticks_per_100ms
                0x2000248c        0x4 _build/nrf52832_xxaa_bsp.c.o
 .bss.m_registered_callback
                0x20002490        0x4 _build/nrf52832_xxaa_bsp.c.o
 .bss.m_button_timer_id_data
                0x20002494       0x20 _build/nrf52832_xxaa_bsp.c.o
 .bss.m_stable_state
                0x200024b4        0x1 _build/nrf52832_xxaa_bsp.c.o
 *fill*         0x200024b5        0x3 
 .bss.m_alert_timer_id_data
                0x200024b8       0x20 _build/nrf52832_xxaa_bsp.c.o
 .bss.m_events_list
                0x200024d8        0xc _build/nrf52832_xxaa_bsp.c.o
 .bss.m_error_handler
                0x200024e4        0x4 _build/nrf52832_xxaa_bsp_btn_ble.c.o
 .bss.m_num_connections
                0x200024e8        0x4 _build/nrf52832_xxaa_bsp_btn_ble.c.o
 .bss.m_unread_alert_state
                0x200024ec        0x1 _build/nrf52832_xxaa_main.c.o
 *fill*         0x200024ed        0x3 
 .bss.m_sec_req_timer_id_data
                0x200024f0       0x20 _build/nrf52832_xxaa_main.c.o
 .bss.m_ans_c   0x20002510       0x5c _build/nrf52832_xxaa_main.c.o
 .bss.m_new_alert_state
                0x2000256c        0x1 _build/nrf52832_xxaa_main.c.o
 *fill*         0x2000256d        0x3 
 .bss.m_alert_message_buffer
                0x20002570       0x12 _build/nrf52832_xxaa_main.c.o
 *fill*         0x20002582        0x2 
 .bss.BLE_EVT_BUFFER.10233
                0x20002584       0x50 _build/nrf52832_xxaa_main.c.o
 .bss.m_ble_db_discovery
                0x200025d4      0x1ac _build/nrf52832_xxaa_main.c.o
 .bss.APP_TIMER_BUF.10123
                0x20002780       0x78 _build/nrf52832_xxaa_main.c.o
 .bss.m_advdata
                0x200027f8       0x38 _build/nrf52832_xxaa_ble_advertising.c.o
 .bss.m_whitelist_in_use
                0x20002830        0x1 _build/nrf52832_xxaa_ble_advertising.c.o
 *fill*         0x20002831        0x3 
 .bss.m_manuf_specific_data
                0x20002834        0xc _build/nrf52832_xxaa_ble_advertising.c.o
 .bss.m_evt_handler
                0x20002840        0x4 _build/nrf52832_xxaa_ble_advertising.c.o
 .bss.m_advertising_start_pending
                0x20002844        0x1 _build/nrf52832_xxaa_ble_advertising.c.o
 *fill*         0x20002845        0x3 
 .bss.m_manuf_data_array
                0x20002848       0x1f _build/nrf52832_xxaa_ble_advertising.c.o
 .bss.m_whitelist_temporarily_disabled
                0x20002867        0x1 _build/nrf52832_xxaa_ble_advertising.c.o
 .bss.m_error_handler
                0x20002868        0x4 _build/nrf52832_xxaa_ble_advertising.c.o
 .bss.m_peer_address
                0x2000286c        0x7 _build/nrf52832_xxaa_ble_advertising.c.o
 *fill*         0x20002873        0x1 
 .bss.m_adv_modes_config
                0x20002874       0x20 _build/nrf52832_xxaa_ble_advertising.c.o
 .bss.m_slave_conn_int
                0x20002894        0x4 _build/nrf52832_xxaa_ble_advertising.c.o
 .bss.m_service_data_array
                0x20002898       0x1f _build/nrf52832_xxaa_ble_advertising.c.o
 .bss.m_whitelist_reply_expected
                0x200028b7        0x1 _build/nrf52832_xxaa_ble_advertising.c.o
 .bss.m_current_slave_link_conn_handle
                0x200028b8        0x2 _build/nrf52832_xxaa_ble_advertising.c.o
 .bss.m_adv_mode_current
                0x200028ba        0x1 _build/nrf52832_xxaa_ble_advertising.c.o
 .bss.m_peer_addr_reply_expected
                0x200028bb        0x1 _build/nrf52832_xxaa_ble_advertising.c.o
 .bss.m_initialized
                0x200028bc        0x1 _build/nrf52832_xxaa_ble_advertising.c.o
 *fill*         0x200028bd        0x3 
 .bss.m_service_data
                0x200028c0        0xc _build/nrf52832_xxaa_ble_advertising.c.o
 .bss.m_adv_evt
                0x200028cc        0x1 _build/nrf52832_xxaa_ble_advertising.c.o
 .bss.m_change_param
                0x200028cd        0x1 _build/nrf52832_xxaa_ble_conn_params.c.o
 *fill*         0x200028ce        0x2 
 .bss.m_current_conn_params
                0x200028d0        0x8 _build/nrf52832_xxaa_ble_conn_params.c.o
 .bss.m_update_count
                0x200028d8        0x1 _build/nrf52832_xxaa_ble_conn_params.c.o
 *fill*         0x200028d9        0x3 
 .bss.m_conn_params_config
                0x200028dc       0x1c _build/nrf52832_xxaa_ble_conn_params.c.o
 .bss.m_conn_params_timer_id_data
                0x200028f8       0x20 _build/nrf52832_xxaa_ble_conn_params.c.o
 .bss.m_conn_handle
                0x20002918        0x2 _build/nrf52832_xxaa_ble_conn_params.c.o
 *fill*         0x2000291a        0x2 
 .bss.m_preferred_conn_params
                0x2000291c        0x8 _build/nrf52832_xxaa_ble_conn_params.c.o
 .bss.m_bcs     0x20002924       0x34 _build/nrf52832_xxaa_ble_conn_state.c.o
 .bss.m_evt_handler
                0x20002958        0x4 _build/nrf52832_xxaa_ble_db_discovery.c.o
 .bss.m_pending_user_evts
                0x2000295c      0x1e0 _build/nrf52832_xxaa_ble_db_discovery.c.o
 .bss.m_pending_usr_evt_index
                0x20002b3c        0x4 _build/nrf52832_xxaa_ble_db_discovery.c.o
 .bss.m_registered_handlers
                0x20002b40       0x18 _build/nrf52832_xxaa_ble_db_discovery.c.o
 .bss.m_initialized
                0x20002b58        0x1 _build/nrf52832_xxaa_ble_db_discovery.c.o
 *fill*         0x20002b59        0x3 
 .bss.m_num_of_handlers_reg
                0x20002b5c        0x4 _build/nrf52832_xxaa_ble_db_discovery.c.o
 .bss.m_flag_service_changed_pending
                0x20002b60        0x1 _build/nrf52832_xxaa_gatt_cache_manager.c.o
 .bss.m_flag_service_changed_sent
                0x20002b61        0x1 _build/nrf52832_xxaa_gatt_cache_manager.c.o
 .bss.m_flag_local_db_update_pending
                0x20002b62        0x1 _build/nrf52832_xxaa_gatt_cache_manager.c.o
 .bss.m_flag_local_db_apply_pending
                0x20002b63        0x1 _build/nrf52832_xxaa_gatt_cache_manager.c.o
 .bss.m_current_sc_store_peer_id
                0x20002b64        0x2 _build/nrf52832_xxaa_gatts_cache_manager.c.o
 .bss.start_handle.8471
                0x20002b66        0x2 _build/nrf52832_xxaa_gatts_cache_manager.c.o
 .bss.m_connections
                0x20002b68       0x60 _build/nrf52832_xxaa_id_manager.c.o
 .bss.m_conn_state_user_flag_id
                0x20002bc8        0x1 _build/nrf52832_xxaa_id_manager.c.o
 *fill*         0x20002bc9        0x3 
 .bss.m_fds_ftok
                0x20002bcc        0x8 _build/nrf52832_xxaa_peer_data_storage.c.o
 .bss.m_peer_delete_queued
                0x20002bd4        0x1 _build/nrf52832_xxaa_peer_data_storage.c.o
 .bss.m_peer_delete_ongoing
                0x20002bd5        0x1 _build/nrf52832_xxaa_peer_data_storage.c.o
 *fill*         0x20002bd6        0x2 
 .bss.m_write_buffer_records
                0x20002bd8       0xa0 _build/nrf52832_xxaa_peer_database.c.o
 .bss.m_n_writes
                0x20002c78        0x4 _build/nrf52832_xxaa_peer_database.c.o
 .bss.m_write_buffer
                0x20002c7c       0x10 _build/nrf52832_xxaa_peer_database.c.o
 .bss.mutex_memory.8494
                0x20002c8c        0x1 _build/nrf52832_xxaa_peer_database.c.o
 *fill*         0x20002c8d        0x3 
 .bss.buffer_memory.8493
                0x20002c90      0x280 _build/nrf52832_xxaa_peer_database.c.o
 .bss.m_pi      0x20002f10       0x40 _build/nrf52832_xxaa_peer_id.c.o
 .bss.m_pairing_flag_id
                0x20002f50        0x1 _build/nrf52832_xxaa_peer_manager.c.o
 *fill*         0x20002f51        0x3 
 .bss.m_current_highest_peer_rank
                0x20002f54        0x4 _build/nrf52832_xxaa_peer_manager.c.o
 .bss.m_module_initialized
                0x20002f58        0x1 _build/nrf52832_xxaa_peer_manager.c.o
 *fill*         0x20002f59        0x3 
 .bss.m_evt_handlers
                0x20002f5c        0xc _build/nrf52832_xxaa_peer_manager.c.o
 .bss.m_peer_rank_initialized
                0x20002f68        0x1 _build/nrf52832_xxaa_peer_manager.c.o
 .bss.m_deleting_all
                0x20002f69        0x1 _build/nrf52832_xxaa_peer_manager.c.o
 .bss.m_n_registrants
                0x20002f6a        0x1 _build/nrf52832_xxaa_peer_manager.c.o
 *fill*         0x20002f6b        0x1 
 .bss.m_peer_rank_token
                0x20002f6c        0x4 _build/nrf52832_xxaa_peer_manager.c.o
 .bss.m_bonding_flag_id
                0x20002f70        0x1 _build/nrf52832_xxaa_peer_manager.c.o
 *fill*         0x20002f71        0x1 
 .bss.m_highest_ranked_peer
                0x20002f72        0x2 _build/nrf52832_xxaa_peer_manager.c.o
 .bss.m_peer_pk
                0x20002f74       0x40 _build/nrf52832_xxaa_security_dispatcher.c.o
 .bss.m_p_public_key
                0x20002fb4        0x4 _build/nrf52832_xxaa_security_manager.c.o
 .bss.m_sec_params
                0x20002fb8        0x5 _build/nrf52832_xxaa_security_manager.c.o
 .bss.m_sec_params_valid
                0x20002fbd        0x1 _build/nrf52832_xxaa_security_manager.c.o
 *fill*         0x20002fbe        0x2 
 .bss.m_tx_insert_index
                0x20002fc0        0x4 _build/nrf52832_xxaa_ble_ans_c.c.o
 .bss.m_tx_index
                0x20002fc4        0x4 _build/nrf52832_xxaa_ble_ans_c.c.o
 .bss.m_tx_buffer
                0x20002fc8       0xa0 _build/nrf52832_xxaa_ble_ans_c.c.o
 .bss.m_suspended
                0x20003068        0x1 _build/nrf52832_xxaa_softdevice_handler.c.o
 .bss.m_softdevice_enabled
                0x20003069        0x1 _build/nrf52832_xxaa_softdevice_handler.c.o
 .bss.m_ble_evt_buffer_size
                0x2000306a        0x2 _build/nrf52832_xxaa_softdevice_handler.c.o
 .bss.mp_ble_evt_buffer
                0x2000306c        0x4 _build/nrf52832_xxaa_softdevice_handler.c.o
 .bss.m_sys_evt_handler
                0x20003070        0x4 _build/nrf52832_xxaa_softdevice_handler.c.o
 .bss.m_ble_evt_handler
                0x20003074        0x4 _build/nrf52832_xxaa_softdevice_handler.c.o
 .bss.m_evt_schedule_func
                0x20003078        0x4 _build/nrf52832_xxaa_softdevice_handler.c.o
 *(COMMON)
 COMMON         0x2000307c        0xc _build/nrf52832_xxaa_app_util_platform.c.o
                0x2000307c                nrf_nvic_state
                0x20003088                . = ALIGN (0x4)
                0x20003088                __bss_end__ = .

.heap           0x20003088     0x2000
                0x20003088                __HeapBase = .
                0x20003088                __end__ = .
                [!provide]                PROVIDE (end, .)
 *(.heap*)
 .heap          0x20003088     0x2000 _build/nrf52832_xxaa_gcc_startup_nrf52.S.o
                0x20005088                __HeapLimit = .

.stack_dummy    0x20003088     0x2000
 *(.stack*)
 .stack         0x20003088     0x2000 _build/nrf52832_xxaa_gcc_startup_nrf52.S.o
                0x20010000                __StackTop = (ORIGIN (RAM) + LENGTH (RAM))
                0x2000e000                __StackLimit = (__StackTop - SIZEOF (.stack_dummy))
                0x20010000                PROVIDE (__stack, __StackTop)
                0x00000001                ASSERT ((__StackLimit >= __HeapLimit), region RAM overflowed with stack)
OUTPUT(_build/nrf52832_xxaa.out elf32-littlearm)

.ARM.attributes
                0x00000000       0x30
 .ARM.attributes
                0x00000000       0x22 /home/diederik/bin/gcc-arm-none-eabi-5_3-2016q1/bin/../lib/gcc/arm-none-eabi/5.3.1/armv7e-m/fpu/crti.o
 .ARM.attributes
                0x00000022       0x34 /home/diederik/bin/gcc-arm-none-eabi-5_3-2016q1/bin/../lib/gcc/arm-none-eabi/5.3.1/armv7e-m/fpu/crtbegin.o
 .ARM.attributes
                0x00000056       0x20 /home/diederik/bin/gcc-arm-none-eabi-5_3-2016q1/bin/../lib/gcc/arm-none-eabi/5.3.1/../../../../arm-none-eabi/lib/armv7e-m/fpu/crt0.o
 .ARM.attributes
                0x00000076       0x34 /home/diederik/bin/gcc-arm-none-eabi-5_3-2016q1/bin/../lib/gcc/arm-none-eabi/5.3.1/../../../../arm-none-eabi/lib/armv7e-m/fpu/libc_nano.a(lib_a-exit.o)
 .ARM.attributes
                0x000000aa       0x34 /home/diederik/bin/gcc-arm-none-eabi-5_3-2016q1/bin/../lib/gcc/arm-none-eabi/5.3.1/../../../../arm-none-eabi/lib/armv7e-m/fpu/libc_nano.a(lib_a-impure.o)
 .ARM.attributes
                0x000000de       0x34 /home/diederik/bin/gcc-arm-none-eabi-5_3-2016q1/bin/../lib/gcc/arm-none-eabi/5.3.1/../../../../arm-none-eabi/lib/armv7e-m/fpu/libc_nano.a(lib_a-init.o)
 .ARM.attributes
                0x00000112       0x34 /home/diederik/bin/gcc-arm-none-eabi-5_3-2016q1/bin/../lib/gcc/arm-none-eabi/5.3.1/../../../../arm-none-eabi/lib/armv7e-m/fpu/libc_nano.a(lib_a-memset.o)
 .ARM.attributes
                0x00000146       0x34 /home/diederik/bin/gcc-arm-none-eabi-5_3-2016q1/bin/../lib/gcc/arm-none-eabi/5.3.1/../../../../arm-none-eabi/lib/armv7e-m/fpu/libnosys.a(_exit.o)
 .ARM.attributes
                0x0000017a       0x39 _build/nrf52832_xxaa_app_button.c.o
 .ARM.attributes
                0x000001b3       0x39 _build/nrf52832_xxaa_app_error.c.o
 .ARM.attributes
                0x000001ec       0x39 _build/nrf52832_xxaa_app_error_weak.c.o
 .ARM.attributes
                0x00000225       0x39 _build/nrf52832_xxaa_app_timer.c.o
 .ARM.attributes
                0x0000025e       0x39 _build/nrf52832_xxaa_app_util_platform.c.o
 .ARM.attributes
                0x00000297       0x39 _build/nrf52832_xxaa_fds.c.o
 .ARM.attributes
                0x000002d0       0x39 _build/nrf52832_xxaa_fstorage.c.o
 .ARM.attributes
                0x00000309       0x39 _build/nrf52832_xxaa_sdk_mapped_flags.c.o
 .ARM.attributes
                0x00000342       0x39 _build/nrf52832_xxaa_nrf_drv_clock.c.o
 .ARM.attributes
                0x0000037b       0x39 _build/nrf52832_xxaa_nrf_drv_common.c.o
 .ARM.attributes
                0x000003b4       0x39 _build/nrf52832_xxaa_nrf_drv_gpiote.c.o
 .ARM.attributes
                0x000003ed       0x39 _build/nrf52832_xxaa_nrf_drv_uart.c.o
 .ARM.attributes
                0x00000426       0x39 _build/nrf52832_xxaa_bsp.c.o
 .ARM.attributes
                0x0000045f       0x39 _build/nrf52832_xxaa_bsp_btn_ble.c.o
 .ARM.attributes
                0x00000498       0x39 _build/nrf52832_xxaa_main.c.o
 .ARM.attributes
                0x000004d1       0x39 _build/nrf52832_xxaa_ble_advdata.c.o
 .ARM.attributes
                0x0000050a       0x39 _build/nrf52832_xxaa_ble_advertising.c.o
 .ARM.attributes
                0x00000543       0x39 _build/nrf52832_xxaa_ble_conn_params.c.o
 .ARM.attributes
                0x0000057c       0x39 _build/nrf52832_xxaa_ble_conn_state.c.o
 .ARM.attributes
                0x000005b5       0x39 _build/nrf52832_xxaa_ble_db_discovery.c.o
 .ARM.attributes
                0x000005ee       0x39 _build/nrf52832_xxaa_ble_srv_common.c.o
 .ARM.attributes
                0x00000627       0x39 _build/nrf52832_xxaa_gatt_cache_manager.c.o
 .ARM.attributes
                0x00000660       0x39 _build/nrf52832_xxaa_gatts_cache_manager.c.o
 .ARM.attributes
                0x00000699       0x39 _build/nrf52832_xxaa_id_manager.c.o
 .ARM.attributes
                0x000006d2       0x39 _build/nrf52832_xxaa_peer_data_storage.c.o
 .ARM.attributes
                0x0000070b       0x39 _build/nrf52832_xxaa_peer_database.c.o
 .ARM.attributes
                0x00000744       0x39 _build/nrf52832_xxaa_peer_id.c.o
 .ARM.attributes
                0x0000077d       0x39 _build/nrf52832_xxaa_peer_manager.c.o
 .ARM.attributes
                0x000007b6       0x39 _build/nrf52832_xxaa_pm_buffer.c.o
 .ARM.attributes
                0x000007ef       0x39 _build/nrf52832_xxaa_pm_mutex.c.o
 .ARM.attributes
                0x00000828       0x39 _build/nrf52832_xxaa_security_dispatcher.c.o
 .ARM.attributes
                0x00000861       0x39 _build/nrf52832_xxaa_security_manager.c.o
 .ARM.attributes
                0x0000089a       0x1c _build/nrf52832_xxaa_gcc_startup_nrf52.S.o
 .ARM.attributes
                0x000008b6       0x39 _build/nrf52832_xxaa_system_nrf52.c.o
 .ARM.attributes
                0x000008ef       0x39 _build/nrf52832_xxaa_ble_ans_c.c.o
 .ARM.attributes
                0x00000928       0x39 _build/nrf52832_xxaa_softdevice_handler.c.o
 .ARM.attributes
                0x00000961       0x34 /home/diederik/bin/gcc-arm-none-eabi-5_3-2016q1/bin/../lib/gcc/arm-none-eabi/5.3.1/../../../../arm-none-eabi/lib/armv7e-m/fpu/libc_nano.a(lib_a-memcmp.o)
 .ARM.attributes
                0x00000995       0x34 /home/diederik/bin/gcc-arm-none-eabi-5_3-2016q1/bin/../lib/gcc/arm-none-eabi/5.3.1/../../../../arm-none-eabi/lib/armv7e-m/fpu/libc_nano.a(lib_a-memcpy-stub.o)
 .ARM.attributes
                0x000009c9       0x1b /home/diederik/bin/gcc-arm-none-eabi-5_3-2016q1/bin/../lib/gcc/arm-none-eabi/5.3.1/../../../../arm-none-eabi/lib/armv7e-m/fpu/libc_nano.a(lib_a-strlen.o)
 .ARM.attributes
                0x000009e4       0x34 /home/diederik/bin/gcc-arm-none-eabi-5_3-2016q1/bin/../lib/gcc/arm-none-eabi/5.3.1/armv7e-m/fpu/crtend.o
 .ARM.attributes
                0x00000a18       0x22 /home/diederik/bin/gcc-arm-none-eabi-5_3-2016q1/bin/../lib/gcc/arm-none-eabi/5.3.1/armv7e-m/fpu/crtn.o

.comment        0x00000000       0x6e
 .comment       0x00000000       0x6e _build/nrf52832_xxaa_app_button.c.o
                                 0x6f (size before relaxing)
 .comment       0x0000006e       0x6f _build/nrf52832_xxaa_app_error.c.o
 .comment       0x0000006e       0x6f _build/nrf52832_xxaa_app_error_weak.c.o
 .comment       0x0000006e       0x6f _build/nrf52832_xxaa_app_timer.c.o
 .comment       0x0000006e       0x6f _build/nrf52832_xxaa_app_util_platform.c.o
 .comment       0x0000006e       0x6f _build/nrf52832_xxaa_fds.c.o
 .comment       0x0000006e       0x6f _build/nrf52832_xxaa_fstorage.c.o
 .comment       0x0000006e       0x6f _build/nrf52832_xxaa_sdk_mapped_flags.c.o
 .comment       0x0000006e       0x6f _build/nrf52832_xxaa_nrf_drv_clock.c.o
 .comment       0x0000006e       0x6f _build/nrf52832_xxaa_nrf_drv_common.c.o
 .comment       0x0000006e       0x6f _build/nrf52832_xxaa_nrf_drv_gpiote.c.o
 .comment       0x0000006e       0x6f _build/nrf52832_xxaa_nrf_drv_uart.c.o
 .comment       0x0000006e       0x6f _build/nrf52832_xxaa_bsp.c.o
 .comment       0x0000006e       0x6f _build/nrf52832_xxaa_bsp_btn_ble.c.o
 .comment       0x0000006e       0x6f _build/nrf52832_xxaa_main.c.o
 .comment       0x0000006e       0x6f _build/nrf52832_xxaa_ble_advdata.c.o
 .comment       0x0000006e       0x6f _build/nrf52832_xxaa_ble_advertising.c.o
 .comment       0x0000006e       0x6f _build/nrf52832_xxaa_ble_conn_params.c.o
 .comment       0x0000006e       0x6f _build/nrf52832_xxaa_ble_conn_state.c.o
 .comment       0x0000006e       0x6f _build/nrf52832_xxaa_ble_db_discovery.c.o
 .comment       0x0000006e       0x6f _build/nrf52832_xxaa_ble_srv_common.c.o
 .comment       0x0000006e       0x6f _build/nrf52832_xxaa_gatt_cache_manager.c.o
 .comment       0x0000006e       0x6f _build/nrf52832_xxaa_gatts_cache_manager.c.o
 .comment       0x0000006e       0x6f _build/nrf52832_xxaa_id_manager.c.o
 .comment       0x0000006e       0x6f _build/nrf52832_xxaa_peer_data_storage.c.o
 .comment       0x0000006e       0x6f _build/nrf52832_xxaa_peer_database.c.o
 .comment       0x0000006e       0x6f _build/nrf52832_xxaa_peer_id.c.o
 .comment       0x0000006e       0x6f _build/nrf52832_xxaa_peer_manager.c.o
 .comment       0x0000006e       0x6f _build/nrf52832_xxaa_pm_buffer.c.o
 .comment       0x0000006e       0x6f _build/nrf52832_xxaa_pm_mutex.c.o
 .comment       0x0000006e       0x6f _build/nrf52832_xxaa_security_dispatcher.c.o
 .comment       0x0000006e       0x6f _build/nrf52832_xxaa_security_manager.c.o
 .comment       0x0000006e       0x6f _build/nrf52832_xxaa_system_nrf52.c.o
 .comment       0x0000006e       0x6f _build/nrf52832_xxaa_ble_ans_c.c.o
 .comment       0x0000006e       0x6f _build/nrf52832_xxaa_softdevice_handler.c.o

.debug_frame    0x00000000     0x354c
 .debug_frame   0x00000000       0x28 /home/diederik/bin/gcc-arm-none-eabi-5_3-2016q1/bin/../lib/gcc/arm-none-eabi/5.3.1/../../../../arm-none-eabi/lib/armv7e-m/fpu/libc_nano.a(lib_a-exit.o)
 .debug_frame   0x00000028       0x2c /home/diederik/bin/gcc-arm-none-eabi-5_3-2016q1/bin/../lib/gcc/arm-none-eabi/5.3.1/../../../../arm-none-eabi/lib/armv7e-m/fpu/libc_nano.a(lib_a-init.o)
 .debug_frame   0x00000054       0x20 /home/diederik/bin/gcc-arm-none-eabi-5_3-2016q1/bin/../lib/gcc/arm-none-eabi/5.3.1/../../../../arm-none-eabi/lib/armv7e-m/fpu/libc_nano.a(lib_a-memset.o)
 .debug_frame   0x00000074       0x20 /home/diederik/bin/gcc-arm-none-eabi-5_3-2016q1/bin/../lib/gcc/arm-none-eabi/5.3.1/../../../../arm-none-eabi/lib/armv7e-m/fpu/libnosys.a(_exit.o)
 .debug_frame   0x00000094       0xe4 _build/nrf52832_xxaa_app_button.c.o
 .debug_frame   0x00000178       0x70 _build/nrf52832_xxaa_app_error.c.o
 .debug_frame   0x000001e8       0x20 _build/nrf52832_xxaa_app_error_weak.c.o
 .debug_frame   0x00000208      0x144 _build/nrf52832_xxaa_app_timer.c.o
 .debug_frame   0x0000034c       0x74 _build/nrf52832_xxaa_app_util_platform.c.o
 .debug_frame   0x000003c0      0x400 _build/nrf52832_xxaa_fds.c.o
 .debug_frame   0x000007c0      0x15c _build/nrf52832_xxaa_fstorage.c.o
 .debug_frame   0x0000091c       0xa0 _build/nrf52832_xxaa_sdk_mapped_flags.c.o
 .debug_frame   0x000009bc      0x1e8 _build/nrf52832_xxaa_nrf_drv_clock.c.o
 .debug_frame   0x00000ba4       0x2c _build/nrf52832_xxaa_nrf_drv_common.c.o
 .debug_frame   0x00000bd0      0x260 _build/nrf52832_xxaa_nrf_drv_gpiote.c.o
 .debug_frame   0x00000e30      0x1b0 _build/nrf52832_xxaa_nrf_drv_uart.c.o
 .debug_frame   0x00000fe0      0x234 _build/nrf52832_xxaa_bsp.c.o
 .debug_frame   0x00001214       0x70 _build/nrf52832_xxaa_bsp_btn_ble.c.o
 .debug_frame   0x00001284      0x1ec _build/nrf52832_xxaa_main.c.o
 .debug_frame   0x00001470      0x100 _build/nrf52832_xxaa_ble_advdata.c.o
 .debug_frame   0x00001570      0x164 _build/nrf52832_xxaa_ble_advertising.c.o
 .debug_frame   0x000016d4      0x138 _build/nrf52832_xxaa_ble_conn_params.c.o
 .debug_frame   0x0000180c      0x1f8 _build/nrf52832_xxaa_ble_conn_state.c.o
 .debug_frame   0x00001a04      0x17c _build/nrf52832_xxaa_ble_db_discovery.c.o
 .debug_frame   0x00001b80       0xcc _build/nrf52832_xxaa_ble_srv_common.c.o
 .debug_frame   0x00001c4c      0x1b0 _build/nrf52832_xxaa_gatt_cache_manager.c.o
 .debug_frame   0x00001dfc      0x16c _build/nrf52832_xxaa_gatts_cache_manager.c.o
 .debug_frame   0x00001f68      0x3b0 _build/nrf52832_xxaa_id_manager.c.o
 .debug_frame   0x00002318      0x1c8 _build/nrf52832_xxaa_peer_data_storage.c.o
 .debug_frame   0x000024e0      0x230 _build/nrf52832_xxaa_peer_database.c.o
 .debug_frame   0x00002710      0x100 _build/nrf52832_xxaa_peer_id.c.o
 .debug_frame   0x00002810      0x4a0 _build/nrf52832_xxaa_peer_manager.c.o
 .debug_frame   0x00002cb0       0xb4 _build/nrf52832_xxaa_pm_buffer.c.o
 .debug_frame   0x00002d64       0xb8 _build/nrf52832_xxaa_pm_mutex.c.o
 .debug_frame   0x00002e1c      0x168 _build/nrf52832_xxaa_security_dispatcher.c.o
 .debug_frame   0x00002f84      0x174 _build/nrf52832_xxaa_security_manager.c.o
 .debug_frame   0x000030f8       0x48 _build/nrf52832_xxaa_system_nrf52.c.o
 .debug_frame   0x00003140      0x200 _build/nrf52832_xxaa_ble_ans_c.c.o
 .debug_frame   0x00003340      0x1bc _build/nrf52832_xxaa_softdevice_handler.c.o
 .debug_frame   0x000034fc       0x28 /home/diederik/bin/gcc-arm-none-eabi-5_3-2016q1/bin/../lib/gcc/arm-none-eabi/5.3.1/../../../../arm-none-eabi/lib/armv7e-m/fpu/libc_nano.a(lib_a-memcmp.o)
 .debug_frame   0x00003524       0x28 /home/diederik/bin/gcc-arm-none-eabi-5_3-2016q1/bin/../lib/gcc/arm-none-eabi/5.3.1/../../../../arm-none-eabi/lib/armv7e-m/fpu/libc_nano.a(lib_a-memcpy-stub.o)

.debug_info     0x00000000    0x3e5dc
 .debug_info    0x00000000      0x622 _build/nrf52832_xxaa_app_button.c.o
 .debug_info    0x00000622      0x34f _build/nrf52832_xxaa_app_error.c.o
 .debug_info    0x00000971      0x331 _build/nrf52832_xxaa_app_error_weak.c.o
 .debug_info    0x00000ca2     0x1bc3 _build/nrf52832_xxaa_app_timer.c.o
 .debug_info    0x00002865      0x615 _build/nrf52832_xxaa_app_util_platform.c.o
 .debug_info    0x00002e7a     0x37f1 _build/nrf52832_xxaa_fds.c.o
 .debug_info    0x0000666b     0x125a _build/nrf52832_xxaa_fstorage.c.o
 .debug_info    0x000078c5      0x536 _build/nrf52832_xxaa_sdk_mapped_flags.c.o
 .debug_info    0x00007dfb     0x158d _build/nrf52832_xxaa_nrf_drv_clock.c.o
 .debug_info    0x00009388      0x62b _build/nrf52832_xxaa_nrf_drv_common.c.o
 .debug_info    0x000099b3     0x228c _build/nrf52832_xxaa_nrf_drv_gpiote.c.o
 .debug_info    0x0000bc3f     0x3fda _build/nrf52832_xxaa_nrf_drv_uart.c.o
 .debug_info    0x0000fc19     0x1529 _build/nrf52832_xxaa_bsp.c.o
 .debug_info    0x00011142     0x17ae _build/nrf52832_xxaa_bsp_btn_ble.c.o
 .debug_info    0x000128f0     0x478a _build/nrf52832_xxaa_main.c.o
 .debug_info    0x0001707a     0x1ad1 _build/nrf52832_xxaa_ble_advdata.c.o
 .debug_info    0x00018b4b     0x2408 _build/nrf52832_xxaa_ble_advertising.c.o
 .debug_info    0x0001af53     0x1c52 _build/nrf52832_xxaa_ble_conn_params.c.o
 .debug_info    0x0001cba5     0x1d7f _build/nrf52832_xxaa_ble_conn_state.c.o
 .debug_info    0x0001e924     0x273a _build/nrf52832_xxaa_ble_db_discovery.c.o
 .debug_info    0x0002105e      0xc8f _build/nrf52832_xxaa_ble_srv_common.c.o
 .debug_info    0x00021ced     0x2aa7 _build/nrf52832_xxaa_gatt_cache_manager.c.o
 .debug_info    0x00024794     0x1190 _build/nrf52832_xxaa_gatts_cache_manager.c.o
 .debug_info    0x00025924     0x3c0a _build/nrf52832_xxaa_id_manager.c.o
 .debug_info    0x0002952e     0x1aad _build/nrf52832_xxaa_peer_data_storage.c.o
 .debug_info    0x0002afdb     0x1f45 _build/nrf52832_xxaa_peer_database.c.o
 .debug_info    0x0002cf20      0x7d5 _build/nrf52832_xxaa_peer_id.c.o
 .debug_info    0x0002d6f5     0x3e3b _build/nrf52832_xxaa_peer_manager.c.o
 .debug_info    0x00031530      0x344 _build/nrf52832_xxaa_pm_buffer.c.o
 .debug_info    0x00031874      0x44a _build/nrf52832_xxaa_pm_mutex.c.o
 .debug_info    0x00031cbe     0x3c5d _build/nrf52832_xxaa_security_dispatcher.c.o
 .debug_info    0x0003591b     0x2d85 _build/nrf52832_xxaa_security_manager.c.o
 .debug_info    0x000386a0      0xde9 _build/nrf52832_xxaa_system_nrf52.c.o
 .debug_info    0x00039489     0x2b84 _build/nrf52832_xxaa_ble_ans_c.c.o
 .debug_info    0x0003c00d     0x25cf _build/nrf52832_xxaa_softdevice_handler.c.o

.debug_abbrev   0x00000000     0x773c
 .debug_abbrev  0x00000000      0x1e1 _build/nrf52832_xxaa_app_button.c.o
 .debug_abbrev  0x000001e1      0x13a _build/nrf52832_xxaa_app_error.c.o
 .debug_abbrev  0x0000031b      0x13a _build/nrf52832_xxaa_app_error_weak.c.o
 .debug_abbrev  0x00000455      0x405 _build/nrf52832_xxaa_app_timer.c.o
 .debug_abbrev  0x0000085a      0x232 _build/nrf52832_xxaa_app_util_platform.c.o
 .debug_abbrev  0x00000a8c      0x44a _build/nrf52832_xxaa_fds.c.o
 .debug_abbrev  0x00000ed6      0x402 _build/nrf52832_xxaa_fstorage.c.o
 .debug_abbrev  0x000012d8      0x22f _build/nrf52832_xxaa_sdk_mapped_flags.c.o
 .debug_abbrev  0x00001507      0x44e _build/nrf52832_xxaa_nrf_drv_clock.c.o
 .debug_abbrev  0x00001955      0x1ad _build/nrf52832_xxaa_nrf_drv_common.c.o
 .debug_abbrev  0x00001b02      0x471 _build/nrf52832_xxaa_nrf_drv_gpiote.c.o
 .debug_abbrev  0x00001f73      0x410 _build/nrf52832_xxaa_nrf_drv_uart.c.o
 .debug_abbrev  0x00002383      0x408 _build/nrf52832_xxaa_bsp.c.o
 .debug_abbrev  0x0000278b      0x2df _build/nrf52832_xxaa_bsp_btn_ble.c.o
 .debug_abbrev  0x00002a6a      0x475 _build/nrf52832_xxaa_main.c.o
 .debug_abbrev  0x00002edf      0x35a _build/nrf52832_xxaa_ble_advdata.c.o
 .debug_abbrev  0x00003239      0x46c _build/nrf52832_xxaa_ble_advertising.c.o
 .debug_abbrev  0x000036a5      0x409 _build/nrf52832_xxaa_ble_conn_params.c.o
 .debug_abbrev  0x00003aae      0x3f9 _build/nrf52832_xxaa_ble_conn_state.c.o
 .debug_abbrev  0x00003ea7      0x467 _build/nrf52832_xxaa_ble_db_discovery.c.o
 .debug_abbrev  0x0000430e      0x24f _build/nrf52832_xxaa_ble_srv_common.c.o
 .debug_abbrev  0x0000455d      0x3e8 _build/nrf52832_xxaa_gatt_cache_manager.c.o
 .debug_abbrev  0x00004945      0x3a8 _build/nrf52832_xxaa_gatts_cache_manager.c.o
 .debug_abbrev  0x00004ced      0x4dc _build/nrf52832_xxaa_id_manager.c.o
 .debug_abbrev  0x000051c9      0x3e1 _build/nrf52832_xxaa_peer_data_storage.c.o
 .debug_abbrev  0x000055aa      0x415 _build/nrf52832_xxaa_peer_database.c.o
 .debug_abbrev  0x000059bf      0x24c _build/nrf52832_xxaa_peer_id.c.o
 .debug_abbrev  0x00005c0b      0x44d _build/nrf52832_xxaa_peer_manager.c.o
 .debug_abbrev  0x00006058      0x163 _build/nrf52832_xxaa_pm_buffer.c.o
 .debug_abbrev  0x000061bb      0x1bb _build/nrf52832_xxaa_pm_mutex.c.o
 .debug_abbrev  0x00006376      0x453 _build/nrf52832_xxaa_security_dispatcher.c.o
 .debug_abbrev  0x000067c9      0x44a _build/nrf52832_xxaa_security_manager.c.o
 .debug_abbrev  0x00006c13      0x1e7 _build/nrf52832_xxaa_system_nrf52.c.o
 .debug_abbrev  0x00006dfa      0x470 _build/nrf52832_xxaa_ble_ans_c.c.o
 .debug_abbrev  0x0000726a      0x4d2 _build/nrf52832_xxaa_softdevice_handler.c.o

.debug_loc      0x00000000    0x20a55
 .debug_loc     0x00000000      0x3ab _build/nrf52832_xxaa_app_button.c.o
 .debug_loc     0x000003ab      0x145 _build/nrf52832_xxaa_app_error.c.o
 .debug_loc     0x000004f0       0x42 _build/nrf52832_xxaa_app_error_weak.c.o
 .debug_loc     0x00000532      0xd42 _build/nrf52832_xxaa_app_timer.c.o
 .debug_loc     0x00001274       0x44 _build/nrf52832_xxaa_app_util_platform.c.o
 .debug_loc     0x000012b8     0x3698 _build/nrf52832_xxaa_fds.c.o
 .debug_loc     0x00004950      0x9bd _build/nrf52832_xxaa_fstorage.c.o
 .debug_loc     0x0000530d      0xc6e _build/nrf52832_xxaa_sdk_mapped_flags.c.o
 .debug_loc     0x00005f7b      0x476 _build/nrf52832_xxaa_nrf_drv_clock.c.o
 .debug_loc     0x000063f1       0xd6 _build/nrf52832_xxaa_nrf_drv_common.c.o
 .debug_loc     0x000064c7     0x215b _build/nrf52832_xxaa_nrf_drv_gpiote.c.o
 .debug_loc     0x00008622     0x24bd _build/nrf52832_xxaa_nrf_drv_uart.c.o
 .debug_loc     0x0000aadf     0x19f2 _build/nrf52832_xxaa_bsp.c.o
 .debug_loc     0x0000c4d1      0x1dc _build/nrf52832_xxaa_bsp_btn_ble.c.o
 .debug_loc     0x0000c6ad      0xed4 _build/nrf52832_xxaa_main.c.o
 .debug_loc     0x0000d581     0x1acf _build/nrf52832_xxaa_ble_advdata.c.o
 .debug_loc     0x0000f050      0x5ed _build/nrf52832_xxaa_ble_advertising.c.o
 .debug_loc     0x0000f63d      0x3ba _build/nrf52832_xxaa_ble_conn_params.c.o
 .debug_loc     0x0000f9f7      0x3a7 _build/nrf52832_xxaa_ble_conn_state.c.o
 .debug_loc     0x0000fd9e     0x2270 _build/nrf52832_xxaa_ble_db_discovery.c.o
 .debug_loc     0x0001200e      0x56c _build/nrf52832_xxaa_ble_srv_common.c.o
 .debug_loc     0x0001257a      0xbdc _build/nrf52832_xxaa_gatt_cache_manager.c.o
 .debug_loc     0x00013156      0x4e3 _build/nrf52832_xxaa_gatts_cache_manager.c.o
 .debug_loc     0x00013639     0x2a30 _build/nrf52832_xxaa_id_manager.c.o
 .debug_loc     0x00016069      0x918 _build/nrf52832_xxaa_peer_data_storage.c.o
 .debug_loc     0x00016981     0x3062 _build/nrf52832_xxaa_peer_database.c.o
 .debug_loc     0x000199e3      0x532 _build/nrf52832_xxaa_peer_id.c.o
 .debug_loc     0x00019f15     0x219b _build/nrf52832_xxaa_peer_manager.c.o
 .debug_loc     0x0001c0b0      0x37c _build/nrf52832_xxaa_pm_buffer.c.o
 .debug_loc     0x0001c42c      0x3c0 _build/nrf52832_xxaa_pm_mutex.c.o
 .debug_loc     0x0001c7ec     0x1b30 _build/nrf52832_xxaa_security_dispatcher.c.o
 .debug_loc     0x0001e31c      0xe79 _build/nrf52832_xxaa_security_manager.c.o
 .debug_loc     0x0001f195     0x136c _build/nrf52832_xxaa_ble_ans_c.c.o
 .debug_loc     0x00020501      0x554 _build/nrf52832_xxaa_softdevice_handler.c.o

.debug_aranges  0x00000000     0x1070
 .debug_aranges
                0x00000000       0x48 _build/nrf52832_xxaa_app_button.c.o
 .debug_aranges
                0x00000048       0x30 _build/nrf52832_xxaa_app_error.c.o
 .debug_aranges
                0x00000078       0x20 _build/nrf52832_xxaa_app_error_weak.c.o
 .debug_aranges
                0x00000098       0x60 _build/nrf52832_xxaa_app_timer.c.o
 .debug_aranges
                0x000000f8       0x38 _build/nrf52832_xxaa_app_util_platform.c.o
 .debug_aranges
                0x00000130       0xe8 _build/nrf52832_xxaa_fds.c.o
 .debug_aranges
                0x00000218       0x68 _build/nrf52832_xxaa_fstorage.c.o
 .debug_aranges
                0x00000280       0x48 _build/nrf52832_xxaa_sdk_mapped_flags.c.o
 .debug_aranges
                0x000002c8       0xa8 _build/nrf52832_xxaa_nrf_drv_clock.c.o
 .debug_aranges
                0x00000370       0x20 _build/nrf52832_xxaa_nrf_drv_common.c.o
 .debug_aranges
                0x00000390       0xd8 _build/nrf52832_xxaa_nrf_drv_gpiote.c.o
 .debug_aranges
                0x00000468       0x70 _build/nrf52832_xxaa_nrf_drv_uart.c.o
 .debug_aranges
                0x000004d8       0x88 _build/nrf52832_xxaa_bsp.c.o
 .debug_aranges
                0x00000560       0x30 _build/nrf52832_xxaa_bsp_btn_ble.c.o
 .debug_aranges
                0x00000590       0xa0 _build/nrf52832_xxaa_main.c.o
 .debug_aranges