Archive member included to satisfy reference by file (symbol)

/home/diederik/bin/gcc-arm-none-eabi-5_3-2016q1/bin/../lib/gcc/arm-none-eabi/5.3.1/../../../../arm-none-eabi/lib/armv7e-m/fpu/libc_nano.a(lib_a-exit.o)
                              /home/diederik/bin/gcc-arm-none-eabi-5_3-2016q1/bin/../lib/gcc/arm-none-eabi/5.3.1/../../../../arm-none-eabi/lib/armv7e-m/fpu/crt0.o (exit)
/home/diederik/bin/gcc-arm-none-eabi-5_3-2016q1/bin/../lib/gcc/arm-none-eabi/5.3.1/../../../../arm-none-eabi/lib/armv7e-m/fpu/libc_nano.a(lib_a-impure.o)
                              /home/diederik/bin/gcc-arm-none-eabi-5_3-2016q1/bin/../lib/gcc/arm-none-eabi/5.3.1/../../../../arm-none-eabi/lib/armv7e-m/fpu/libc_nano.a(lib_a-exit.o) (_global_impure_ptr)
/home/diederik/bin/gcc-arm-none-eabi-5_3-2016q1/bin/../lib/gcc/arm-none-eabi/5.3.1/../../../../arm-none-eabi/lib/armv7e-m/fpu/libc_nano.a(lib_a-init.o)
                              /home/diederik/bin/gcc-arm-none-eabi-5_3-2016q1/bin/../lib/gcc/arm-none-eabi/5.3.1/../../../../arm-none-eabi/lib/armv7e-m/fpu/crt0.o (__libc_init_array)
/home/diederik/bin/gcc-arm-none-eabi-5_3-2016q1/bin/../lib/gcc/arm-none-eabi/5.3.1/../../../../arm-none-eabi/lib/armv7e-m/fpu/libc_nano.a(lib_a-memset.o)
                              /home/diederik/bin/gcc-arm-none-eabi-5_3-2016q1/bin/../lib/gcc/arm-none-eabi/5.3.1/../../../../arm-none-eabi/lib/armv7e-m/fpu/crt0.o (memset)
/home/diederik/bin/gcc-arm-none-eabi-5_3-2016q1/bin/../lib/gcc/arm-none-eabi/5.3.1/../../../../arm-none-eabi/lib/armv7e-m/fpu/libnosys.a(_exit.o)
                              /home/diederik/bin/gcc-arm-none-eabi-5_3-2016q1/bin/../lib/gcc/arm-none-eabi/5.3.1/../../../../arm-none-eabi/lib/armv7e-m/fpu/libc_nano.a(lib_a-exit.o) (_exit)

Allocating common symbols
Common symbol       size              file

nrf_nvic_state      0xc               _build/nrf52832_xxaa_app_util_platform.c.o

Discarded input sections

 .text          0x00000000        0x0 /home/diederik/bin/gcc-arm-none-eabi-5_3-2016q1/bin/../lib/gcc/arm-none-eabi/5.3.1/armv7e-m/fpu/crti.o
 .data          0x00000000        0x0 /home/diederik/bin/gcc-arm-none-eabi-5_3-2016q1/bin/../lib/gcc/arm-none-eabi/5.3.1/armv7e-m/fpu/crti.o
 .bss           0x00000000        0x0 /home/diederik/bin/gcc-arm-none-eabi-5_3-2016q1/bin/../lib/gcc/arm-none-eabi/5.3.1/armv7e-m/fpu/crti.o
 .data          0x00000000        0x4 /home/diederik/bin/gcc-arm-none-eabi-5_3-2016q1/bin/../lib/gcc/arm-none-eabi/5.3.1/armv7e-m/fpu/crtbegin.o
 .data          0x00000000        0x0 /home/diederik/bin/gcc-arm-none-eabi-5_3-2016q1/bin/../lib/gcc/arm-none-eabi/5.3.1/../../../../arm-none-eabi/lib/armv7e-m/fpu/crt0.o
 .bss           0x00000000        0x0 /home/diederik/bin/gcc-arm-none-eabi-5_3-2016q1/bin/../lib/gcc/arm-none-eabi/5.3.1/../../../../arm-none-eabi/lib/armv7e-m/fpu/crt0.o
 .ARM.extab     0x00000000        0x0 /home/diederik/bin/gcc-arm-none-eabi-5_3-2016q1/bin/../lib/gcc/arm-none-eabi/5.3.1/../../../../arm-none-eabi/lib/armv7e-m/fpu/crt0.o
 .text          0x00000000        0x0 /home/diederik/bin/gcc-arm-none-eabi-5_3-2016q1/bin/../lib/gcc/arm-none-eabi/5.3.1/../../../../arm-none-eabi/lib/armv7e-m/fpu/libc_nano.a(lib_a-exit.o)
 .data          0x00000000        0x0 /home/diederik/bin/gcc-arm-none-eabi-5_3-2016q1/bin/../lib/gcc/arm-none-eabi/5.3.1/../../../../arm-none-eabi/lib/armv7e-m/fpu/libc_nano.a(lib_a-exit.o)
 .bss           0x00000000        0x0 /home/diederik/bin/gcc-arm-none-eabi-5_3-2016q1/bin/../lib/gcc/arm-none-eabi/5.3.1/../../../../arm-none-eabi/lib/armv7e-m/fpu/libc_nano.a(lib_a-exit.o)
 .text          0x00000000        0x0 /home/diederik/bin/gcc-arm-none-eabi-5_3-2016q1/bin/../lib/gcc/arm-none-eabi/5.3.1/../../../../arm-none-eabi/lib/armv7e-m/fpu/libc_nano.a(lib_a-impure.o)
 .data          0x00000000        0x0 /home/diederik/bin/gcc-arm-none-eabi-5_3-2016q1/bin/../lib/gcc/arm-none-eabi/5.3.1/../../../../arm-none-eabi/lib/armv7e-m/fpu/libc_nano.a(lib_a-impure.o)
 .bss           0x00000000        0x0 /home/diederik/bin/gcc-arm-none-eabi-5_3-2016q1/bin/../lib/gcc/arm-none-eabi/5.3.1/../../../../arm-none-eabi/lib/armv7e-m/fpu/libc_nano.a(lib_a-impure.o)
 .data._impure_ptr
                0x00000000        0x4 /home/diederik/bin/gcc-arm-none-eabi-5_3-2016q1/bin/../lib/gcc/arm-none-eabi/5.3.1/../../../../arm-none-eabi/lib/armv7e-m/fpu/libc_nano.a(lib_a-impure.o)
 .text          0x00000000        0x0 /home/diederik/bin/gcc-arm-none-eabi-5_3-2016q1/bin/../lib/gcc/arm-none-eabi/5.3.1/../../../../arm-none-eabi/lib/armv7e-m/fpu/libc_nano.a(lib_a-init.o)
 .data          0x00000000        0x0 /home/diederik/bin/gcc-arm-none-eabi-5_3-2016q1/bin/../lib/gcc/arm-none-eabi/5.3.1/../../../../arm-none-eabi/lib/armv7e-m/fpu/libc_nano.a(lib_a-init.o)
 .bss           0x00000000        0x0 /home/diederik/bin/gcc-arm-none-eabi-5_3-2016q1/bin/../lib/gcc/arm-none-eabi/5.3.1/../../../../arm-none-eabi/lib/armv7e-m/fpu/libc_nano.a(lib_a-init.o)
[...]
Memory Configuration

Name             Origin             Length             Attributes
FLASH            0x0001f000         0x00061000         xr
RAM              0x200013c8         0x0000ec38         xrw
*default*        0x00000000         0xffffffff

Linker script and memory map


.text           0x0001f000     0x13e4
 *(.isr_vector)
 .isr_vector    0x0001f000      0x400 _build/nrf52832_xxaa_gcc_startup_nrf52.S.o
                0x0001f000                __isr_vector
 *(.text*)
 .text          0x0001f400       0x5c /home/diederik/bin/gcc-arm-none-eabi-5_3-2016q1/bin/../lib/gcc/arm-none-eabi/5.3.1/armv7e-m/fpu/crtbegin.o
 .text          0x0001f45c       0x74 /home/diederik/bin/gcc-arm-none-eabi-5_3-2016q1/bin/../lib/gcc/arm-none-eabi/5.3.1/../../../../arm-none-eabi/lib/armv7e-m/fpu/crt0.o
                0x0001f45c                _mainCRTStartup
                0x0001f45c                _start
 .text.exit     0x0001f4d0       0x28 /home/diederik/bin/gcc-arm-none-eabi-5_3-2016q1/bin/../lib/gcc/arm-none-eabi/5.3.1/../../../../arm-none-eabi/lib/armv7e-m/fpu/libc_nano.a(lib_a-exit.o)
                0x0001f4d0                exit
 .text.__libc_init_array
                0x0001f4f8       0x4c /home/diederik/bin/gcc-arm-none-eabi-5_3-2016q1/bin/../lib/gcc/arm-none-eabi/5.3.1/../../../../arm-none-eabi/lib/armv7e-m/fpu/libc_nano.a(lib_a-init.o)
                0x0001f4f8                __libc_init_array
 .text.memset   0x0001f544       0x10 /home/diederik/bin/gcc-arm-none-eabi-5_3-2016q1/bin/../lib/gcc/arm-none-eabi/5.3.1/../../../../arm-none-eabi/lib/armv7e-m/fpu/libc_nano.a(lib_a-memset.o)
                0x0001f544                memset
 .text._exit    0x0001f554        0x4 /home/diederik/bin/gcc-arm-none-eabi-5_3-2016q1/bin/../lib/gcc/arm-none-eabi/5.3.1/../../../../arm-none-eabi/lib/armv7e-m/fpu/libnosys.a(_exit.o)
                0x0001f554                _exit
 .text.app_error_handler_bare
                0x0001f558       0x20 _build/nrf52832_xxaa_app_error.c.o
                0x0001f558                app_error_handler_bare
 .text.app_error_fault_handler
                0x0001f578       0x24 _build/nrf52832_xxaa_app_error_weak.c.o
                0x0001f578                app_error_fault_handler
 .text.RTC1_IRQHandler
                0x0001f59c       0xc4 _build/nrf52832_xxaa_app_timer.c.o
                0x0001f59c                RTC1_IRQHandler
 .text.SWI0_EGU0_IRQHandler
                0x0001f660      0x660 _build/nrf52832_xxaa_app_timer.c.o
                0x0001f660                SWI0_EGU0_IRQHandler
 .text.POWER_CLOCK_IRQHandler
                0x0001fcc0       0x78 _build/nrf52832_xxaa_nrf_drv_clock.c.o
                0x0001fcc0                POWER_CLOCK_IRQHandler
 .text.nrf_drv_clock_on_soc_event
                0x0001fd38       0x20 _build/nrf52832_xxaa_nrf_drv_clock.c.o
                0x0001fd38                nrf_drv_clock_on_soc_event
 .text.startup.main
                0x0001fd58      0x284 _build/nrf52832_xxaa_main.c.o
                0x0001fd58                main
 .text          0x0001ffdc       0x3c _build/nrf52832_xxaa_gcc_startup_nrf52.S.o
                0x0001ffdc                Reset_Handler
                0x00020004                NMI_Handler
                0x00020006                HardFault_Handler
                0x00020008                MemoryManagement_Handler
                0x0002000a                BusFault_Handler
                0x0002000c                UsageFault_Handler
                0x0002000e                SVC_Handler
                0x00020010                DebugMon_Handler
                0x00020012                PendSV_Handler
                0x00020014                SysTick_Handler
                0x00020016                TIMER2_IRQHandler
                0x00020016                RTC0_IRQHandler
                0x00020016                GPIOTE_IRQHandler
                0x00020016                PWM1_IRQHandler
                0x00020016                RADIO_IRQHandler
                0x00020016                PDM_IRQHandler
                0x00020016                TEMP_IRQHandler
                0x00020016                QDEC_IRQHandler
                0x00020016                TIMER3_IRQHandler
                0x00020016                FPU_IRQHandler
                0x00020016                SPIM0_SPIS0_TWIM0_TWIS0_SPI0_TWI0_IRQHandler
                0x00020016                UARTE0_UART0_IRQHandler
                0x00020016                TIMER4_IRQHandler
                0x00020016                I2S_IRQHandler
                0x00020016                SWI4_EGU4_IRQHandler
                0x00020016                TIMER0_IRQHandler
                0x00020016                TIMER1_IRQHandler
                0x00020016                PWM2_IRQHandler
                0x00020016                ECB_IRQHandler
                0x00020016                SPIM1_SPIS1_TWIM1_TWIS1_SPI1_TWI1_IRQHandler
                0x00020016                Default_Handler
                0x00020016                SAADC_IRQHandler
                0x00020016                CCM_AAR_IRQHandler
                0x00020016                WDT_IRQHandler
                0x00020016                SWI5_EGU5_IRQHandler
                0x00020016                RNG_IRQHandler
                0x00020016                RTC2_IRQHandler
                0x00020016                PWM0_IRQHandler
                0x00020016                SWI3_EGU3_IRQHandler
                0x00020016                SWI1_EGU1_IRQHandler
                0x00020016                SPIM2_SPIS2_SPI2_IRQHandler
                0x00020016                NFCT_IRQHandler
                0x00020016                MWU_IRQHandler
                0x00020016                COMP_LPCOMP_IRQHandler
 .text.SystemInit
                0x00020018      0x2b0 _build/nrf52832_xxaa_system_nrf52.c.o
                0x00020018                SystemInit
 .text.sd_evt_get
                0x000202c8        0x4 _build/nrf52832_xxaa_softdevice_handler.c.o
 .text.sd_ble_evt_get
                0x000202cc        0x4 _build/nrf52832_xxaa_softdevice_handler.c.o
 .text.intern_softdevice_events_execute.part.2
                0x000202d0       0xc0 _build/nrf52832_xxaa_softdevice_handler.c.o
 .text.SWI2_EGU2_IRQHandler
                0x00020390       0x30 _build/nrf52832_xxaa_softdevice_handler.c.o
                0x00020390                SWI2_EGU2_IRQHandler
 *(.init)
 .init          0x000203c0        0x4 /home/diederik/bin/gcc-arm-none-eabi-5_3-2016q1/bin/../lib/gcc/arm-none-eabi/5.3.1/armv7e-m/fpu/crti.o
                0x000203c0                _init
 .init          0x000203c4        0x8 /home/diederik/bin/gcc-arm-none-eabi-5_3-2016q1/bin/../lib/gcc/arm-none-eabi/5.3.1/armv7e-m/fpu/crtn.o
 *(.fini)
 .fini          0x000203cc        0x4 /home/diederik/bin/gcc-arm-none-eabi-5_3-2016q1/bin/../lib/gcc/arm-none-eabi/5.3.1/armv7e-m/fpu/crti.o
                0x000203cc                _fini
 .fini          0x000203d0        0x8 /home/diederik/bin/gcc-arm-none-eabi-5_3-2016q1/bin/../lib/gcc/arm-none-eabi/5.3.1/armv7e-m/fpu/crtn.o
 *crtbegin.o(.ctors)
 *crtbegin?.o(.ctors)
 *(EXCLUDE_FILE(*crtend.o *crtend?.o) .ctors)
 *(SORT(.ctors.*))
 *(.ctors)
 *crtbegin.o(.dtors)
 *crtbegin?.o(.dtors)
 *(EXCLUDE_FILE(*crtend.o *crtend?.o) .dtors)
 *(SORT(.dtors.*))
 *(.dtors)
 *(.rodata*)
 .rodata.str1.1
                0x000203d8        0x2 /home/diederik/bin/gcc-arm-none-eabi-5_3-2016q1/bin/../lib/gcc/arm-none-eabi/5.3.1/../../../../arm-none-eabi/lib/armv7e-m/fpu/libc_nano.a(lib_a-impure.o)
 *fill*         0x000203da        0x2 
 .rodata._global_impure_ptr
                0x000203dc        0x4 /home/diederik/bin/gcc-arm-none-eabi-5_3-2016q1/bin/../lib/gcc/arm-none-eabi/5.3.1/../../../../arm-none-eabi/lib/armv7e-m/fpu/libc_nano.a(lib_a-impure.o)
                0x000203dc                _global_impure_ptr
 *(.eh_frame*)
 .eh_frame      0x000203e0        0x0 /home/diederik/bin/gcc-arm-none-eabi-5_3-2016q1/bin/../lib/gcc/arm-none-eabi/5.3.1/armv7e-m/fpu/crtbegin.o
 .eh_frame      0x000203e0        0x4 /home/diederik/bin/gcc-arm-none-eabi-5_3-2016q1/bin/../lib/gcc/arm-none-eabi/5.3.1/armv7e-m/fpu/crtend.o

.glue_7         0x000203e4        0x0
 .glue_7        0x000203e4        0x0 linker stubs

.glue_7t        0x000203e4        0x0
 .glue_7t       0x000203e4        0x0 linker stubs

.vfp11_veneer   0x000203e4        0x0
 .vfp11_veneer  0x000203e4        0x0 linker stubs

.v4_bx          0x000203e4        0x0
 .v4_bx         0x000203e4        0x0 linker stubs

.iplt           0x000203e4        0x0
 .iplt          0x000203e4        0x0 /home/diederik/bin/gcc-arm-none-eabi-5_3-2016q1/bin/../lib/gcc/arm-none-eabi/5.3.1/armv7e-m/fpu/crtbegin.o

.ARM.extab
 *(.ARM.extab* .gnu.linkonce.armextab.*)
                0x000203e4                __exidx_start = .

.ARM.exidx      0x000203e4        0x8
 *(.ARM.exidx* .gnu.linkonce.armexidx.*)
 .ARM.exidx     0x000203e4        0x8 /home/diederik/bin/gcc-arm-none-eabi-5_3-2016q1/bin/../lib/gcc/arm-none-eabi/5.3.1/../../../../arm-none-eabi/lib/armv7e-m/fpu/crt0.o
                0x000203ec                __exidx_end = .
                0x000203ec                __etext = .

.rel.dyn        0x000203ec        0x0
 .rel.iplt      0x000203ec        0x0 /home/diederik/bin/gcc-arm-none-eabi-5_3-2016q1/bin/../lib/gcc/arm-none-eabi/5.3.1/armv7e-m/fpu/crtbegin.o

.data           0x200013c8       0x70 load address 0x000203ec
                0x200013c8                __data_start__ = .
 *(vtable)
 *(.data*)
 .data.impure_data
                0x200013c8       0x60 /home/diederik/bin/gcc-arm-none-eabi-5_3-2016q1/bin/../lib/gcc/arm-none-eabi/5.3.1/../../../../arm-none-eabi/lib/armv7e-m/fpu/libc_nano.a(lib_a-impure.o)
 .data.SystemCoreClock
                0x20001428        0x4 _build/nrf52832_xxaa_system_nrf52.c.o
                0x20001428                SystemCoreClock
                0x2000142c                . = ALIGN (0x4)
                0x2000142c                PROVIDE (__preinit_array_start, .)
 *(.preinit_array)
                0x2000142c                PROVIDE (__preinit_array_end, .)
                0x2000142c                . = ALIGN (0x4)
                0x2000142c                PROVIDE (__init_array_start, .)
 *(SORT(.init_array.*))
 *(.init_array)
 .init_array    0x2000142c        0x4 /home/diederik/bin/gcc-arm-none-eabi-5_3-2016q1/bin/../lib/gcc/arm-none-eabi/5.3.1/armv7e-m/fpu/crtbegin.o
                0x20001430                PROVIDE (__init_array_end, .)
                0x20001430                . = ALIGN (0x4)
                [!provide]                PROVIDE (__fini_array_start, .)
 *(SORT(.fini_array.*))
 *(.fini_array)
 .fini_array    0x20001430        0x4 /home/diederik/bin/gcc-arm-none-eabi-5_3-2016q1/bin/../lib/gcc/arm-none-eabi/5.3.1/armv7e-m/fpu/crtbegin.o
                [!provide]                PROVIDE (__fini_array_end, .)
 *(.jcr*)
 .jcr           0x20001434        0x0 /home/diederik/bin/gcc-arm-none-eabi-5_3-2016q1/bin/../lib/gcc/arm-none-eabi/5.3.1/armv7e-m/fpu/crtbegin.o
 .jcr           0x20001434        0x4 /home/diederik/bin/gcc-arm-none-eabi-5_3-2016q1/bin/../lib/gcc/arm-none-eabi/5.3.1/armv7e-m/fpu/crtend.o
                0x20001438                . = ALIGN (0x4)
                0x20001438                __data_end__ = .
LOAD /home/diederik/bin/gcc-arm-none-eabi-5_3-2016q1/bin/../lib/gcc/arm-none-eabi/5.3.1/armv7e-m/fpu/crti.o
LOAD /home/diederik/bin/gcc-arm-none-eabi-5_3-2016q1/bin/../lib/gcc/arm-none-eabi/5.3.1/armv7e-m/fpu/crtbegin.o
LOAD /home/diederik/bin/gcc-arm-none-eabi-5_3-2016q1/bin/../lib/gcc/arm-none-eabi/5.3.1/../../../../arm-none-eabi/lib/armv7e-m/fpu/crt0.o
LOAD /home/diederik/bin/gcc-arm-none-eabi-5_3-2016q1/bin/../lib/gcc/arm-none-eabi/5.3.1/../../../../arm-none-eabi/lib/armv7e-m/fpu/libc_nano.a
LOAD /home/diederik/bin/gcc-arm-none-eabi-5_3-2016q1/bin/../lib/gcc/arm-none-eabi/5.3.1/../../../../arm-none-eabi/lib/armv7e-m/fpu/libnosys.a
LOAD _build/nrf52832_xxaa_app_error.c.o
LOAD _build/nrf52832_xxaa_app_error_weak.c.o
LOAD _build/nrf52832_xxaa_app_fifo.c.o
LOAD _build/nrf52832_xxaa_app_timer.c.o
LOAD _build/nrf52832_xxaa_app_util_platform.c.o
LOAD _build/nrf52832_xxaa_hardfault_implementation.c.o
LOAD _build/nrf52832_xxaa_nrf_assert.c.o
LOAD _build/nrf52832_xxaa_nrf_drv_clock.c.o
LOAD _build/nrf52832_xxaa_nrf_drv_common.c.o
LOAD _build/nrf52832_xxaa_main.c.o
LOAD _build/nrf52832_xxaa_gcc_startup_nrf52.S.o
LOAD _build/nrf52832_xxaa_system_nrf52.c.o
LOAD _build/nrf52832_xxaa_softdevice_handler.c.o
LOAD /home/diederik/bin/gcc-arm-none-eabi-5_3-2016q1/bin/../lib/gcc/arm-none-eabi/5.3.1/../../../../arm-none-eabi/lib/armv7e-m/fpu/libm.a
START GROUP
LOAD /home/diederik/bin/gcc-arm-none-eabi-5_3-2016q1/bin/../lib/gcc/arm-none-eabi/5.3.1/armv7e-m/fpu/libgcc.a
LOAD /home/diederik/bin/gcc-arm-none-eabi-5_3-2016q1/bin/../lib/gcc/arm-none-eabi/5.3.1/../../../../arm-none-eabi/lib/armv7e-m/fpu/libc_nano.a
END GROUP
START GROUP
LOAD /home/diederik/bin/gcc-arm-none-eabi-5_3-2016q1/bin/../lib/gcc/arm-none-eabi/5.3.1/armv7e-m/fpu/libgcc.a
LOAD /home/diederik/bin/gcc-arm-none-eabi-5_3-2016q1/bin/../lib/gcc/arm-none-eabi/5.3.1/../../../../arm-none-eabi/lib/armv7e-m/fpu/libc_nano.a
END GROUP
LOAD /home/diederik/bin/gcc-arm-none-eabi-5_3-2016q1/bin/../lib/gcc/arm-none-eabi/5.3.1/armv7e-m/fpu/crtend.o
LOAD /home/diederik/bin/gcc-arm-none-eabi-5_3-2016q1/bin/../lib/gcc/arm-none-eabi/5.3.1/armv7e-m/fpu/crtn.o
START GROUP
LOAD /home/diederik/bin/gcc-arm-none-eabi-5_3-2016q1/bin/../lib/gcc/arm-none-eabi/5.3.1/armv7e-m/fpu/libgcc.a
LOAD /home/diederik/bin/gcc-arm-none-eabi-5_3-2016q1/bin/../lib/gcc/arm-none-eabi/5.3.1/../../../../arm-none-eabi/lib/armv7e-m/fpu/libc.a
LOAD /home/diederik/bin/gcc-arm-none-eabi-5_3-2016q1/bin/../lib/gcc/arm-none-eabi/5.3.1/../../../../arm-none-eabi/lib/armv7e-m/fpu/libnosys.a
END GROUP

.igot.plt       0x20001438        0x0 load address 0x0002045c
 .igot.plt      0x20001438        0x0 /home/diederik/bin/gcc-arm-none-eabi-5_3-2016q1/bin/../lib/gcc/arm-none-eabi/5.3.1/armv7e-m/fpu/crtbegin.o

.fs_data        0x20001438        0x0
                [!provide]                PROVIDE (__start_fs_data, .)
 *(.fs_data)
                [!provide]                PROVIDE (__stop_fs_data, .)

.bss            0x20001438       0x68 load address 0x0002045c
                0x20001438                . = ALIGN (0x4)
                0x20001438                __bss_start__ = .
 *(.bss*)
 .bss           0x20001438       0x1c /home/diederik/bin/gcc-arm-none-eabi-5_3-2016q1/bin/../lib/gcc/arm-none-eabi/5.3.1/armv7e-m/fpu/crtbegin.o
 .bss.m_ticks_latest
                0x20001454        0x4 _build/nrf52832_xxaa_app_timer.c.o
 .bss.mp_timer_id_head
                0x20001458        0x4 _build/nrf52832_xxaa_app_timer.c.o
 .bss.m_evt_schedule_func
                0x2000145c        0x4 _build/nrf52832_xxaa_app_timer.c.o
 .bss.m_ticks_elapsed_q_read_ind
                0x20001460        0x1 _build/nrf52832_xxaa_app_timer.c.o
 .bss.m_ticks_elapsed_q_write_ind
                0x20001461        0x1 _build/nrf52832_xxaa_app_timer.c.o
 .bss.m_rtc1_reset
                0x20001462        0x1 _build/nrf52832_xxaa_app_timer.c.o
 *fill*         0x20001463        0x1 
 .bss.m_op_queue
                0x20001464        0x8 _build/nrf52832_xxaa_app_timer.c.o
 .bss.m_ticks_elapsed
                0x2000146c        0x8 _build/nrf52832_xxaa_app_timer.c.o
 .bss.m_rtc1_running
                0x20001474        0x1 _build/nrf52832_xxaa_app_timer.c.o
 *fill*         0x20001475        0x3 
 .bss.m_clock_cb
                0x20001478       0x14 _build/nrf52832_xxaa_nrf_drv_clock.c.o
 .bss.m_suspended
                0x2000148c        0x1 _build/nrf52832_xxaa_softdevice_handler.c.o
 .bss.m_softdevice_enabled
                0x2000148d        0x1 _build/nrf52832_xxaa_softdevice_handler.c.o
 .bss.m_ble_evt_buffer_size
                0x2000148e        0x2 _build/nrf52832_xxaa_softdevice_handler.c.o
 .bss.mp_ble_evt_buffer
                0x20001490        0x4 _build/nrf52832_xxaa_softdevice_handler.c.o
 .bss.m_sys_evt_handler
                0x20001494        0x4 _build/nrf52832_xxaa_softdevice_handler.c.o
 .bss.m_ble_evt_handler
                0x20001498        0x4 _build/nrf52832_xxaa_softdevice_handler.c.o
 .bss.m_evt_schedule_func
                0x2000149c        0x4 _build/nrf52832_xxaa_softdevice_handler.c.o
 *(COMMON)
                0x200014a0                . = ALIGN (0x4)
                0x200014a0                __bss_end__ = .

.heap           0x200014a0     0x2000
                0x200014a0                __HeapBase = .
                0x200014a0                __end__ = .
                [!provide]                PROVIDE (end, .)
 *(.heap*)
 .heap          0x200014a0     0x2000 _build/nrf52832_xxaa_gcc_startup_nrf52.S.o
                0x200034a0                __HeapLimit = .

.stack_dummy    0x200014a0     0x2000
 *(.stack*)
 .stack         0x200014a0     0x2000 _build/nrf52832_xxaa_gcc_startup_nrf52.S.o
                0x20010000                __StackTop = (ORIGIN (RAM) + LENGTH (RAM))
                0x2000e000                __StackLimit = (__StackTop - SIZEOF (.stack_dummy))
                0x20010000                PROVIDE (__stack, __StackTop)
                0x00000001                ASSERT ((__StackLimit >= __HeapLimit), region RAM overflowed with stack)
OUTPUT(_build/nrf52832_xxaa.out elf32-littlearm)

.ARM.attributes
                0x00000000       0x30
 .ARM.attributes
                0x00000000       0x22 /home/diederik/bin/gcc-arm-none-eabi-5_3-2016q1/bin/../lib/gcc/arm-none-eabi/5.3.1/armv7e-m/fpu/crti.o
 .ARM.attributes
                0x00000022       0x34 /home/diederik/bin/gcc-arm-none-eabi-5_3-2016q1/bin/../lib/gcc/arm-none-eabi/5.3.1/armv7e-m/fpu/crtbegin.o
 .ARM.attributes
                0x00000056       0x20 /home/diederik/bin/gcc-arm-none-eabi-5_3-2016q1/bin/../lib/gcc/arm-none-eabi/5.3.1/../../../../arm-none-eabi/lib/armv7e-m/fpu/crt0.o
 .ARM.attributes
                0x00000076       0x34 /home/diederik/bin/gcc-arm-none-eabi-5_3-2016q1/bin/../lib/gcc/arm-none-eabi/5.3.1/../../../../arm-none-eabi/lib/armv7e-m/fpu/libc_nano.a(lib_a-exit.o)
 .ARM.attributes
                0x000000aa       0x34 /home/diederik/bin/gcc-arm-none-eabi-5_3-2016q1/bin/../lib/gcc/arm-none-eabi/5.3.1/../../../../arm-none-eabi/lib/armv7e-m/fpu/libc_nano.a(lib_a-impure.o)
 .ARM.attributes
                0x000000de       0x34 /home/diederik/bin/gcc-arm-none-eabi-5_3-2016q1/bin/../lib/gcc/arm-none-eabi/5.3.1/../../../../arm-none-eabi/lib/armv7e-m/fpu/libc_nano.a(lib_a-init.o)
 .ARM.attributes
                0x00000112       0x34 /home/diederik/bin/gcc-arm-none-eabi-5_3-2016q1/bin/../lib/gcc/arm-none-eabi/5.3.1/../../../../arm-none-eabi/lib/armv7e-m/fpu/libc_nano.a(lib_a-memset.o)
 .ARM.attributes
                0x00000146       0x34 /home/diederik/bin/gcc-arm-none-eabi-5_3-2016q1/bin/../lib/gcc/arm-none-eabi/5.3.1/../../../../arm-none-eabi/lib/armv7e-m/fpu/libnosys.a(_exit.o)
 .ARM.attributes
                0x0000017a       0x39 _build/nrf52832_xxaa_app_error.c.o
 .ARM.attributes
                0x000001b3       0x39 _build/nrf52832_xxaa_app_error_weak.c.o
 .ARM.attributes
                0x000001ec       0x39 _build/nrf52832_xxaa_app_timer.c.o
 .ARM.attributes
                0x00000225       0x39 _build/nrf52832_xxaa_nrf_drv_clock.c.o
 .ARM.attributes
                0x0000025e       0x39 _build/nrf52832_xxaa_main.c.o
 .ARM.attributes
                0x00000297       0x1c _build/nrf52832_xxaa_gcc_startup_nrf52.S.o
 .ARM.attributes
                0x000002b3       0x39 _build/nrf52832_xxaa_system_nrf52.c.o
 .ARM.attributes
                0x000002ec       0x39 _build/nrf52832_xxaa_softdevice_handler.c.o
 .ARM.attributes
                0x00000325       0x34 /home/diederik/bin/gcc-arm-none-eabi-5_3-2016q1/bin/../lib/gcc/arm-none-eabi/5.3.1/armv7e-m/fpu/crtend.o
 .ARM.attributes
                0x00000359       0x22 /home/diederik/bin/gcc-arm-none-eabi-5_3-2016q1/bin/../lib/gcc/arm-none-eabi/5.3.1/armv7e-m/fpu/crtn.o

.comment        0x00000000       0x6e
 .comment       0x00000000       0x6e _build/nrf52832_xxaa_app_error.c.o
                                 0x6f (size before relaxing)
 .comment       0x0000006e       0x6f _build/nrf52832_xxaa_app_error_weak.c.o
 .comment       0x0000006e       0x6f _build/nrf52832_xxaa_app_timer.c.o
 .comment       0x0000006e       0x6f _build/nrf52832_xxaa_nrf_drv_clock.c.o
 .comment       0x0000006e       0x6f _build/nrf52832_xxaa_main.c.o
 .comment       0x0000006e       0x6f _build/nrf52832_xxaa_system_nrf52.c.o
 .comment       0x0000006e       0x6f _build/nrf52832_xxaa_softdevice_handler.c.o

.debug_frame    0x00000000      0x67c
 .debug_frame   0x00000000       0x28 /home/diederik/bin/gcc-arm-none-eabi-5_3-2016q1/bin/../lib/gcc/arm-none-eabi/5.3.1/../../../../arm-none-eabi/lib/armv7e-m/fpu/libc_nano.a(lib_a-exit.o)
 .debug_frame   0x00000028       0x2c /home/diederik/bin/gcc-arm-none-eabi-5_3-2016q1/bin/../lib/gcc/arm-none-eabi/5.3.1/../../../../arm-none-eabi/lib/armv7e-m/fpu/libc_nano.a(lib_a-init.o)
 .debug_frame   0x00000054       0x20 /home/diederik/bin/gcc-arm-none-eabi-5_3-2016q1/bin/../lib/gcc/arm-none-eabi/5.3.1/../../../../arm-none-eabi/lib/armv7e-m/fpu/libc_nano.a(lib_a-memset.o)
 .debug_frame   0x00000074       0x20 /home/diederik/bin/gcc-arm-none-eabi-5_3-2016q1/bin/../lib/gcc/arm-none-eabi/5.3.1/../../../../arm-none-eabi/lib/armv7e-m/fpu/libnosys.a(_exit.o)
 .debug_frame   0x00000094       0x70 _build/nrf52832_xxaa_app_error.c.o
 .debug_frame   0x00000104       0x20 _build/nrf52832_xxaa_app_error_weak.c.o
 .debug_frame   0x00000124      0x144 _build/nrf52832_xxaa_app_timer.c.o
 .debug_frame   0x00000268      0x1e8 _build/nrf52832_xxaa_nrf_drv_clock.c.o
 .debug_frame   0x00000450       0x28 _build/nrf52832_xxaa_main.c.o
 .debug_frame   0x00000478       0x48 _build/nrf52832_xxaa_system_nrf52.c.o
 .debug_frame   0x000004c0      0x1bc _build/nrf52832_xxaa_softdevice_handler.c.o

.debug_info     0x00000000     0x7034
 .debug_info    0x00000000      0x34f _build/nrf52832_xxaa_app_error.c.o
 .debug_info    0x0000034f      0x331 _build/nrf52832_xxaa_app_error_weak.c.o
 .debug_info    0x00000680     0x1bc3 _build/nrf52832_xxaa_app_timer.c.o
 .debug_info    0x00002243     0x158d _build/nrf52832_xxaa_nrf_drv_clock.c.o
 .debug_info    0x000037d0      0x4ac _build/nrf52832_xxaa_main.c.o
 .debug_info    0x00003c7c      0xde9 _build/nrf52832_xxaa_system_nrf52.c.o
 .debug_info    0x00004a65     0x25cf _build/nrf52832_xxaa_softdevice_handler.c.o

.debug_abbrev   0x00000000     0x1362
 .debug_abbrev  0x00000000      0x13a _build/nrf52832_xxaa_app_error.c.o
 .debug_abbrev  0x0000013a      0x13a _build/nrf52832_xxaa_app_error_weak.c.o
 .debug_abbrev  0x00000274      0x405 _build/nrf52832_xxaa_app_timer.c.o
 .debug_abbrev  0x00000679      0x44e _build/nrf52832_xxaa_nrf_drv_clock.c.o
 .debug_abbrev  0x00000ac7      0x1e2 _build/nrf52832_xxaa_main.c.o
 .debug_abbrev  0x00000ca9      0x1e7 _build/nrf52832_xxaa_system_nrf52.c.o
 .debug_abbrev  0x00000e90      0x4d2 _build/nrf52832_xxaa_softdevice_handler.c.o

.debug_loc      0x00000000     0x1a37
 .debug_loc     0x00000000      0x145 _build/nrf52832_xxaa_app_error.c.o
 .debug_loc     0x00000145       0x42 _build/nrf52832_xxaa_app_error_weak.c.o
 .debug_loc     0x00000187      0xd42 _build/nrf52832_xxaa_app_timer.c.o
 .debug_loc     0x00000ec9      0x476 _build/nrf52832_xxaa_nrf_drv_clock.c.o
 .debug_loc     0x0000133f      0x1a4 _build/nrf52832_xxaa_main.c.o
 .debug_loc     0x000014e3      0x554 _build/nrf52832_xxaa_softdevice_handler.c.o

.debug_aranges  0x00000000      0x258
 .debug_aranges
                0x00000000       0x30 _build/nrf52832_xxaa_app_error.c.o
 .debug_aranges
                0x00000030       0x20 _build/nrf52832_xxaa_app_error_weak.c.o
 .debug_aranges
                0x00000050       0x60 _build/nrf52832_xxaa_app_timer.c.o
 .debug_aranges
                0x000000b0       0xa8 _build/nrf52832_xxaa_nrf_drv_clock.c.o
 .debug_aranges
                0x00000158       0x20 _build/nrf52832_xxaa_main.c.o
 .debug_aranges
                0x00000178       0x28 _build/nrf52832_xxaa_system_nrf52.c.o
 .debug_aranges
                0x000001a0       0xb8 _build/nrf52832_xxaa_softdevice_handler.c.o

.debug_ranges   0x00000000      0xba8
 .debug_ranges  0x00000000       0x20 _build/nrf52832_xxaa_app_error.c.o
 .debug_ranges  0x00000020       0x10 _build/nrf52832_xxaa_app_error_weak.c.o
 .debug_ranges  0x00000030      0x4d8 _build/nrf52832_xxaa_app_timer.c.o
 .debug_ranges  0x00000508      0x318 _build/nrf52832_xxaa_nrf_drv_clock.c.o
 .debug_ranges  0x00000820       0xc8 _build/nrf52832_xxaa_main.c.o
 .debug_ranges  0x000008e8       0xf0 _build/nrf52832_xxaa_system_nrf52.c.o
 .debug_ranges  0x000009d8      0x1d0 _build/nrf52832_xxaa_softdevice_handler.c.o

.debug_macro    0x00000000    0x13b19
 .debug_macro   0x00000000      0x283 _build/nrf52832_xxaa_app_error.c.o
 .debug_macro   0x00000283      0x90a _build/nrf52832_xxaa_app_error.c.o
 .debug_macro   0x00000b8d       0x1c _build/nrf52832_xxaa_app_error.c.o
 .debug_macro   0x00000ba9       0x2d _build/nrf52832_xxaa_app_error.c.o
 .debug_macro   0x00000bd6       0x22 _build/nrf52832_xxaa_app_error.c.o
 .debug_macro   0x00000bf8       0x4f _build/nrf52832_xxaa_app_error.c.o
 .debug_macro   0x00000c47       0x44 _build/nrf52832_xxaa_app_error.c.o
 .debug_macro   0x00000c8b       0xfd _build/nrf52832_xxaa_app_error.c.o
 .debug_macro   0x00000d88       0x22 _build/nrf52832_xxaa_app_error.c.o
 .debug_macro   0x00000daa      0x1df _build/nrf52832_xxaa_app_error.c.o
 .debug_macro   0x00000f89       0x35 _build/nrf52832_xxaa_app_error.c.o
 .debug_macro   0x00000fbe       0x50 _build/nrf52832_xxaa_app_error.c.o
 .debug_macro   0x0000100e      0xe66 _build/nrf52832_xxaa_app_error.c.o
 .debug_macro   0x00001e74      0x392 _build/nrf52832_xxaa_app_error.c.o
 .debug_macro   0x00002206     0xcc22 _build/nrf52832_xxaa_app_error.c.o
 .debug_macro   0x0000ee28     0x130f _build/nrf52832_xxaa_app_error.c.o
 .debug_macro   0x00010137       0x88 _build/nrf52832_xxaa_app_error.c.o
 .debug_macro   0x000101bf       0x1c _build/nrf52832_xxaa_app_error.c.o
 .debug_macro   0x000101db       0x52 _build/nrf52832_xxaa_app_error.c.o
 .debug_macro   0x0001022d       0x35 _build/nrf52832_xxaa_app_error.c.o
 .debug_macro   0x00010262       0x9c _build/nrf52832_xxaa_app_error.c.o
 .debug_macro   0x000102fe       0x16 _build/nrf52832_xxaa_app_error.c.o
 .debug_macro   0x00010314       0x97 _build/nrf52832_xxaa_app_error.c.o
 .debug_macro   0x000103ab      0x330 _build/nrf52832_xxaa_app_error.c.o
 .debug_macro   0x000106db       0xf6 _build/nrf52832_xxaa_app_error.c.o
 .debug_macro   0x000107d1       0x10 _build/nrf52832_xxaa_app_error.c.o
 .debug_macro   0x000107e1       0x52 _build/nrf52832_xxaa_app_error.c.o
 .debug_macro   0x00010833       0x16 _build/nrf52832_xxaa_app_error.c.o
 .debug_macro   0x00010849       0x43 _build/nrf52832_xxaa_app_error.c.o
 .debug_macro   0x0001088c      0x187 _build/nrf52832_xxaa_app_error.c.o
 .debug_macro   0x00010a13       0x22 _build/nrf52832_xxaa_app_error.c.o
 .debug_macro   0x00010a35       0x55 _build/nrf52832_xxaa_app_error.c.o
 .debug_macro   0x00010a8a       0x16 _build/nrf52832_xxaa_app_error.c.o
 .debug_macro   0x00010aa0      0x143 _build/nrf52832_xxaa_app_error.c.o
 .debug_macro   0x00010be3       0x22 _build/nrf52832_xxaa_app_error.c.o
 .debug_macro   0x00010c05       0x9a _build/nrf52832_xxaa_app_error.c.o
 .debug_macro   0x00010c9f       0x70 _build/nrf52832_xxaa_app_error.c.o
 .debug_macro   0x00010d0f      0x151 _build/nrf52832_xxaa_app_error.c.o
 .debug_macro   0x00010e60       0x2b _build/nrf52832_xxaa_app_error.c.o
 .debug_macro   0x00010e8b      0x21c _build/nrf52832_xxaa_app_error.c.o
 .debug_macro   0x000110a7       0x1c _build/nrf52832_xxaa_app_error.c.o
 .debug_macro   0x000110c3       0x83 _build/nrf52832_xxaa_app_error.c.o
 .debug_macro   0x00011146       0x10 _build/nrf52832_xxaa_app_error.c.o
 .debug_macro   0x00011156       0x35 _build/nrf52832_xxaa_app_error.c.o
 .debug_macro   0x0001118b      0x45d _build/nrf52832_xxaa_app_error.c.o
 .debug_macro   0x000115e8      0x16c _build/nrf52832_xxaa_app_error.c.o
 .debug_macro   0x00011754       0x59 _build/nrf52832_xxaa_app_error.c.o
 .debug_macro   0x000117ad       0x28 _build/nrf52832_xxaa_app_error.c.o
 .debug_macro   0x000117d5       0x22 _build/nrf52832_xxaa_app_error.c.o
 .debug_macro   0x000117f7      0x283 _build/nrf52832_xxaa_app_error_weak.c.o
 .debug_macro   0x00011a7a       0x3b _build/nrf52832_xxaa_app_error_weak.c.o
 .debug_macro   0x00011ab5       0x16 _build/nrf52832_xxaa_app_error_weak.c.o
 .debug_macro   0x00011acb      0x32a _build/nrf52832_xxaa_app_timer.c.o
 .debug_macro   0x00011df5       0x35 _build/nrf52832_xxaa_app_timer.c.o
 .debug_macro   0x00011e2a       0x16 _build/nrf52832_xxaa_app_timer.c.o
 .debug_macro   0x00011e40       0x40 _build/nrf52832_xxaa_app_timer.c.o
 .debug_macro   0x00011e80       0x64 _build/nrf52832_xxaa_app_timer.c.o
 .debug_macro   0x00011ee4       0x10 _build/nrf52832_xxaa_app_timer.c.o
 .debug_macro   0x00011ef4       0x2e _build/nrf52832_xxaa_app_timer.c.o
 .debug_macro   0x00011f22       0x67 _build/nrf52832_xxaa_app_timer.c.o
 .debug_macro   0x00011f89      0x3b3 _build/nrf52832_xxaa_nrf_drv_clock.c.o
 .debug_macro   0x0001233c       0x10 _build/nrf52832_xxaa_nrf_drv_clock.c.o
 .debug_macro   0x0001234c       0x10 _build/nrf52832_xxaa_nrf_drv_clock.c.o
 .debug_macro   0x0001235c       0x1c _build/nrf52832_xxaa_nrf_drv_clock.c.o
 .debug_macro   0x00012378       0xdb _build/nrf52832_xxaa_nrf_drv_clock.c.o
 .debug_macro   0x00012453       0xca _build/nrf52832_xxaa_nrf_drv_clock.c.o
 .debug_macro   0x0001251d      0x1fb _build/nrf52832_xxaa_nrf_drv_clock.c.o
 .debug_macro   0x00012718      0x424 _build/nrf52832_xxaa_nrf_drv_clock.c.o
 .debug_macro   0x00012b3c       0x40 _build/nrf52832_xxaa_nrf_drv_clock.c.o
 .debug_macro   0x00012b7c       0x22 _build/nrf52832_xxaa_nrf_drv_clock.c.o
 .debug_macro   0x00012b9e      0x1f7 _build/nrf52832_xxaa_nrf_drv_clock.c.o
 .debug_macro   0x00012d95       0x1c _build/nrf52832_xxaa_nrf_drv_clock.c.o
 .debug_macro   0x00012db1       0xdc _build/nrf52832_xxaa_nrf_drv_clock.c.o
 .debug_macro   0x00012e8d       0x2c _build/nrf52832_xxaa_nrf_drv_clock.c.o
 .debug_macro   0x00012eb9       0x10 _build/nrf52832_xxaa_nrf_drv_clock.c.o
 .debug_macro   0x00012ec9       0x10 _build/nrf52832_xxaa_nrf_drv_clock.c.o
 .debug_macro   0x00012ed9      0x1a3 _build/nrf52832_xxaa_nrf_drv_clock.c.o
 .debug_macro   0x0001307c       0x1c _build/nrf52832_xxaa_nrf_drv_clock.c.o
 .debug_macro   0x00013098      0x12b _build/nrf52832_xxaa_main.c.o
 .debug_macro   0x000131c3       0x10 _build/nrf52832_xxaa_main.c.o
 .debug_macro   0x000131d3      0x284 _build/nrf52832_xxaa_main.c.o
 .debug_macro   0x00013457       0x22 _build/nrf52832_xxaa_main.c.o
 .debug_macro   0x00013479       0x4c _build/nrf52832_xxaa_main.c.o
 .debug_macro   0x000134c5       0xf5 _build/nrf52832_xxaa_system_nrf52.c.o
 .debug_macro   0x000135ba      0x416 _build/nrf52832_xxaa_softdevice_handler.c.o
 .debug_macro   0x000139d0       0x4c _build/nrf52832_xxaa_softdevice_handler.c.o
 .debug_macro   0x00013a1c       0x55 _build/nrf52832_xxaa_softdevice_handler.c.o
 .debug_macro   0x00013a71       0x4a _build/nrf52832_xxaa_softdevice_handler.c.o
 .debug_macro   0x00013abb       0x10 _build/nrf52832_xxaa_softdevice_handler.c.o
 .debug_macro   0x00013acb       0x1c _build/nrf52832_xxaa_softdevice_handler.c.o
 .debug_macro   0x00013ae7       0x16 _build/nrf52832_xxaa_softdevice_handler.c.o
 .debug_macro   0x00013afd       0x1c _build/nrf52832_xxaa_softdevice_handler.c.o

.debug_line     0x00000000     0x3431
 .debug_line    0x00000000      0x5cb _build/nrf52832_xxaa_app_error.c.o
 .debug_line    0x000005cb      0x592 _build/nrf52832_xxaa_app_error_weak.c.o
 .debug_line    0x00000b5d      0xaa1 _build/nrf52832_xxaa_app_timer.c.o
 .debug_line    0x000015fe      0xab4 _build/nrf52832_xxaa_nrf_drv_clock.c.o
 .debug_line    0x000020b2      0x48d _build/nrf52832_xxaa_main.c.o
 .debug_line    0x0000253f      0x44a _build/nrf52832_xxaa_system_nrf52.c.o
 .debug_line    0x00002989      0xaa8 _build/nrf52832_xxaa_softdevice_handler.c.o

.debug_str      0x00000000    0x6d5a9
 .debug_str     0x00000000    0x61e9f _build/nrf52832_xxaa_app_error.c.o
                              0x62a0f (size before relaxing)
 .debug_str     0x00061e9f       0xd8 _build/nrf52832_xxaa_app_error_weak.c.o
                              0x62998 (size before relaxing)
 .debug_str     0x00061f77     0x1dbb _build/nrf52832_xxaa_app_timer.c.o
                              0x62003 (size before relaxing)
 .debug_str     0x00063d32     0x6e0f _build/nrf52832_xxaa_nrf_drv_clock.c.o
                              0x67d0a (size before relaxing)
 .debug_str     0x0006ab41     0x127d _build/nrf52832_xxaa_main.c.o
                              0x5c69d (size before relaxing)
 .debug_str     0x0006bdbe      0x270 _build/nrf52832_xxaa_system_nrf52.c.o
                              0x5b825 (size before relaxing)
 .debug_str     0x0006c02e     0x157b _build/nrf52832_xxaa_softdevice_handler.c.o
                              0x6b1b3 (size before relaxing)
