Archive member included to satisfy reference by file (symbol)

/home/diederik/bin/gcc-arm-none-eabi-5_3-2016q1/bin/../lib/gcc/arm-none-eabi/5.3.1/../../../../arm-none-eabi/lib/armv6-m/libc_nano.a(lib_a-exit.o)
                              /home/diederik/bin/gcc-arm-none-eabi-5_3-2016q1/bin/../lib/gcc/arm-none-eabi/5.3.1/../../../../arm-none-eabi/lib/armv6-m/crt0.o (exit)
/home/diederik/bin/gcc-arm-none-eabi-5_3-2016q1/bin/../lib/gcc/arm-none-eabi/5.3.1/../../../../arm-none-eabi/lib/armv6-m/libc_nano.a(lib_a-impure.o)
                              /home/diederik/bin/gcc-arm-none-eabi-5_3-2016q1/bin/../lib/gcc/arm-none-eabi/5.3.1/../../../../arm-none-eabi/lib/armv6-m/libc_nano.a(lib_a-exit.o) (_global_impure_ptr)
/home/diederik/bin/gcc-arm-none-eabi-5_3-2016q1/bin/../lib/gcc/arm-none-eabi/5.3.1/../../../../arm-none-eabi/lib/armv6-m/libc_nano.a(lib_a-init.o)
                              /home/diederik/bin/gcc-arm-none-eabi-5_3-2016q1/bin/../lib/gcc/arm-none-eabi/5.3.1/../../../../arm-none-eabi/lib/armv6-m/crt0.o (__libc_init_array)
/home/diederik/bin/gcc-arm-none-eabi-5_3-2016q1/bin/../lib/gcc/arm-none-eabi/5.3.1/../../../../arm-none-eabi/lib/armv6-m/libc_nano.a(lib_a-memset.o)
                              /home/diederik/bin/gcc-arm-none-eabi-5_3-2016q1/bin/../lib/gcc/arm-none-eabi/5.3.1/../../../../arm-none-eabi/lib/armv6-m/crt0.o (memset)
/home/diederik/bin/gcc-arm-none-eabi-5_3-2016q1/bin/../lib/gcc/arm-none-eabi/5.3.1/../../../../arm-none-eabi/lib/armv6-m/libnosys.a(_exit.o)
                              /home/diederik/bin/gcc-arm-none-eabi-5_3-2016q1/bin/../lib/gcc/arm-none-eabi/5.3.1/../../../../arm-none-eabi/lib/armv6-m/libc_nano.a(lib_a-exit.o) (_exit)

Discarded input sections

 .text          0x00000000        0x0 /home/diederik/bin/gcc-arm-none-eabi-5_3-2016q1/bin/../lib/gcc/arm-none-eabi/5.3.1/armv6-m/crti.o
 .data          0x00000000        0x0 /home/diederik/bin/gcc-arm-none-eabi-5_3-2016q1/bin/../lib/gcc/arm-none-eabi/5.3.1/armv6-m/crti.o
 .bss           0x00000000        0x0 /home/diederik/bin/gcc-arm-none-eabi-5_3-2016q1/bin/../lib/gcc/arm-none-eabi/5.3.1/armv6-m/crti.o
 .data          0x00000000        0x4 /home/diederik/bin/gcc-arm-none-eabi-5_3-2016q1/bin/../lib/gcc/arm-none-eabi/5.3.1/armv6-m/crtbegin.o
 .data          0x00000000        0x0 /home/diederik/bin/gcc-arm-none-eabi-5_3-2016q1/bin/../lib/gcc/arm-none-eabi/5.3.1/../../../../arm-none-eabi/lib/armv6-m/crt0.o
 .bss           0x00000000        0x0 /home/diederik/bin/gcc-arm-none-eabi-5_3-2016q1/bin/../lib/gcc/arm-none-eabi/5.3.1/../../../../arm-none-eabi/lib/armv6-m/crt0.o
 .ARM.extab     0x00000000        0x0 /home/diederik/bin/gcc-arm-none-eabi-5_3-2016q1/bin/../lib/gcc/arm-none-eabi/5.3.1/../../../../arm-none-eabi/lib/armv6-m/crt0.o
 .text          0x00000000        0x0 /home/diederik/bin/gcc-arm-none-eabi-5_3-2016q1/bin/../lib/gcc/arm-none-eabi/5.3.1/../../../../arm-none-eabi/lib/armv6-m/libc_nano.a(lib_a-exit.o)
 .data          0x00000000        0x0 /home/diederik/bin/gcc-arm-none-eabi-5_3-2016q1/bin/../lib/gcc/arm-none-eabi/5.3.1/../../../../arm-none-eabi/lib/armv6-m/libc_nano.a(lib_a-exit.o)
 .bss           0x00000000        0x0 /home/diederik/bin/gcc-arm-none-eabi-5_3-2016q1/bin/../lib/gcc/arm-none-eabi/5.3.1/../../../../arm-none-eabi/lib/armv6-m/libc_nano.a(lib_a-exit.o)
 .text          0x00000000        0x0 /home/diederik/bin/gcc-arm-none-eabi-5_3-2016q1/bin/../lib/gcc/arm-none-eabi/5.3.1/../../../../arm-none-eabi/lib/armv6-m/libc_nano.a(lib_a-impure.o)
 .data          0x00000000        0x0 /home/diederik/bin/gcc-arm-none-eabi-5_3-2016q1/bin/../lib/gcc/arm-none-eabi/5.3.1/../../../../arm-none-eabi/lib/armv6-m/libc_nano.a(lib_a-impure.o)
 .bss           0x00000000        0x0 /home/diederik/bin/gcc-arm-none-eabi-5_3-2016q1/bin/../lib/gcc/arm-none-eabi/5.3.1/../../../../arm-none-eabi/lib/armv6-m/libc_nano.a(lib_a-impure.o)
 .data._impure_ptr
                0x00000000        0x4 /home/diederik/bin/gcc-arm-none-eabi-5_3-2016q1/bin/../lib/gcc/arm-none-eabi/5.3.1/../../../../arm-none-eabi/lib/armv6-m/libc_nano.a(lib_a-impure.o)
 .text          0x00000000        0x0 /home/diederik/bin/gcc-arm-none-eabi-5_3-2016q1/bin/../lib/gcc/arm-none-eabi/5.3.1/../../../../arm-none-eabi/lib/armv6-m/libc_nano.a(lib_a-init.o)
 .data          0x00000000        0x0 /home/diederik/bin/gcc-arm-none-eabi-5_3-2016q1/bin/../lib/gcc/arm-none-eabi/5.3.1/../../../../arm-none-eabi/lib/armv6-m/libc_nano.a(lib_a-init.o)
 .bss           0x00000000        0x0 /home/diederik/bin/gcc-arm-none-eabi-5_3-2016q1/bin/../lib/gcc/arm-none-eabi/5.3.1/../../../../arm-none-eabi/lib/armv6-m/libc_nano.a(lib_a-init.o)
 .text          0x00000000        0x0 /home/diederik/bin/gcc-arm-none-eabi-5_3-2016q1/bin/../lib/gcc/arm-none-eabi/5.3.1/../../../../arm-none-eabi/lib/armv6-m/libc_nano.a(lib_a-memset.o)
[...]
Memory Configuration

Name             Origin             Length             Attributes
FLASH            0x00000000         0x00040000         xr
RAM              0x20000000         0x00004000         xrw
*default*        0x00000000         0xffffffff

Linker script and memory map


.text           0x00000000      0xb2c
 *(.isr_vector)
 .isr_vector    0x00000000       0xc0 _build/nrf51422_xxaa_gcc_startup_nrf51.S.o
                0x00000000                __isr_vector
 *(.text*)
 .text          0x000000c0       0x60 /home/diederik/bin/gcc-arm-none-eabi-5_3-2016q1/bin/../lib/gcc/arm-none-eabi/5.3.1/armv6-m/crtbegin.o
 .text          0x00000120       0x78 /home/diederik/bin/gcc-arm-none-eabi-5_3-2016q1/bin/../lib/gcc/arm-none-eabi/5.3.1/../../../../arm-none-eabi/lib/armv6-m/crt0.o
                0x00000120                _mainCRTStartup
                0x00000120                _start
 .text.exit     0x00000198       0x2c /home/diederik/bin/gcc-arm-none-eabi-5_3-2016q1/bin/../lib/gcc/arm-none-eabi/5.3.1/../../../../arm-none-eabi/lib/armv6-m/libc_nano.a(lib_a-exit.o)
                0x00000198                exit
 .text.__libc_init_array
                0x000001c4       0x4c /home/diederik/bin/gcc-arm-none-eabi-5_3-2016q1/bin/../lib/gcc/arm-none-eabi/5.3.1/../../../../arm-none-eabi/lib/armv6-m/libc_nano.a(lib_a-init.o)
                0x000001c4                __libc_init_array
 .text.memset   0x00000210       0x10 /home/diederik/bin/gcc-arm-none-eabi-5_3-2016q1/bin/../lib/gcc/arm-none-eabi/5.3.1/../../../../arm-none-eabi/lib/armv6-m/libc_nano.a(lib_a-memset.o)
                0x00000210                memset
 .text._exit    0x00000220        0x4 /home/diederik/bin/gcc-arm-none-eabi-5_3-2016q1/bin/../lib/gcc/arm-none-eabi/5.3.1/../../../../arm-none-eabi/lib/armv6-m/libnosys.a(_exit.o)
                0x00000220                _exit
 .text          0x00000224       0x4c _build/nrf51422_xxaa_gcc_startup_nrf51.S.o
                0x00000224                Reset_Handler
                0x00000264                NMI_Handler
                0x00000266                HardFault_Handler
                0x00000268                SVC_Handler
                0x0000026a                PendSV_Handler
                0x0000026c                SysTick_Handler
                0x0000026e                TIMER2_IRQHandler
                0x0000026e                SPI0_TWI0_IRQHandler
                0x0000026e                RTC0_IRQHandler
                0x0000026e                GPIOTE_IRQHandler
                0x0000026e                RADIO_IRQHandler
                0x0000026e                LPCOMP_IRQHandler
                0x0000026e                SWI4_IRQHandler
                0x0000026e                TEMP_IRQHandler
                0x0000026e                QDEC_IRQHandler
                0x0000026e                UART0_IRQHandler
                0x0000026e                SWI5_IRQHandler
                0x0000026e                TIMER0_IRQHandler
                0x0000026e                TIMER1_IRQHandler
                0x0000026e                ECB_IRQHandler
                0x0000026e                Default_Handler
                0x0000026e                ADC_IRQHandler
                0x0000026e                SWI3_IRQHandler
                0x0000026e                CCM_AAR_IRQHandler
                0x0000026e                WDT_IRQHandler
                0x0000026e                SWI2_IRQHandler
                0x0000026e                RNG_IRQHandler
                0x0000026e                SPI1_TWI1_IRQHandler
                0x0000026e                SWI1_IRQHandler
 .text.SystemInit
                0x00000270       0xe4 _build/nrf51422_xxaa_system_nrf51.c.o
                0x00000270                SystemInit
 .text.startup.main
                0x00000354      0x128 _build/nrf51422_xxaa_main.c.o
                0x00000354                main
 .text.app_error_handler_bare
                0x0000047c       0x20 _build/nrf51422_xxaa_app_error.c.o
                0x0000047c                app_error_handler_bare
 .text.app_error_fault_handler
                0x0000049c       0x1c _build/nrf51422_xxaa_app_error_weak.c.o
                0x0000049c                app_error_fault_handler
 .text.RTC1_IRQHandler
                0x000004b8       0xdc _build/nrf51422_xxaa_app_timer.c.o
                0x000004b8                RTC1_IRQHandler
 .text.SWI0_IRQHandler
                0x00000594      0x4fc _build/nrf51422_xxaa_app_timer.c.o
                0x00000594                SWI0_IRQHandler
 .text.POWER_CLOCK_IRQHandler
                0x00000a90       0x78 _build/nrf51422_xxaa_nrf_drv_clock.c.o
                0x00000a90                POWER_CLOCK_IRQHandler
 *(.init)
 .init          0x00000b08        0x4 /home/diederik/bin/gcc-arm-none-eabi-5_3-2016q1/bin/../lib/gcc/arm-none-eabi/5.3.1/armv6-m/crti.o
                0x00000b08                _init
 .init          0x00000b0c        0x8 /home/diederik/bin/gcc-arm-none-eabi-5_3-2016q1/bin/../lib/gcc/arm-none-eabi/5.3.1/armv6-m/crtn.o
 *(.fini)
 .fini          0x00000b14        0x4 /home/diederik/bin/gcc-arm-none-eabi-5_3-2016q1/bin/../lib/gcc/arm-none-eabi/5.3.1/armv6-m/crti.o
                0x00000b14                _fini
 .fini          0x00000b18        0x8 /home/diederik/bin/gcc-arm-none-eabi-5_3-2016q1/bin/../lib/gcc/arm-none-eabi/5.3.1/armv6-m/crtn.o
 *crtbegin.o(.ctors)
 *crtbegin?.o(.ctors)
 *(EXCLUDE_FILE(*crtend.o *crtend?.o) .ctors)
 *(SORT(.ctors.*))
 *(.ctors)
 *crtbegin.o(.dtors)
 *crtbegin?.o(.dtors)
 *(EXCLUDE_FILE(*crtend.o *crtend?.o) .dtors)
 *(SORT(.dtors.*))
 *(.dtors)
 *(.rodata*)
 .rodata.str1.1
                0x00000b20        0x2 /home/diederik/bin/gcc-arm-none-eabi-5_3-2016q1/bin/../lib/gcc/arm-none-eabi/5.3.1/../../../../arm-none-eabi/lib/armv6-m/libc_nano.a(lib_a-impure.o)
 *fill*         0x00000b22        0x2 
 .rodata._global_impure_ptr
                0x00000b24        0x4 /home/diederik/bin/gcc-arm-none-eabi-5_3-2016q1/bin/../lib/gcc/arm-none-eabi/5.3.1/../../../../arm-none-eabi/lib/armv6-m/libc_nano.a(lib_a-impure.o)
                0x00000b24                _global_impure_ptr
 *(.eh_frame*)
 .eh_frame      0x00000b28        0x0 /home/diederik/bin/gcc-arm-none-eabi-5_3-2016q1/bin/../lib/gcc/arm-none-eabi/5.3.1/armv6-m/crtbegin.o
 .eh_frame      0x00000b28        0x4 /home/diederik/bin/gcc-arm-none-eabi-5_3-2016q1/bin/../lib/gcc/arm-none-eabi/5.3.1/armv6-m/crtend.o

.glue_7         0x00000b2c        0x0
 .glue_7        0x00000b2c        0x0 linker stubs

.glue_7t        0x00000b2c        0x0
 .glue_7t       0x00000b2c        0x0 linker stubs

.vfp11_veneer   0x00000b2c        0x0
 .vfp11_veneer  0x00000b2c        0x0 linker stubs

.v4_bx          0x00000b2c        0x0
 .v4_bx         0x00000b2c        0x0 linker stubs

.iplt           0x00000b2c        0x0
 .iplt          0x00000b2c        0x0 /home/diederik/bin/gcc-arm-none-eabi-5_3-2016q1/bin/../lib/gcc/arm-none-eabi/5.3.1/armv6-m/crtbegin.o

.ARM.extab
 *(.ARM.extab* .gnu.linkonce.armextab.*)
                0x00000b2c                __exidx_start = .

.ARM.exidx      0x00000b2c        0x8
 *(.ARM.exidx* .gnu.linkonce.armexidx.*)
 .ARM.exidx     0x00000b2c        0x8 /home/diederik/bin/gcc-arm-none-eabi-5_3-2016q1/bin/../lib/gcc/arm-none-eabi/5.3.1/../../../../arm-none-eabi/lib/armv6-m/crt0.o
                0x00000b34                __exidx_end = .
                0x00000b34                __etext = .

.rel.dyn        0x00000b34        0x0
 .rel.iplt      0x00000b34        0x0 /home/diederik/bin/gcc-arm-none-eabi-5_3-2016q1/bin/../lib/gcc/arm-none-eabi/5.3.1/armv6-m/crtbegin.o

.data           0x20000000       0x70 load address 0x00000b34
                0x20000000                __data_start__ = .
 *(vtable)
 *(.data*)
 .data.impure_data
                0x20000000       0x60 /home/diederik/bin/gcc-arm-none-eabi-5_3-2016q1/bin/../lib/gcc/arm-none-eabi/5.3.1/../../../../arm-none-eabi/lib/armv6-m/libc_nano.a(lib_a-impure.o)
 .data.SystemCoreClock
                0x20000060        0x4 _build/nrf51422_xxaa_system_nrf51.c.o
                0x20000060                SystemCoreClock
                0x20000064                . = ALIGN (0x4)
                0x20000064                PROVIDE (__preinit_array_start, .)
 *(.preinit_array)
                0x20000064                PROVIDE (__preinit_array_end, .)
                0x20000064                . = ALIGN (0x4)
                0x20000064                PROVIDE (__init_array_start, .)
 *(SORT(.init_array.*))
 *(.init_array)
 .init_array    0x20000064        0x4 /home/diederik/bin/gcc-arm-none-eabi-5_3-2016q1/bin/../lib/gcc/arm-none-eabi/5.3.1/armv6-m/crtbegin.o
                0x20000068                PROVIDE (__init_array_end, .)
                0x20000068                . = ALIGN (0x4)
                [!provide]                PROVIDE (__fini_array_start, .)
 *(SORT(.fini_array.*))
 *(.fini_array)
 .fini_array    0x20000068        0x4 /home/diederik/bin/gcc-arm-none-eabi-5_3-2016q1/bin/../lib/gcc/arm-none-eabi/5.3.1/armv6-m/crtbegin.o
                [!provide]                PROVIDE (__fini_array_end, .)
 *(.jcr*)
 .jcr           0x2000006c        0x0 /home/diederik/bin/gcc-arm-none-eabi-5_3-2016q1/bin/../lib/gcc/arm-none-eabi/5.3.1/armv6-m/crtbegin.o
 .jcr           0x2000006c        0x4 /home/diederik/bin/gcc-arm-none-eabi-5_3-2016q1/bin/../lib/gcc/arm-none-eabi/5.3.1/armv6-m/crtend.o
                0x20000070                . = ALIGN (0x4)
                0x20000070                __data_end__ = .
LOAD /home/diederik/bin/gcc-arm-none-eabi-5_3-2016q1/bin/../lib/gcc/arm-none-eabi/5.3.1/armv6-m/crti.o
LOAD /home/diederik/bin/gcc-arm-none-eabi-5_3-2016q1/bin/../lib/gcc/arm-none-eabi/5.3.1/armv6-m/crtbegin.o
LOAD /home/diederik/bin/gcc-arm-none-eabi-5_3-2016q1/bin/../lib/gcc/arm-none-eabi/5.3.1/../../../../arm-none-eabi/lib/armv6-m/crt0.o
LOAD /home/diederik/bin/gcc-arm-none-eabi-5_3-2016q1/bin/../lib/gcc/arm-none-eabi/5.3.1/../../../../arm-none-eabi/lib/armv6-m/libc_nano.a
LOAD /home/diederik/bin/gcc-arm-none-eabi-5_3-2016q1/bin/../lib/gcc/arm-none-eabi/5.3.1/../../../../arm-none-eabi/lib/armv6-m/libnosys.a
LOAD _build/nrf51422_xxaa_gcc_startup_nrf51.S.o
LOAD _build/nrf51422_xxaa_system_nrf51.c.o
LOAD _build/nrf51422_xxaa_main.c.o
LOAD _build/nrf51422_xxaa_app_error.c.o
LOAD _build/nrf51422_xxaa_app_error_weak.c.o
LOAD _build/nrf51422_xxaa_app_fifo.c.o
LOAD _build/nrf51422_xxaa_app_timer.c.o
LOAD _build/nrf51422_xxaa_app_util_platform.c.o
LOAD _build/nrf51422_xxaa_hardfault_implementation.c.o
LOAD _build/nrf51422_xxaa_nrf_assert.c.o
LOAD _build/nrf51422_xxaa_nrf_drv_clock.c.o
LOAD _build/nrf51422_xxaa_nrf_drv_common.c.o
LOAD _build/nrf51422_xxaa_nrf_nvic.c.o
LOAD _build/nrf51422_xxaa_nrf_soc.c.o
LOAD /home/diederik/bin/gcc-arm-none-eabi-5_3-2016q1/bin/../lib/gcc/arm-none-eabi/5.3.1/../../../../arm-none-eabi/lib/armv6-m/libm.a
START GROUP
LOAD /home/diederik/bin/gcc-arm-none-eabi-5_3-2016q1/bin/../lib/gcc/arm-none-eabi/5.3.1/armv6-m/libgcc.a
LOAD /home/diederik/bin/gcc-arm-none-eabi-5_3-2016q1/bin/../lib/gcc/arm-none-eabi/5.3.1/../../../../arm-none-eabi/lib/armv6-m/libc_nano.a
END GROUP
START GROUP
LOAD /home/diederik/bin/gcc-arm-none-eabi-5_3-2016q1/bin/../lib/gcc/arm-none-eabi/5.3.1/armv6-m/libgcc.a
LOAD /home/diederik/bin/gcc-arm-none-eabi-5_3-2016q1/bin/../lib/gcc/arm-none-eabi/5.3.1/../../../../arm-none-eabi/lib/armv6-m/libc_nano.a
END GROUP
LOAD /home/diederik/bin/gcc-arm-none-eabi-5_3-2016q1/bin/../lib/gcc/arm-none-eabi/5.3.1/armv6-m/crtend.o
LOAD /home/diederik/bin/gcc-arm-none-eabi-5_3-2016q1/bin/../lib/gcc/arm-none-eabi/5.3.1/armv6-m/crtn.o
START GROUP
LOAD /home/diederik/bin/gcc-arm-none-eabi-5_3-2016q1/bin/../lib/gcc/arm-none-eabi/5.3.1/armv6-m/libgcc.a
LOAD /home/diederik/bin/gcc-arm-none-eabi-5_3-2016q1/bin/../lib/gcc/arm-none-eabi/5.3.1/../../../../arm-none-eabi/lib/armv6-m/libc.a
LOAD /home/diederik/bin/gcc-arm-none-eabi-5_3-2016q1/bin/../lib/gcc/arm-none-eabi/5.3.1/../../../../arm-none-eabi/lib/armv6-m/libnosys.a
END GROUP

.igot.plt       0x20000070        0x0 load address 0x00000ba4
 .igot.plt      0x20000070        0x0 /home/diederik/bin/gcc-arm-none-eabi-5_3-2016q1/bin/../lib/gcc/arm-none-eabi/5.3.1/armv6-m/crtbegin.o

.fs_data        0x20000070        0x0
                [!provide]                PROVIDE (__start_fs_data, .)
 *(.fs_data)
                [!provide]                PROVIDE (__stop_fs_data, .)

.bss            0x20000070       0x54 load address 0x00000ba4
                0x20000070                . = ALIGN (0x4)
                0x20000070                __bss_start__ = .
 *(.bss*)
 .bss           0x20000070       0x1c /home/diederik/bin/gcc-arm-none-eabi-5_3-2016q1/bin/../lib/gcc/arm-none-eabi/5.3.1/armv6-m/crtbegin.o
 .bss.m_ticks_latest
                0x2000008c        0x4 _build/nrf51422_xxaa_app_timer.c.o
 .bss.mp_timer_id_head
                0x20000090        0x4 _build/nrf51422_xxaa_app_timer.c.o
 .bss.m_evt_schedule_func
                0x20000094        0x4 _build/nrf51422_xxaa_app_timer.c.o
 .bss.m_ticks_elapsed_q_read_ind
                0x20000098        0x1 _build/nrf51422_xxaa_app_timer.c.o
 .bss.m_ticks_elapsed_q_write_ind
                0x20000099        0x1 _build/nrf51422_xxaa_app_timer.c.o
 .bss.m_rtc1_reset
                0x2000009a        0x1 _build/nrf51422_xxaa_app_timer.c.o
 *fill*         0x2000009b        0x1 
 .bss.m_op_queue
                0x2000009c        0x8 _build/nrf51422_xxaa_app_timer.c.o
 .bss.m_ticks_elapsed
                0x200000a4        0x8 _build/nrf51422_xxaa_app_timer.c.o
 .bss.m_rtc1_running
                0x200000ac        0x1 _build/nrf51422_xxaa_app_timer.c.o
 *fill*         0x200000ad        0x3 
 .bss.m_clock_cb
                0x200000b0       0x14 _build/nrf51422_xxaa_nrf_drv_clock.c.o
 *(COMMON)
                0x200000c4                . = ALIGN (0x4)
                0x200000c4                __bss_end__ = .

.heap           0x200000c8      0x800
                0x200000c8                __HeapBase = .
                0x200000c8                __end__ = .
                [!provide]                PROVIDE (end, .)
 *(.heap*)
 .heap          0x200000c8      0x800 _build/nrf51422_xxaa_gcc_startup_nrf51.S.o
                0x200008c8                __HeapLimit = .

.stack_dummy    0x200000c8      0x800
 *(.stack*)
 .stack         0x200000c8      0x800 _build/nrf51422_xxaa_gcc_startup_nrf51.S.o
                0x20004000                __StackTop = (ORIGIN (RAM) + LENGTH (RAM))
                0x20003800                __StackLimit = (__StackTop - SIZEOF (.stack_dummy))
                0x20004000                PROVIDE (__stack, __StackTop)
                0x00000001                ASSERT ((__StackLimit >= __HeapLimit), region RAM overflowed with stack)
OUTPUT(_build/nrf51422_xxaa.out elf32-littlearm)

.ARM.attributes
                0x00000000       0x28
 .ARM.attributes
                0x00000000       0x1e /home/diederik/bin/gcc-arm-none-eabi-5_3-2016q1/bin/../lib/gcc/arm-none-eabi/5.3.1/armv6-m/crti.o
 .ARM.attributes
                0x0000001e       0x2c /home/diederik/bin/gcc-arm-none-eabi-5_3-2016q1/bin/../lib/gcc/arm-none-eabi/5.3.1/armv6-m/crtbegin.o
 .ARM.attributes
                0x0000004a       0x1b /home/diederik/bin/gcc-arm-none-eabi-5_3-2016q1/bin/../lib/gcc/arm-none-eabi/5.3.1/../../../../arm-none-eabi/lib/armv6-m/crt0.o
 .ARM.attributes
                0x00000065       0x2c /home/diederik/bin/gcc-arm-none-eabi-5_3-2016q1/bin/../lib/gcc/arm-none-eabi/5.3.1/../../../../arm-none-eabi/lib/armv6-m/libc_nano.a(lib_a-exit.o)
 .ARM.attributes
                0x00000091       0x2c /home/diederik/bin/gcc-arm-none-eabi-5_3-2016q1/bin/../lib/gcc/arm-none-eabi/5.3.1/../../../../arm-none-eabi/lib/armv6-m/libc_nano.a(lib_a-impure.o)
 .ARM.attributes
                0x000000bd       0x2c /home/diederik/bin/gcc-arm-none-eabi-5_3-2016q1/bin/../lib/gcc/arm-none-eabi/5.3.1/../../../../arm-none-eabi/lib/armv6-m/libc_nano.a(lib_a-init.o)
 .ARM.attributes
                0x000000e9       0x2c /home/diederik/bin/gcc-arm-none-eabi-5_3-2016q1/bin/../lib/gcc/arm-none-eabi/5.3.1/../../../../arm-none-eabi/lib/armv6-m/libc_nano.a(lib_a-memset.o)
 .ARM.attributes
                0x00000115       0x2c /home/diederik/bin/gcc-arm-none-eabi-5_3-2016q1/bin/../lib/gcc/arm-none-eabi/5.3.1/../../../../arm-none-eabi/lib/armv6-m/libnosys.a(_exit.o)
 .ARM.attributes
                0x00000141       0x1b _build/nrf51422_xxaa_gcc_startup_nrf51.S.o
 .ARM.attributes
                0x0000015c       0x31 _build/nrf51422_xxaa_system_nrf51.c.o
 .ARM.attributes
                0x0000018d       0x31 _build/nrf51422_xxaa_main.c.o
 .ARM.attributes
                0x000001be       0x31 _build/nrf51422_xxaa_app_error.c.o
 .ARM.attributes
                0x000001ef       0x31 _build/nrf51422_xxaa_app_error_weak.c.o
 .ARM.attributes
                0x00000220       0x31 _build/nrf51422_xxaa_app_timer.c.o
 .ARM.attributes
                0x00000251       0x31 _build/nrf51422_xxaa_nrf_drv_clock.c.o
 .ARM.attributes
                0x00000282       0x2c /home/diederik/bin/gcc-arm-none-eabi-5_3-2016q1/bin/../lib/gcc/arm-none-eabi/5.3.1/armv6-m/crtend.o
 .ARM.attributes
                0x000002ae       0x1e /home/diederik/bin/gcc-arm-none-eabi-5_3-2016q1/bin/../lib/gcc/arm-none-eabi/5.3.1/armv6-m/crtn.o

.comment        0x00000000       0x6e
 .comment       0x00000000       0x6e _build/nrf51422_xxaa_system_nrf51.c.o
                                 0x6f (size before relaxing)
 .comment       0x0000006e       0x6f _build/nrf51422_xxaa_main.c.o
 .comment       0x0000006e       0x6f _build/nrf51422_xxaa_app_error.c.o
 .comment       0x0000006e       0x6f _build/nrf51422_xxaa_app_error_weak.c.o
 .comment       0x0000006e       0x6f _build/nrf51422_xxaa_app_timer.c.o
 .comment       0x0000006e       0x6f _build/nrf51422_xxaa_nrf_drv_clock.c.o

.debug_frame    0x00000000      0x3a4
 .debug_frame   0x00000000       0x28 /home/diederik/bin/gcc-arm-none-eabi-5_3-2016q1/bin/../lib/gcc/arm-none-eabi/5.3.1/../../../../arm-none-eabi/lib/armv6-m/libc_nano.a(lib_a-exit.o)
 .debug_frame   0x00000028       0x2c /home/diederik/bin/gcc-arm-none-eabi-5_3-2016q1/bin/../lib/gcc/arm-none-eabi/5.3.1/../../../../arm-none-eabi/lib/armv6-m/libc_nano.a(lib_a-init.o)
 .debug_frame   0x00000054       0x20 /home/diederik/bin/gcc-arm-none-eabi-5_3-2016q1/bin/../lib/gcc/arm-none-eabi/5.3.1/../../../../arm-none-eabi/lib/armv6-m/libc_nano.a(lib_a-memset.o)
 .debug_frame   0x00000074       0x20 /home/diederik/bin/gcc-arm-none-eabi-5_3-2016q1/bin/../lib/gcc/arm-none-eabi/5.3.1/../../../../arm-none-eabi/lib/armv6-m/libnosys.a(_exit.o)
 .debug_frame   0x00000094       0x30 _build/nrf51422_xxaa_system_nrf51.c.o
 .debug_frame   0x000000c4       0x38 _build/nrf51422_xxaa_main.c.o
 .debug_frame   0x000000fc       0x5c _build/nrf51422_xxaa_app_error.c.o
 .debug_frame   0x00000158       0x20 _build/nrf51422_xxaa_app_error_weak.c.o
 .debug_frame   0x00000178      0x11c _build/nrf51422_xxaa_app_timer.c.o
 .debug_frame   0x00000294      0x110 _build/nrf51422_xxaa_nrf_drv_clock.c.o

.debug_info     0x00000000     0x34af
 .debug_info    0x00000000      0x1e2 _build/nrf51422_xxaa_system_nrf51.c.o
 .debug_info    0x000001e2      0x465 _build/nrf51422_xxaa_main.c.o
 .debug_info    0x00000647      0x328 _build/nrf51422_xxaa_app_error.c.o
 .debug_info    0x0000096f      0x1f3 _build/nrf51422_xxaa_app_error_weak.c.o
 .debug_info    0x00000b62     0x19fd _build/nrf51422_xxaa_app_timer.c.o
 .debug_info    0x0000255f      0xf50 _build/nrf51422_xxaa_nrf_drv_clock.c.o

.debug_abbrev   0x00000000      0xcac
 .debug_abbrev  0x00000000       0xfe _build/nrf51422_xxaa_system_nrf51.c.o
 .debug_abbrev  0x000000fe      0x1be _build/nrf51422_xxaa_main.c.o
 .debug_abbrev  0x000002bc      0x129 _build/nrf51422_xxaa_app_error.c.o
 .debug_abbrev  0x000003e5      0x11a _build/nrf51422_xxaa_app_error_weak.c.o
 .debug_abbrev  0x000004ff      0x402 _build/nrf51422_xxaa_app_timer.c.o
 .debug_abbrev  0x00000901      0x3ab _build/nrf51422_xxaa_nrf_drv_clock.c.o

.debug_aranges  0x00000000      0x170
 .debug_aranges
                0x00000000       0x28 _build/nrf51422_xxaa_system_nrf51.c.o
 .debug_aranges
                0x00000028       0x20 _build/nrf51422_xxaa_main.c.o
 .debug_aranges
                0x00000048       0x30 _build/nrf51422_xxaa_app_error.c.o
 .debug_aranges
                0x00000078       0x20 _build/nrf51422_xxaa_app_error_weak.c.o
 .debug_aranges
                0x00000098       0x60 _build/nrf51422_xxaa_app_timer.c.o
 .debug_aranges
                0x000000f8       0x78 _build/nrf51422_xxaa_nrf_drv_clock.c.o

.debug_ranges   0x00000000      0x8f8
 .debug_ranges  0x00000000       0x68 _build/nrf51422_xxaa_system_nrf51.c.o
 .debug_ranges  0x00000068       0xc8 _build/nrf51422_xxaa_main.c.o
 .debug_ranges  0x00000130       0x20 _build/nrf51422_xxaa_app_error.c.o
 .debug_ranges  0x00000150       0x10 _build/nrf51422_xxaa_app_error_weak.c.o
 .debug_ranges  0x00000160      0x4e0 _build/nrf51422_xxaa_app_timer.c.o
 .debug_ranges  0x00000640      0x2b8 _build/nrf51422_xxaa_nrf_drv_clock.c.o

.debug_macro    0x00000000     0xa622
 .debug_macro   0x00000000       0xdf _build/nrf51422_xxaa_system_nrf51.c.o
 .debug_macro   0x000000df      0x832 _build/nrf51422_xxaa_system_nrf51.c.o
 .debug_macro   0x00000911       0x22 _build/nrf51422_xxaa_system_nrf51.c.o
 .debug_macro   0x00000933       0x4f _build/nrf51422_xxaa_system_nrf51.c.o
 .debug_macro   0x00000982       0x44 _build/nrf51422_xxaa_system_nrf51.c.o
 .debug_macro   0x000009c6       0xfd _build/nrf51422_xxaa_system_nrf51.c.o
 .debug_macro   0x00000ac3       0x22 _build/nrf51422_xxaa_system_nrf51.c.o
 .debug_macro   0x00000ae5      0x1df _build/nrf51422_xxaa_system_nrf51.c.o
 .debug_macro   0x00000cc4       0x22 _build/nrf51422_xxaa_system_nrf51.c.o
 .debug_macro   0x00000ce6       0x1c _build/nrf51422_xxaa_system_nrf51.c.o
 .debug_macro   0x00000d02       0x22 _build/nrf51422_xxaa_system_nrf51.c.o
 .debug_macro   0x00000d24       0x3a _build/nrf51422_xxaa_system_nrf51.c.o
 .debug_macro   0x00000d5e       0x26 _build/nrf51422_xxaa_system_nrf51.c.o
 .debug_macro   0x00000d84      0x30d _build/nrf51422_xxaa_system_nrf51.c.o
 .debug_macro   0x00001091      0x1b6 _build/nrf51422_xxaa_system_nrf51.c.o
 .debug_macro   0x00001247     0x64f6 _build/nrf51422_xxaa_system_nrf51.c.o
 .debug_macro   0x0000773d      0x97c _build/nrf51422_xxaa_system_nrf51.c.o
 .debug_macro   0x000080b9       0x1c _build/nrf51422_xxaa_system_nrf51.c.o
 .debug_macro   0x000080d5      0x115 _build/nrf51422_xxaa_main.c.o
 .debug_macro   0x000081ea       0x10 _build/nrf51422_xxaa_main.c.o
 .debug_macro   0x000081fa      0x266 _build/nrf51422_xxaa_main.c.o
 .debug_macro   0x00008460       0x22 _build/nrf51422_xxaa_main.c.o
 .debug_macro   0x00008482       0x4c _build/nrf51422_xxaa_main.c.o
 .debug_macro   0x000084ce      0x26d _build/nrf51422_xxaa_app_error.c.o
 .debug_macro   0x0000873b       0x34 _build/nrf51422_xxaa_app_error.c.o
 .debug_macro   0x0000876f       0x52 _build/nrf51422_xxaa_app_error.c.o
 .debug_macro   0x000087c1       0x35 _build/nrf51422_xxaa_app_error.c.o
 .debug_macro   0x000087f6       0x9c _build/nrf51422_xxaa_app_error.c.o
 .debug_macro   0x00008892       0x16 _build/nrf51422_xxaa_app_error.c.o
 .debug_macro   0x000088a8       0x97 _build/nrf51422_xxaa_app_error.c.o
 .debug_macro   0x0000893f      0x330 _build/nrf51422_xxaa_app_error.c.o
 .debug_macro   0x00008c6f       0xf6 _build/nrf51422_xxaa_app_error.c.o
 .debug_macro   0x00008d65       0x10 _build/nrf51422_xxaa_app_error.c.o
 .debug_macro   0x00008d75       0x52 _build/nrf51422_xxaa_app_error.c.o
 .debug_macro   0x00008dc7       0x16 _build/nrf51422_xxaa_app_error.c.o
 .debug_macro   0x00008ddd       0x43 _build/nrf51422_xxaa_app_error.c.o
 .debug_macro   0x00008e20      0x187 _build/nrf51422_xxaa_app_error.c.o
 .debug_macro   0x00008fa7       0x22 _build/nrf51422_xxaa_app_error.c.o
 .debug_macro   0x00008fc9       0x55 _build/nrf51422_xxaa_app_error.c.o
 .debug_macro   0x0000901e       0x16 _build/nrf51422_xxaa_app_error.c.o
 .debug_macro   0x00009034      0x143 _build/nrf51422_xxaa_app_error.c.o
 .debug_macro   0x00009177       0x8e _build/nrf51422_xxaa_app_error.c.o
 .debug_macro   0x00009205       0x70 _build/nrf51422_xxaa_app_error.c.o
 .debug_macro   0x00009275      0x151 _build/nrf51422_xxaa_app_error.c.o
 .debug_macro   0x000093c6       0x2b _build/nrf51422_xxaa_app_error.c.o
 .debug_macro   0x000093f1      0x21c _build/nrf51422_xxaa_app_error.c.o
 .debug_macro   0x0000960d       0x1c _build/nrf51422_xxaa_app_error.c.o
 .debug_macro   0x00009629       0x83 _build/nrf51422_xxaa_app_error.c.o
 .debug_macro   0x000096ac       0x10 _build/nrf51422_xxaa_app_error.c.o
 .debug_macro   0x000096bc       0x35 _build/nrf51422_xxaa_app_error.c.o
 .debug_macro   0x000096f1      0x45d _build/nrf51422_xxaa_app_error.c.o
 .debug_macro   0x00009b4e      0x16c _build/nrf51422_xxaa_app_error.c.o
 .debug_macro   0x00009cba       0x59 _build/nrf51422_xxaa_app_error.c.o
 .debug_macro   0x00009d13       0x28 _build/nrf51422_xxaa_app_error.c.o
 .debug_macro   0x00009d3b       0x22 _build/nrf51422_xxaa_app_error.c.o
 .debug_macro   0x00009d5d      0x26d _build/nrf51422_xxaa_app_error_weak.c.o
 .debug_macro   0x00009fca       0x16 _build/nrf51422_xxaa_app_error_weak.c.o
 .debug_macro   0x00009fe0      0x2ea _build/nrf51422_xxaa_app_timer.c.o
 .debug_macro   0x0000a2ca       0x35 _build/nrf51422_xxaa_app_timer.c.o
 .debug_macro   0x0000a2ff       0x10 _build/nrf51422_xxaa_app_timer.c.o
 .debug_macro   0x0000a30f       0x62 _build/nrf51422_xxaa_app_timer.c.o
 .debug_macro   0x0000a371      0x291 _build/nrf51422_xxaa_nrf_drv_clock.c.o
 .debug_macro   0x0000a602       0x10 _build/nrf51422_xxaa_nrf_drv_clock.c.o
 .debug_macro   0x0000a612       0x10 _build/nrf51422_xxaa_nrf_drv_clock.c.o

.debug_line     0x00000000     0x2535
 .debug_line    0x00000000      0x34f _build/nrf51422_xxaa_system_nrf51.c.o
 .debug_line    0x0000034f      0x44c _build/nrf51422_xxaa_main.c.o
 .debug_line    0x0000079b      0x5a7 _build/nrf51422_xxaa_app_error.c.o
 .debug_line    0x00000d42      0x56a _build/nrf51422_xxaa_app_error_weak.c.o
 .debug_line    0x000012ac      0xa55 _build/nrf51422_xxaa_app_timer.c.o
 .debug_line    0x00001d01      0x834 _build/nrf51422_xxaa_nrf_drv_clock.c.o

.debug_str      0x00000000    0x3412e
 .debug_str     0x00000000    0x29b7d _build/nrf51422_xxaa_system_nrf51.c.o
                              0x29cf5 (size before relaxing)
 .debug_str     0x00029b7d     0x127d _build/nrf51422_xxaa_main.c.o
                              0x2ae68 (size before relaxing)
 .debug_str     0x0002adfa     0x7509 _build/nrf51422_xxaa_app_error.c.o
                              0x311da (size before relaxing)
 .debug_str     0x00032303       0x9a _build/nrf51422_xxaa_app_error_weak.c.o
                              0x31127 (size before relaxing)
 .debug_str     0x0003239d     0x1450 _build/nrf51422_xxaa_app_timer.c.o
                              0x2fdba (size before relaxing)
 .debug_str     0x000337ed      0x941 _build/nrf51422_xxaa_nrf_drv_clock.c.o
                              0x2f56b (size before relaxing)

.debug_loc      0x00000000     0x15dd
 .debug_loc     0x00000000      0x1b5 _build/nrf51422_xxaa_main.c.o
 .debug_loc     0x000001b5      0x149 _build/nrf51422_xxaa_app_error.c.o
 .debug_loc     0x000002fe       0x21 _build/nrf51422_xxaa_app_error_weak.c.o
 .debug_loc     0x0000031f      0xf21 _build/nrf51422_xxaa_app_timer.c.o
 .debug_loc     0x00001240      0x39d _build/nrf51422_xxaa_nrf_drv_clock.c.o
